Archive member included to satisfy reference by file (symbol)

C:\Eclipse\Firmware\CoreN2G\SAME5x_CAN_RTOS\libCoreN2G.a(hpl_nvmctrl.o)
                              ./src/CAN/CanInterface.o (_user_area_write)
C:\Eclipse\Firmware\CoreN2G\SAME5x_CAN_RTOS\libCoreN2G.a(AnalogIn.o)
                              ./src/Hardware/SAME5x/Devices.o (TaskLoop)
C:\Eclipse\Firmware\CoreN2G\SAME5x_CAN_RTOS\libCoreN2G.a(Startup.o)
                              (Reset_Handler)
C:\Eclipse\Firmware\CoreN2G\SAME5x_CAN_RTOS\libCoreN2G.a(Vectors.o)
                              ./src/Platform.o (SystemCoreClock)
C:\Eclipse\Firmware\CoreN2G\SAME5x_CAN_RTOS\libCoreN2G.a(AnalogOut.o)
                              ./src/Hardware/SAME5x/Devices.o (AnalogOut::Init())
C:\Eclipse\Firmware\CoreN2G\SAME5x_CAN_RTOS\libCoreN2G.a(AsyncSerial.o)
                              ./src/Hardware/SAME5x/Devices.o (AsyncSerial::AsyncSerial(unsigned char, unsigned char, unsigned int, unsigned int, void (*)(AsyncSerial*) noexcept, void (*)(AsyncSerial*) noexcept))
C:\Eclipse\Firmware\CoreN2G\SAME5x_CAN_RTOS\libCoreN2G.a(DmacManager.o)
                              ./src/Movement/StepperDrivers/TMC51xx.o (DmacManager::SetBtctrl(unsigned char, unsigned short))
C:\Eclipse\Firmware\CoreN2G\SAME5x_CAN_RTOS\libCoreN2G.a(Flash.o)
                              ./src/Tasks.o (Flash::Init())
C:\Eclipse\Firmware\CoreN2G\SAME5x_CAN_RTOS\libCoreN2G.a(Interrupts.o)
                              ./src/Hardware/IoPorts.o (attachInterrupt(unsigned char, void (*)(CallbackParameter) noexcept, InterruptMode, CallbackParameter))
C:\Eclipse\Firmware\CoreN2G\SAME5x_CAN_RTOS\libCoreN2G.a(Serial.o)
                              ./src/Movement/StepperDrivers/TMC51xx.o (Serial::EnableSercomClock(unsigned char))
C:\Eclipse\Firmware\CoreN2G\SAME5x_CAN_RTOS\libCoreN2G.a(Cache.o)
                              ./src/Tasks.o (Cache::Init())
C:\Eclipse\Firmware\CoreN2G\SAME5x_CAN_RTOS\libCoreN2G.a(CanDevice.o)
                              ./src/CAN/CanInterface.o (CanDevice::Init(unsigned int, unsigned int, CanDevice::Config const&, unsigned long*, CanTiming const&, void (*)(unsigned char, CanId, unsigned short) noexcept))
C:\Eclipse\Firmware\CoreN2G\SAME5x_CAN_RTOS\libCoreN2G.a(CoreIO.o)
                              ./src/Heating/Sensors/RtdSensor31865.o (DelayCycles)
C:\Eclipse\Firmware\CoreN2G\SAME5x_CAN_RTOS\libCoreN2G.a(Stream.o)
                              C:\Eclipse\Firmware\CoreN2G\SAME5x_CAN_RTOS\libCoreN2G.a(AsyncSerial.o) (Stream::readBytes(char*, unsigned int))
C:\Eclipse\Firmware\CoreN2G\SAME5x_CAN_RTOS\libCoreN2G.a(hal_flash.o)
                              C:\Eclipse\Firmware\CoreN2G\SAME5x_CAN_RTOS\libCoreN2G.a(Flash.o) (flash_init)
C:\Eclipse\Firmware\CoreN2G\SAME5x_CAN_RTOS\libCoreN2G.a(Print.o)
                              C:\Eclipse\Firmware\CoreN2G\SAME5x_CAN_RTOS\libCoreN2G.a(Stream.o) (Print::write(unsigned char const*, unsigned int))
C:\Eclipse\Firmware\CANlib\SAME51_RTOS\libCANlib.a(CanMessageBuffer.o)
                              ./src/CAN/CanInterface.o (CanMessageBuffer::Init(unsigned int))
C:\Eclipse\Firmware\CANlib\SAME51_RTOS\libCANlib.a(CanMessageGenericParser.o)
                              ./src/Heating/Sensors/SensorWithPort.o (CanMessageGenericParser::GetStringParam(char, StringRef const&) const)
C:\Eclipse\Firmware\CANlib\SAME51_RTOS\libCANlib.a(CanSettings.o)
                              ./src/CAN/CanInterface.o (CanUserAreaData::SetCanAddress(unsigned char))
C:\Eclipse\Firmware\RRFLibraries\SAME51_RTOS\libRRFLibraries.a(RTOSIface.o)
                              ./src/Hardware/SharedSpiDevice.o (Mutex::Create(char const*))
C:\Eclipse\Firmware\RRFLibraries\SAME51_RTOS\libRRFLibraries.a(Isqrt.o)
                              ./src/Platform.o (isqrt64(unsigned long long))
C:\Eclipse\Firmware\RRFLibraries\SAME51_RTOS\libRRFLibraries.a(SafeVsnprintf.o)
                              C:\Eclipse\Firmware\CoreN2G\SAME5x_CAN_RTOS\libCoreN2G.a(Print.o) (vuprintf(function_ref<bool (char)>, char const*, std::__va_list))
C:\Eclipse\Firmware\RRFLibraries\SAME51_RTOS\libRRFLibraries.a(StringFunctions.o)
                              ./src/Heating/Heat.o (StringEqualsIgnoreCase(char const*, char const*))
C:\Eclipse\Firmware\RRFLibraries\SAME51_RTOS\libRRFLibraries.a(StringRef.o)
                              ./src/Hardware/IoPorts.o (StringRef::strlen() const)
C:\Eclipse\Firmware\RRFLibraries\SAME51_RTOS\libRRFLibraries.a(Strnlen.o)
                              ./src/CommandProcessing/CommandProcessor.o (Strnlen(char const*, unsigned int))
C:\Eclipse\Firmware\FreeRTOS\SAME51\libFreeRTOS.a(port.o)
                              ./src/Movement/StepperDrivers/TMC51xx.o (vPortEnterCritical)
C:\Eclipse\Firmware\FreeRTOS\SAME51\libFreeRTOS.a(queue.o)
                              C:\Eclipse\Firmware\RRFLibraries\SAME51_RTOS\libRRFLibraries.a(RTOSIface.o) (xQueueGenericCreateStatic)
C:\Eclipse\Firmware\FreeRTOS\SAME51\libFreeRTOS.a(tasks.o)
[...]
Memory Configuration

Name             Origin             Length             Attributes
rom              0x00010000         0x00070000         xr
ram              0x20000000         0x00030000         xrw
bkupram          0x47000000         0x00002000         xrw
qspi             0x04000000         0x01000000         xrw
*default*        0x00000000         0xffffffff

Linker script and memory map

LOAD c:/program files (x86)/gnu arm embedded toolchain/10 2020-q4-major/bin/../lib/gcc/arm-none-eabi/10.2.1/thumb/v7e-m+fp/hard/crti.o
LOAD c:/program files (x86)/gnu arm embedded toolchain/10 2020-q4-major/bin/../lib/gcc/arm-none-eabi/10.2.1/thumb/v7e-m+fp/hard/crtbegin.o
LOAD c:/program files (x86)/gnu arm embedded toolchain/10 2020-q4-major/bin/../lib/gcc/arm-none-eabi/10.2.1/../../../../arm-none-eabi/lib/thumb/v7e-m+fp/hard/crt0.o
LOAD ./src/Movement/StepperDrivers/DriverMode.o
LOAD ./src/Movement/StepperDrivers/TMC22xx.o
LOAD ./src/Movement/StepperDrivers/TMC51xx.o
LOAD ./src/Movement/Kinematics/CartesianKinematics.o
LOAD ./src/Movement/Kinematics/Kinematics.o
LOAD ./src/Movement/Kinematics/LinearDeltaKinematics.o
LOAD ./src/Movement/Kinematics/ZLeadscrewKinematics.o
LOAD ./src/Movement/DDA.o
LOAD ./src/Movement/DriveMovement.o
LOAD ./src/Movement/Move.o
LOAD ./src/Movement/StepTimer.o
LOAD ./src/InputMonitors/InputMonitor.o
LOAD ./src/Heating/Sensors/CpuTemperatureSensor.o
LOAD ./src/Heating/Sensors/CurrentLoopTemperatureSensor.o
LOAD ./src/Heating/Sensors/DhtSensor.o
LOAD ./src/Heating/Sensors/LinearAnalogSensor.o
LOAD ./src/Heating/Sensors/RtdSensor31865.o
LOAD ./src/Heating/Sensors/SensorWithPort.o
LOAD ./src/Heating/Sensors/SpiTemperatureSensor.o
LOAD ./src/Heating/Sensors/TemperatureSensor.o
LOAD ./src/Heating/Sensors/Thermistor.o
LOAD ./src/Heating/Sensors/ThermocoupleSensor31855.o
LOAD ./src/Heating/Sensors/ThermocoupleSensor31856.o
LOAD ./src/Heating/Sensors/TmcDriverTemperatureSensor.o
LOAD ./src/Heating/FOPDT.o
LOAD ./src/Heating/Heat.o
LOAD ./src/Heating/Heater.o
LOAD ./src/Heating/HeaterMonitor.o
LOAD ./src/Heating/LocalHeater.o
LOAD ./src/Heating/TemperatureError.o
LOAD ./src/Hardware/SAME5x/Devices.o
LOAD ./src/Hardware/SAME5x/EEPROM.o
LOAD ./src/Hardware/SAME5x/Main.o
LOAD ./src/Hardware/SAME5x/PositionDecoder.o
LOAD ./src/Hardware/SAMC21/Devices.o
LOAD ./src/Hardware/SAMC21/EEPROM.o
LOAD ./src/Hardware/SAMC21/Main.o
LOAD ./src/Hardware/ATEIO/ExtendedAnalog.o
LOAD ./src/Hardware/ExceptionHandlers.o
LOAD ./src/Hardware/IoPorts.o
LOAD ./src/Hardware/LIS3DH.o
LOAD ./src/Hardware/NonVolatileMemory.o
LOAD ./src/Hardware/SharedI2CClient.o
LOAD ./src/Hardware/SharedI2CMaster.o
LOAD ./src/Hardware/SharedSpiClient.o
LOAD ./src/Hardware/SharedSpiDevice.o
LOAD ./src/Hardware/SoftwareReset.o
LOAD ./src/GPIO/GpioPorts.o
LOAD ./src/FilamentMonitors/Duet3DFilamentMonitor.o
LOAD ./src/FilamentMonitors/FilamentMonitor.o
LOAD ./src/FilamentMonitors/LaserFilamentMonitor.o
LOAD ./src/FilamentMonitors/PulsedFilamentMonitor.o
LOAD ./src/FilamentMonitors/RotatingMagnetFilamentMonitor.o
LOAD ./src/FilamentMonitors/SimpleFilamentMonitor.o
LOAD ./src/Fans/Fan.o
LOAD ./src/Fans/FansManager.o
LOAD ./src/Fans/LocalFan.o
LOAD ./src/CommandProcessing/AccelerometerHandler.o
LOAD ./src/CommandProcessing/CommandProcessor.o
LOAD ./src/ClosedLoop/AS5047D.o
LOAD ./src/ClosedLoop/AttinyProgrammer.o
LOAD ./src/ClosedLoop/ClosedLoop.o
LOAD ./src/ClosedLoop/QuadratureEncoder.o
LOAD ./src/ClosedLoop/SpiEncoder.o
LOAD ./src/ClosedLoop/TLI5012B.o
LOAD ./src/CAN/CanInterface.o
LOAD ./src/CAN/CanMessageQueue.o
LOAD ./src/Platform.o
LOAD ./src/RepRapFirmware.o
LOAD ./src/Tasks.o
LOAD C:\Eclipse\Firmware\CoreN2G\SAME5x_CAN_RTOS\libCoreN2G.a
LOAD C:\Eclipse\Firmware\CANlib\SAME51_RTOS\libCANlib.a
LOAD C:\Eclipse\Firmware\RRFLibraries\SAME51_RTOS\libRRFLibraries.a
LOAD C:\Eclipse\Firmware\FreeRTOS\SAME51\libFreeRTOS.a
LOAD c:/program files (x86)/gnu arm embedded toolchain/10 2020-q4-major/bin/../lib/gcc/arm-none-eabi/10.2.1/../../../../arm-none-eabi/lib/thumb/v7e-m+fp/hard\libstdc++_nano.a
LOAD c:/program files (x86)/gnu arm embedded toolchain/10 2020-q4-major/bin/../lib/gcc/arm-none-eabi/10.2.1/../../../../arm-none-eabi/lib/thumb/v7e-m+fp/hard\libm.a
START GROUP
LOAD c:/program files (x86)/gnu arm embedded toolchain/10 2020-q4-major/bin/../lib/gcc/arm-none-eabi/10.2.1/thumb/v7e-m+fp/hard\libgcc.a
LOAD c:/program files (x86)/gnu arm embedded toolchain/10 2020-q4-major/bin/../lib/gcc/arm-none-eabi/10.2.1/../../../../arm-none-eabi/lib/thumb/v7e-m+fp/hard\libc_nano.a
END GROUP
START GROUP
LOAD c:/program files (x86)/gnu arm embedded toolchain/10 2020-q4-major/bin/../lib/gcc/arm-none-eabi/10.2.1/thumb/v7e-m+fp/hard\libgcc.a
LOAD c:/program files (x86)/gnu arm embedded toolchain/10 2020-q4-major/bin/../lib/gcc/arm-none-eabi/10.2.1/../../../../arm-none-eabi/lib/thumb/v7e-m+fp/hard\libc_nano.a
END GROUP
LOAD c:/program files (x86)/gnu arm embedded toolchain/10 2020-q4-major/bin/../lib/gcc/arm-none-eabi/10.2.1/thumb/v7e-m+fp/hard/crtend.o
LOAD c:/program files (x86)/gnu arm embedded toolchain/10 2020-q4-major/bin/../lib/gcc/arm-none-eabi/10.2.1/thumb/v7e-m+fp/hard/crtn.o

.text           0x00010000    0x1e92c
                0x00010000                . = ALIGN (0x4)
                0x00010000                _sfixed = .
 *(.vectors .vectors.*)
 .vectors       0x00010000      0x264 C:\Eclipse\Firmware\CoreN2G\SAME5x_CAN_RTOS\libCoreN2G.a(Vectors.o)
                0x00010000                exception_table
 *(.text .text.* .gnu.linkonce.t.*)
 .text          0x00010264       0x40 c:/program files (x86)/gnu arm embedded toolchain/10 2020-q4-major/bin/../lib/gcc/arm-none-eabi/10.2.1/thumb/v7e-m+fp/hard/crtbegin.o
 .text._Z19TranslateDriverModej
                0x000102a4       0x14 ./src/Movement/StepperDrivers/DriverMode.o
                0x000102a4                TranslateDriverMode(unsigned int)
 .text._Z21RxDmaCompleteCallback17CallbackParameter17DmaCallbackReason
                0x000102b8       0x20 ./src/Movement/StepperDrivers/TMC51xx.o
                0x000102b8                RxDmaCompleteCallback(CallbackParameter, DmaCallbackReason)
 .text._ZN4TaskILj100EED2Ev
                0x000102d8        0xc ./src/Movement/StepperDrivers/TMC51xx.o
                0x000102d8                Task<100u>::~Task()
                0x000102d8                Task<100u>::~Task()
 .text._ZN14TmcDriverState17TransferSucceededEPKh
                0x000102e4      0x10c ./src/Movement/StepperDrivers/TMC51xx.o
                0x000102e4                TmcDriverState::TransferSucceeded(unsigned char const*)
 .text.TmcLoop  0x000103f0      0x23c ./src/Movement/StepperDrivers/TMC51xx.o
                0x000103f0                TmcLoop
 .text._ZN12SmartDrivers4InitEv
                0x0001062c      0x470 ./src/Movement/StepperDrivers/TMC51xx.o
                0x0001062c                SmartDrivers::Init()
 .text._ZN12SmartDrivers10SetCurrentEjf
                0x00010a9c      0x108 ./src/Movement/StepperDrivers/TMC51xx.o
                0x00010a9c                SmartDrivers::SetCurrent(unsigned int, float)
 .text._ZN12SmartDrivers11EnableDriveEjb
                0x00010ba4       0x48 ./src/Movement/StepperDrivers/TMC51xx.o
                0x00010ba4                SmartDrivers::EnableDrive(unsigned int, bool)
 .text._ZN12SmartDrivers20GetAccumulatedStatusEjm
                0x00010bec       0x40 ./src/Movement/StepperDrivers/TMC51xx.o
                0x00010bec                SmartDrivers::GetAccumulatedStatus(unsigned int, unsigned long)
 .text._ZN12SmartDrivers16SetMicrosteppingEjjb
                0x00010c2c       0x94 ./src/Movement/StepperDrivers/TMC51xx.o
                0x00010c2c                SmartDrivers::SetMicrostepping(unsigned int, unsigned int, bool)
 .text._ZN12SmartDrivers16GetMicrosteppingEjRb
                0x00010cc0       0x2c ./src/Movement/StepperDrivers/TMC51xx.o
                0x00010cc0                SmartDrivers::GetMicrostepping(unsigned int, bool&)
 .text._ZN12SmartDrivers13SetDriverModeEjj
                0x00010cec       0x94 ./src/Movement/StepperDrivers/TMC51xx.o
                0x00010cec                SmartDrivers::SetDriverMode(unsigned int, unsigned int)
 .text._ZN12SmartDrivers13GetDriverModeEj
                0x00010d80       0x30 ./src/Movement/StepperDrivers/TMC51xx.o
                0x00010d80                SmartDrivers::GetDriverMode(unsigned int)
 .text._ZN12SmartDrivers4SpinEb
                0x00010db0       0x50 ./src/Movement/StepperDrivers/TMC51xx.o
                0x00010db0                SmartDrivers::Spin(bool)
 .text._ZN12SmartDrivers17SetStallThresholdEji
                0x00010e00       0x30 ./src/Movement/StepperDrivers/TMC51xx.o
                0x00010e00                SmartDrivers::SetStallThreshold(unsigned int, int)
 .text._ZN12SmartDrivers29SetStallMinimumStepsPerSecondEjj
                0x00010e30       0x2c ./src/Movement/StepperDrivers/TMC51xx.o
                0x00010e30                SmartDrivers::SetStallMinimumStepsPerSecond(unsigned int, unsigned int)
 .text._ZN12SmartDrivers17AppendStallConfigEjRK9StringRef
                0x00010e5c       0x80 ./src/Movement/StepperDrivers/TMC51xx.o
                0x00010e5c                SmartDrivers::AppendStallConfig(unsigned int, StringRef const&)
 .text._ZN12SmartDrivers18AppendDriverStatusEjRK9StringRef
                0x00010edc      0x140 ./src/Movement/StepperDrivers/TMC51xx.o
                0x00010edc                SmartDrivers::AppendDriverStatus(unsigned int, StringRef const&)
 .text._ZN12SmartDrivers27SetStandstillCurrentPercentEjf
                0x0001101c       0xe0 ./src/Movement/StepperDrivers/TMC51xx.o
                0x0001101c                SmartDrivers::SetStandstillCurrentPercent(unsigned int, float)
 .text._ZN12SmartDrivers11SetRegisterEj19SmartDriverRegisterm
                0x000110fc      0x1f0 ./src/Movement/StepperDrivers/TMC51xx.o
                0x000110fc                SmartDrivers::SetRegister(unsigned int, SmartDriverRegister, unsigned long)
 .text._ZN12SmartDrivers11GetRegisterEj19SmartDriverRegister
                0x000112ec       0xe4 ./src/Movement/StepperDrivers/TMC51xx.o
                0x000112ec                SmartDrivers::GetRegister(unsigned int, SmartDriverRegister)
 .text.startup._GLOBAL__sub_I__ZN14TmcDriverState15WriteRegNumbersE
                0x000113d0       0x34 ./src/Movement/StepperDrivers/TMC51xx.o
 .text._ZNK10Kinematics13GetMotionTypeEj
                0x00011404        0x4 ./src/Movement/Kinematics/CartesianKinematics.o
                0x00011404                Kinematics::GetMotionType(unsigned int) const
 .text._ZNK10Kinematics17GetTiltCorrectionEj
                0x00011408        0xc ./src/Movement/Kinematics/CartesianKinematics.o
                0x00011408                Kinematics::GetTiltCorrection(unsigned int) const
 .text._ZNK10Kinematics24IsContinuousRotationAxisEj
                0x00011414        0x4 ./src/Movement/Kinematics/CartesianKinematics.o
                0x00011414                Kinematics::IsContinuousRotationAxis(unsigned int) const
 .text._ZNK19CartesianKinematics7GetNameEb
                0x00011418       0x14 ./src/Movement/Kinematics/CartesianKinematics.o
                0x00011418                CartesianKinematics::GetName(bool) const
 .text._ZNK19CartesianKinematics21MotorStepsToCartesianEPKlPKfjjPf
                0x0001142c       0x28 ./src/Movement/Kinematics/CartesianKinematics.o
                0x0001142c                CartesianKinematics::MotorStepsToCartesian(long const*, float const*, unsigned int, unsigned int, float*) const
 .text._ZN19CartesianKinematicsD2Ev
                0x00011454        0x4 ./src/Movement/Kinematics/CartesianKinematics.o
                0x00011454                CartesianKinematics::~CartesianKinematics()
                0x00011454                CartesianKinematics::~CartesianKinematics()
 .text._ZNK19CartesianKinematics21CartesianToMotorStepsEPKfS1_jjPlb
                0x00011458       0x30 ./src/Movement/Kinematics/CartesianKinematics.o
                0x00011458                CartesianKinematics::CartesianToMotorSteps(float const*, float const*, unsigned int, unsigned int, long*, bool) const
 .text._ZN19CartesianKinematicsD0Ev
                0x00011488       0x10 ./src/Movement/Kinematics/CartesianKinematics.o
                0x00011488                CartesianKinematics::~CartesianKinematics()
 .text._ZN19CartesianKinematicsC2Ev
                0x00011498       0x18 ./src/Movement/Kinematics/CartesianKinematics.o
                0x00011498                CartesianKinematics::CartesianKinematics()
                0x00011498                CartesianKinematics::CartesianKinematics()
 .text._ZN10KinematicsC2E14KinematicsTypeffb
                0x000114b0       0x2c ./src/Movement/Kinematics/Kinematics.o
                0x000114b0                Kinematics::Kinematics(KinematicsType, float, float, bool)
                0x000114b0                Kinematics::Kinematics(KinematicsType, float, float, bool)
 .text._ZN10Kinematics6CreateE14KinematicsType
                0x000114dc       0x30 ./src/Movement/Kinematics/Kinematics.o
                0x000114dc                Kinematics::Create(KinematicsType)
 .text._ZNK21LinearDeltaKinematics7GetNameEb
                0x0001150c       0x14 ./src/Movement/Kinematics/LinearDeltaKinematics.o
                0x0001150c                LinearDeltaKinematics::GetName(bool) const
 .text._ZNK21LinearDeltaKinematics13GetMotionTypeEj
                0x00011520        0xc ./src/Movement/Kinematics/LinearDeltaKinematics.o
                0x00011520                LinearDeltaKinematics::GetMotionType(unsigned int) const
 .text._ZN21LinearDeltaKinematicsD2Ev
                0x0001152c        0x4 ./src/Movement/Kinematics/LinearDeltaKinematics.o
                0x0001152c                LinearDeltaKinematics::~LinearDeltaKinematics()
                0x0001152c                LinearDeltaKinematics::~LinearDeltaKinematics()
 .text._ZN21LinearDeltaKinematicsD0Ev
                0x00011530       0x10 ./src/Movement/Kinematics/LinearDeltaKinematics.o
                0x00011530                LinearDeltaKinematics::~LinearDeltaKinematics()
 .text._ZNK21LinearDeltaKinematics21CartesianToMotorStepsEPKfS1_jjPlb
                0x00011540      0x324 ./src/Movement/Kinematics/LinearDeltaKinematics.o
                0x00011540                LinearDeltaKinematics::CartesianToMotorSteps(float const*, float const*, unsigned int, unsigned int, long*, bool) const
 .text._ZN21LinearDeltaKinematics6RecalcEv
                0x00011864      0x300 ./src/Movement/Kinematics/LinearDeltaKinematics.o
                0x00011864                LinearDeltaKinematics::Recalc()
 .text._ZN21LinearDeltaKinematicsC2Ev
                0x00011b64       0x94 ./src/Movement/Kinematics/LinearDeltaKinematics.o
                0x00011b64                LinearDeltaKinematics::LinearDeltaKinematics()
                0x00011b64                LinearDeltaKinematics::LinearDeltaKinematics()
 .text._ZNK21LinearDeltaKinematics16ForwardTransformEfffPf
                0x00011bf8      0x114 ./src/Movement/Kinematics/LinearDeltaKinematics.o
                0x00011bf8                LinearDeltaKinematics::ForwardTransform(float, float, float, float*) const
 .text._ZNK21LinearDeltaKinematics21MotorStepsToCartesianEPKlPKfjjPf
                0x00011d0c       0x7c ./src/Movement/Kinematics/LinearDeltaKinematics.o
                0x00011d0c                LinearDeltaKinematics::MotorStepsToCartesian(long const*, float const*, unsigned int, unsigned int, float*) const
 .text._ZN20ZLeadscrewKinematicsC2E14KinematicsType
                0x00011d88       0x34 ./src/Movement/Kinematics/ZLeadscrewKinematics.o
                0x00011d88                ZLeadscrewKinematics::ZLeadscrewKinematics(KinematicsType)
                0x00011d88                ZLeadscrewKinematics::ZLeadscrewKinematics(KinematicsType)
 .text._ZN3DDAC2EPS_
                0x00011dbc       0x24 ./src/Movement/DDA.o
                0x00011dbc                DDA::DDA(DDA*)
                0x00011dbc                DDA::DDA(DDA*)
 .text._ZNK3DDA10DebugPrintEv
                0x00011de0       0x78 ./src/Movement/DDA.o
                0x00011de0                DDA::DebugPrint() const
 .text._ZNK3DDA13DebugPrintAllEv
                0x00011e58       0x94 ./src/Movement/DDA.o
                0x00011e58                DDA::DebugPrintAll() const
 .text._ZN3DDA4InitEv
                0x00011eec       0x14 ./src/Movement/DDA.o
                0x00011eec                DDA::Init()
 .text._ZN3DDA4InitERK24CanMessageMovementLinear
                0x00011f00      0x424 ./src/Movement/DDA.o
                0x00011f00                DDA::Init(CanMessageMovementLinear const&)
 .text._ZN3DDA5StartEm
                0x00012324       0x80 ./src/Movement/DDA.o
                0x00012324                DDA::Start(unsigned long)
 .text._ZN3DDA11StepDriversEm
                0x000123a4      0x144 ./src/Movement/DDA.o
                0x000123a4                DDA::StepDrivers(unsigned long)
 .text._ZN3DDA11StopDriversEt
                0x000124e8       0x5c ./src/Movement/DDA.o
                0x000124e8                DDA::StopDrivers(unsigned short)
 .text._ZNK3DDA12HasStepErrorEv
                0x00012544       0x24 ./src/Movement/DDA.o
                0x00012544                DDA::HasStepError() const
 .text._ZN3DDA4FreeEv
                0x00012568        0x8 ./src/Movement/DDA.o
                0x00012568                DDA::Free()
 .text._ZNK3DDA13GetStepsTakenEj
                0x00012570       0x38 ./src/Movement/DDA.o
                0x00012570                DDA::GetStepsTaken(unsigned int) const
 .text._ZN3DDA21GetAndClearStepErrorsEv
                0x000125a8       0x10 ./src/Movement/DDA.o
                0x000125a8                DDA::GetAndClearStepErrors()
 .text._ZN3DDA26GetAndClearMaxTicksOverdueEv
                0x000125b8       0x10 ./src/Movement/DDA.o
                0x000125b8                DDA::GetAndClearMaxTicksOverdue()
 .text._ZN3DDA30GetAndClearMaxOverdueIncrementEv
                0x000125c8       0x10 ./src/Movement/DDA.o
                0x000125c8                DDA::GetAndClearMaxOverdueIncrement()
 .text._ZN13DriveMovement20PrepareCartesianAxisERK3DDARK10PrepParams
                0x000125d8      0x100 ./src/Movement/DriveMovement.o
                0x000125d8                DriveMovement::PrepareCartesianAxis(DDA const&, PrepParams const&)
 .text._ZN13DriveMovement15PrepareExtruderERK3DDARK10PrepParamsf
                0x000126d8      0x1d8 ./src/Movement/DriveMovement.o
                0x000126d8                DriveMovement::PrepareExtruder(DDA const&, PrepParams const&, float)
 .text._ZNK13DriveMovement10DebugPrintEc
                0x000128b0      0x12c ./src/Movement/DriveMovement.o
                0x000128b0                DriveMovement::DebugPrint(char) const
 .text._ZN13DriveMovement29CalcNextStepTimeCartesianFullERK3DDA
                0x000129dc      0x17c ./src/Movement/DriveMovement.o
                0x000129dc                DriveMovement::CalcNextStepTimeCartesianFull(DDA const&)
 .text._ZN13DriveMovement25CalcNextStepTimeDeltaFullERK3DDA
                0x00012b58      0x20c ./src/Movement/DriveMovement.o
                0x00012b58                DriveMovement::CalcNextStepTimeDeltaFull(DDA const&)
 .text._ZNK3DDA25ScheduleNextStepInterruptER9StepTimer
                0x00012d64       0x30 ./src/Movement/Move.o
                0x00012d64                DDA::ScheduleNextStepInterrupt(StepTimer&) const
 .text._ZN4MoveC2Ev
                0x00012d94       0x7c ./src/Movement/Move.o
                0x00012d94                Move::Move()
                0x00012d94                Move::Move()
 .text._ZN4Move4InitEv
                0x00012e10       0x64 ./src/Movement/Move.o
                0x00012e10                Move::Init()
 .text._ZN4Move11DiagnosticsERK9StringRef
                0x00012e74       0x78 ./src/Movement/Move.o
                0x00012e74                Move::Diagnostics(StringRef const&)
 .text._ZN4Move20CurrentMoveCompletedEv
                0x00012eec       0x3c ./src/Movement/Move.o
                0x00012eec                Move::CurrentMoveCompleted()
 .text._ZNK4Move11GetPositionEj
                0x00012f28        0xc ./src/Movement/Move.o
                0x00012f28                Move::GetPosition(unsigned int) const
 .text._ZN4Move11StopDriversEt
                0x00012f34       0x30 ./src/Movement/Move.o
                0x00012f34                Move::StopDrivers(unsigned short)
 .text._ZN4Move23GetAccumulatedExtrusionEjRb
                0x00012f64       0x38 ./src/Movement/Move.o
                0x00012f64                Move::GetAccumulatedExtrusion(unsigned int, bool&)
 .text._ZN4Move9InterruptEv
                0x00012f9c      0x158 ./src/Movement/Move.o
                0x00012f9c                Move::Interrupt()
 .text._ZN4Move13TimerCallbackE17CallbackParameter
                0x000130f4        0x4 ./src/Movement/Move.o
                0x000130f4                Move::TimerCallback(CallbackParameter)
 .text._ZN4Move8TaskLoopEv
                0x000130f8      0x168 ./src/Movement/Move.o
                0x000130f8                Move::TaskLoop()
 .text.MoveLoop
                0x00013260        0x8 ./src/Movement/Move.o
                0x00013260                MoveLoop
 .text._ZN9StepTimer4InitEv
                0x00013268       0x9c ./src/Movement/StepTimer.o
                0x00013268                StepTimer::Init()
 .text._ZN9StepTimer8IsSyncedEv
                0x00013304       0x44 ./src/Movement/StepTimer.o
                0x00013304                StepTimer::IsSynced()
 .text._ZN9StepTimer22ProcessTimeSyncMessageERK18CanMessageTimeSyncjt
                0x00013348      0x128 ./src/Movement/StepTimer.o
                0x00013348                StepTimer::ProcessTimeSyncMessage(CanMessageTimeSync const&, unsigned int, unsigned short)
 .text._ZN9StepTimer22ScheduleTimerInterruptEm
                0x00013470       0x54 ./src/Movement/StepTimer.o
                0x00013470                StepTimer::ScheduleTimerInterrupt(unsigned long)
 .text.TC6_Handler
                0x000134c4       0x88 ./src/Movement/StepTimer.o
                0x000134c4                TC6_Handler
 .text._ZN9StepTimerC2Ev
                0x0001354c        0xc ./src/Movement/StepTimer.o
                0x0001354c                StepTimer::StepTimer()
                0x0001354c                StepTimer::StepTimer()
 .text._ZN9StepTimer11SetCallbackEPFv17CallbackParameterES0_
                0x00013558        0x8 ./src/Movement/StepTimer.o
                0x00013558                StepTimer::SetCallback(void (*)(CallbackParameter), CallbackParameter)
 .text._ZN9StepTimer23ScheduleCallbackFromIsrEm
                0x00013560       0xb4 ./src/Movement/StepTimer.o
                0x00013560                StepTimer::ScheduleCallbackFromIsr(unsigned long)
 .text._ZN9StepTimer11DiagnosticsERK9StringRef
                0x00013614       0xdc ./src/Movement/StepTimer.o
                0x00013614                StepTimer::Diagnostics(StringRef const&)
 .text.StepTimerGetTimerTicks
                0x000136f0       0x1c ./src/Movement/StepTimer.o
                0x000136f0                StepTimerGetTimerTicks
 .text._ZN12InputMonitor25CommonAnalogPortInterruptE17CallbackParametert
                0x0001370c       0x20 ./src/InputMonitors/InputMonitor.o
                0x0001370c                InputMonitor::CommonAnalogPortInterrupt(CallbackParameter, unsigned short)
 .text._ZN12InputMonitor26CommonDigitalPortInterruptE17CallbackParameter
                0x0001372c       0x24 ./src/InputMonitors/InputMonitor.o
                0x0001372c                InputMonitor::CommonDigitalPortInterrupt(CallbackParameter)
 .text._ZN12InputMonitor4InitEv
                0x00013750        0x4 ./src/InputMonitors/InputMonitor.o
                0x00013750                InputMonitor::Init()
 .text._ZN12InputMonitor6CreateERK28CanMessageCreateInputMonitorjRK9StringRefRh
                0x00013754      0x18c ./src/InputMonitors/InputMonitor.o
                0x00013754                InputMonitor::Create(CanMessageCreateInputMonitor const&, unsigned int, StringRef const&, unsigned char&)
 .text._ZN12InputMonitor6ChangeERK28CanMessageChangeInputMonitorRK9StringRefRh
                0x000138e0      0x18c ./src/InputMonitors/InputMonitor.o
                0x000138e0                InputMonitor::Change(CanMessageChangeInputMonitor const&, StringRef const&, unsigned char&)
 .text._ZN12InputMonitor15AddStateChangesEP22CanMessageInputChanged
                0x00013a6c       0xa8 ./src/InputMonitors/InputMonitor.o
                0x00013a6c                InputMonitor::AddStateChanges(CanMessageInputChanged*)
 .text._ZN12InputMonitor10ReadInputsEP16CanMessageBuffer
                0x00013b14       0xe8 ./src/InputMonitors/InputMonitor.o
                0x00013b14                InputMonitor::ReadInputs(CanMessageBuffer*)
 .text.startup._GLOBAL__sub_I__ZN12InputMonitor12monitorsListE
                0x00013bfc       0x10 ./src/InputMonitors/InputMonitor.o
 .text._ZN20CpuTemperatureSensor4PollEv
                0x00013c0c       0x20 ./src/Heating/Sensors/CpuTemperatureSensor.o
                0x00013c0c                CpuTemperatureSensor::Poll()
 .text._ZN20CpuTemperatureSensorD2Ev
                0x00013c2c       0x14 ./src/Heating/Sensors/CpuTemperatureSensor.o
                0x00013c2c                CpuTemperatureSensor::~CpuTemperatureSensor()
                0x00013c2c                CpuTemperatureSensor::~CpuTemperatureSensor()
 .text._ZN20CpuTemperatureSensorD0Ev
                0x00013c40       0x1c ./src/Heating/Sensors/CpuTemperatureSensor.o
                0x00013c40                CpuTemperatureSensor::~CpuTemperatureSensor()
 .text._ZN20CpuTemperatureSensorC2Ej
                0x00013c5c       0x1c ./src/Heating/Sensors/CpuTemperatureSensor.o
                0x00013c5c                CpuTemperatureSensor::CpuTemperatureSensor(unsigned int)
                0x00013c5c                CpuTemperatureSensor::CpuTemperatureSensor(unsigned int)
 .text._ZN28CurrentLoopTemperatureSensorD2Ev
                0x00013c78       0x14 ./src/Heating/Sensors/CurrentLoopTemperatureSensor.o
                0x00013c78                CurrentLoopTemperatureSensor::~CurrentLoopTemperatureSensor()
                0x00013c78                CurrentLoopTemperatureSensor::~CurrentLoopTemperatureSensor()
 .text._ZN28CurrentLoopTemperatureSensorD0Ev
                0x00013c8c       0x1c ./src/Heating/Sensors/CurrentLoopTemperatureSensor.o
                0x00013c8c                CurrentLoopTemperatureSensor::~CurrentLoopTemperatureSensor()
 .text._ZN28CurrentLoopTemperatureSensor9ConfigureERK23CanMessageGenericParserRK9StringRef
                0x00013ca8      0x1c4 ./src/Heating/Sensors/CurrentLoopTemperatureSensor.o
                0x00013ca8                CurrentLoopTemperatureSensor::Configure(CanMessageGenericParser const&, StringRef const&)
 .text._ZN28CurrentLoopTemperatureSensor4PollEv
                0x00013e6c       0xd8 ./src/Heating/Sensors/CurrentLoopTemperatureSensor.o
                0x00013e6c                CurrentLoopTemperatureSensor::Poll()
 .text._ZN28CurrentLoopTemperatureSensorC2Ej
                0x00013f44       0x50 ./src/Heating/Sensors/CurrentLoopTemperatureSensor.o
                0x00013f44                CurrentLoopTemperatureSensor::CurrentLoopTemperatureSensor(unsigned int)
                0x00013f44                CurrentLoopTemperatureSensor::CurrentLoopTemperatureSensor(unsigned int)
 .text._ZN18LinearAnalogSensor9ConfigureERK23CanMessageGenericParserRK9StringRef
                0x00013f94      0x12c ./src/Heating/Sensors/LinearAnalogSensor.o
                0x00013f94                LinearAnalogSensor::Configure(CanMessageGenericParser const&, StringRef const&)
 .text._ZN18LinearAnalogSensor4PollEv
                0x000140c0       0x60 ./src/Heating/Sensors/LinearAnalogSensor.o
                0x000140c0                LinearAnalogSensor::Poll()
 .text._ZN18LinearAnalogSensorD2Ev
                0x00014120       0x14 ./src/Heating/Sensors/LinearAnalogSensor.o
                0x00014120                LinearAnalogSensor::~LinearAnalogSensor()
                0x00014120                LinearAnalogSensor::~LinearAnalogSensor()
 .text._ZN18LinearAnalogSensorD0Ev
                0x00014134       0x1c ./src/Heating/Sensors/LinearAnalogSensor.o
                0x00014134                LinearAnalogSensor::~LinearAnalogSensor()
 .text._ZN18LinearAnalogSensorC2Ej
                0x00014150       0x3c ./src/Heating/Sensors/LinearAnalogSensor.o
                0x00014150                LinearAnalogSensor::LinearAnalogSensor(unsigned int)
                0x00014150                LinearAnalogSensor::LinearAnalogSensor(unsigned int)
 .text._ZN14RtdSensor31865D2Ev
                0x0001418c       0x14 ./src/Heating/Sensors/RtdSensor31865.o
                0x0001418c                RtdSensor31865::~RtdSensor31865()
                0x0001418c                RtdSensor31865::~RtdSensor31865()
 .text._ZN14RtdSensor31865D0Ev
                0x000141a0       0x1c ./src/Heating/Sensors/RtdSensor31865.o
                0x000141a0                RtdSensor31865::~RtdSensor31865()
 .text._ZN14RtdSensor318659ConfigureERK23CanMessageGenericParserRK9StringRef
                0x000141bc      0x194 ./src/Heating/Sensors/RtdSensor31865.o
                0x000141bc                RtdSensor31865::Configure(CanMessageGenericParser const&, StringRef const&)
 .text._ZN14RtdSensor318654PollEv
                0x00014350       0xe0 ./src/Heating/Sensors/RtdSensor31865.o
                0x00014350                RtdSensor31865::Poll()
 .text._ZN14RtdSensor31865C2Ej
                0x00014430       0x34 ./src/Heating/Sensors/RtdSensor31865.o
                0x00014430                RtdSensor31865::RtdSensor31865(unsigned int)
                0x00014430                RtdSensor31865::RtdSensor31865(unsigned int)
 .text._ZN14SensorWithPortC2EjPKc
                0x00014464       0x1c ./src/Heating/Sensors/SensorWithPort.o
                0x00014464                SensorWithPort::SensorWithPort(unsigned int, char const*)
                0x00014464                SensorWithPort::SensorWithPort(unsigned int, char const*)
 .text._ZN14SensorWithPortD2Ev
                0x00014480       0x28 ./src/Heating/Sensors/SensorWithPort.o
                0x00014480                SensorWithPort::~SensorWithPort()
                0x00014480                SensorWithPort::~SensorWithPort()
 .text._ZN14SensorWithPort13ConfigurePortERK23CanMessageGenericParserRK9StringRef9PinAccessRb
                0x000144a8       0x70 ./src/Heating/Sensors/SensorWithPort.o
                0x000144a8                SensorWithPort::ConfigurePort(CanMessageGenericParser const&, StringRef const&, PinAccess, bool&)
 .text._ZNK14SensorWithPort16CopyBasicDetailsERK9StringRef
                0x00014518       0x48 ./src/Heating/Sensors/SensorWithPort.o
                0x00014518                SensorWithPort::CopyBasicDetails(StringRef const&) const
 .text._ZN20SpiTemperatureSensorC2EjPKc7SpiModem
                0x00014560       0x34 ./src/Heating/Sensors/SpiTemperatureSensor.o
                0x00014560                SpiTemperatureSensor::SpiTemperatureSensor(unsigned int, char const*, SpiMode, unsigned long)
                0x00014560                SpiTemperatureSensor::SpiTemperatureSensor(unsigned int, char const*, SpiMode, unsigned long)
 .text._ZN20SpiTemperatureSensor13ConfigurePortERK23CanMessageGenericParserRK9StringRefRb
                0x00014594       0x18 ./src/Heating/Sensors/SpiTemperatureSensor.o
                0x00014594                SpiTemperatureSensor::ConfigurePort(CanMessageGenericParser const&, StringRef const&, bool&)
 .text._ZN20SpiTemperatureSensor7InitSpiEv
                0x000145ac        0x8 ./src/Heating/Sensors/SpiTemperatureSensor.o
                0x000145ac                SpiTemperatureSensor::InitSpi()
 .text._ZNK20SpiTemperatureSensor16DoSpiTransactionEPKhjRm
                0x000145b4       0xd8 ./src/Heating/Sensors/SpiTemperatureSensor.o
                0x000145b4                SpiTemperatureSensor::DoSpiTransaction(unsigned char const*, unsigned int, unsigned long&) const
 .text._ZN17TemperatureSensor23UpdateRemoteTemperatureEhRK20CanTemperatureReport
                0x0001468c        0x4 ./src/Heating/Sensors/TemperatureSensor.o
                0x0001468c                TemperatureSensor::UpdateRemoteTemperature(unsigned char, CanTemperatureReport const&)
 .text._ZNK17TemperatureSensor15GetBoardAddressEv
                0x00014690        0x4 ./src/Heating/Sensors/TemperatureSensor.o
                0x00014690                TemperatureSensor::GetBoardAddress() const
 .text._ZN17TemperatureSensor9ConfigureERK23CanMessageGenericParserRK9StringRef
                0x00014694       0x4c ./src/Heating/Sensors/TemperatureSensor.o
                0x00014694                TemperatureSensor::Configure(CanMessageGenericParser const&, StringRef const&)
 .text._ZN17TemperatureSensorC2EjPKc
                0x000146e0       0x20 ./src/Heating/Sensors/TemperatureSensor.o
                0x000146e0                TemperatureSensor::TemperatureSensor(unsigned int, char const*)
                0x000146e0                TemperatureSensor::TemperatureSensor(unsigned int, char const*)
 .text._ZN17TemperatureSensorD2Ev
                0x00014700        0x4 ./src/Heating/Sensors/TemperatureSensor.o
                0x00014700                TemperatureSensor::~TemperatureSensor()
                0x00014700                TemperatureSensor::~TemperatureSensor()
 .text._ZN17TemperatureSensor20GetLatestTemperatureERf
                0x00014704       0x3c ./src/Heating/Sensors/TemperatureSensor.o
                0x00014704                TemperatureSensor::GetLatestTemperature(float&)
 .text._ZN17TemperatureSensor9SetResultEf16TemperatureError
                0x00014740       0x18 ./src/Heating/Sensors/TemperatureSensor.o
                0x00014740                TemperatureSensor::SetResult(float, TemperatureError)
 .text._ZN17TemperatureSensor9SetResultE16TemperatureError
                0x00014758       0x18 ./src/Heating/Sensors/TemperatureSensor.o
                0x00014758                TemperatureSensor::SetResult(TemperatureError)
 .text._ZN17TemperatureSensor6CreateEjPKcRK9StringRef
                0x00014770      0x134 ./src/Heating/Sensors/TemperatureSensor.o
                0x00014770                TemperatureSensor::Create(unsigned int, char const*, StringRef const&)
 .text._ZN17TemperatureSensor19GetPT100TemperatureERft
                0x000148a4       0x88 ./src/Heating/Sensors/TemperatureSensor.o
                0x000148a4                TemperatureSensor::GetPT100Temperature(float&, unsigned short)
 .text._ZN10ThermistorD2Ev
                0x0001492c       0x14 ./src/Heating/Sensors/Thermistor.o
                0x0001492c                Thermistor::~Thermistor()
                0x0001492c                Thermistor::~Thermistor()
 .text._ZN10ThermistorD0Ev
                0x00014940       0x1c ./src/Heating/Sensors/Thermistor.o
                0x00014940                Thermistor::~Thermistor()
 .text._ZN10Thermistor4PollEv
                0x0001495c      0x204 ./src/Heating/Sensors/Thermistor.o
                0x0001495c                Thermistor::Poll()
 .text._ZN10Thermistor9ConfigureERK23CanMessageGenericParserRK9StringRef
                0x00014b60      0x368 ./src/Heating/Sensors/Thermistor.o
                0x00014b60                Thermistor::Configure(CanMessageGenericParser const&, StringRef const&)
 .text._ZN10ThermistorC2Ejb
                0x00014ec8       0x68 ./src/Heating/Sensors/Thermistor.o
                0x00014ec8                Thermistor::Thermistor(unsigned int, bool)
                0x00014ec8                Thermistor::Thermistor(unsigned int, bool)
 .text._ZN23ThermocoupleSensor318559ConfigureERK23CanMessageGenericParserRK9StringRef
                0x00014f30       0x40 ./src/Heating/Sensors/ThermocoupleSensor31855.o
                0x00014f30                ThermocoupleSensor31855::Configure(CanMessageGenericParser const&, StringRef const&)
 .text._ZN23ThermocoupleSensor318554PollEv
                0x00014f70       0x84 ./src/Heating/Sensors/ThermocoupleSensor31855.o
                0x00014f70                ThermocoupleSensor31855::Poll()
 .text._ZN23ThermocoupleSensor31855D2Ev
                0x00014ff4       0x14 ./src/Heating/Sensors/ThermocoupleSensor31855.o
                0x00014ff4                ThermocoupleSensor31855::~ThermocoupleSensor31855()
                0x00014ff4                ThermocoupleSensor31855::~ThermocoupleSensor31855()
 .text._ZN23ThermocoupleSensor31855D0Ev
                0x00015008       0x1c ./src/Heating/Sensors/ThermocoupleSensor31855.o
                0x00015008                ThermocoupleSensor31855::~ThermocoupleSensor31855()
 .text._ZN23ThermocoupleSensor31855C2Ej
                0x00015024       0x28 ./src/Heating/Sensors/ThermocoupleSensor31855.o
                0x00015024                ThermocoupleSensor31855::ThermocoupleSensor31855(unsigned int)
                0x00015024                ThermocoupleSensor31855::ThermocoupleSensor31855(unsigned int)
 .text._ZN23ThermocoupleSensor31856D2Ev
                0x0001504c       0x14 ./src/Heating/Sensors/ThermocoupleSensor31856.o
                0x0001504c                ThermocoupleSensor31856::~ThermocoupleSensor31856()
                0x0001504c                ThermocoupleSensor31856::~ThermocoupleSensor31856()
 .text._ZN23ThermocoupleSensor31856D0Ev
                0x00015060       0x1c ./src/Heating/Sensors/ThermocoupleSensor31856.o
                0x00015060                ThermocoupleSensor31856::~ThermocoupleSensor31856()
 .text._ZN23ThermocoupleSensor31856C2Ej
                0x0001507c       0x30 ./src/Heating/Sensors/ThermocoupleSensor31856.o
                0x0001507c                ThermocoupleSensor31856::ThermocoupleSensor31856(unsigned int)
                0x0001507c                ThermocoupleSensor31856::ThermocoupleSensor31856(unsigned int)
 .text._ZNK23ThermocoupleSensor3185619TryInitThermocoupleEv
                0x000150ac       0x74 ./src/Heating/Sensors/ThermocoupleSensor31856.o
                0x000150ac                ThermocoupleSensor31856::TryInitThermocouple() const
 .text._ZN23ThermocoupleSensor318569ConfigureERK23CanMessageGenericParserRK9StringRef
                0x00015120      0x11c ./src/Heating/Sensors/ThermocoupleSensor31856.o
                0x00015120                ThermocoupleSensor31856::Configure(CanMessageGenericParser const&, StringRef const&)
 .text._ZN23ThermocoupleSensor318564PollEv
                0x0001523c       0x70 ./src/Heating/Sensors/ThermocoupleSensor31856.o
                0x0001523c                ThermocoupleSensor31856::Poll()
 .text._ZN26TmcDriverTemperatureSensor4PollEv
                0x000152ac       0x18 ./src/Heating/Sensors/TmcDriverTemperatureSensor.o
                0x000152ac                TmcDriverTemperatureSensor::Poll()
 .text._ZN26TmcDriverTemperatureSensorD2Ev
                0x000152c4       0x14 ./src/Heating/Sensors/TmcDriverTemperatureSensor.o
                0x000152c4                TmcDriverTemperatureSensor::~TmcDriverTemperatureSensor()
                0x000152c4                TmcDriverTemperatureSensor::~TmcDriverTemperatureSensor()
 .text._ZN26TmcDriverTemperatureSensorD0Ev
                0x000152d8       0x1c ./src/Heating/Sensors/TmcDriverTemperatureSensor.o
                0x000152d8                TmcDriverTemperatureSensor::~TmcDriverTemperatureSensor()
 .text._ZN26TmcDriverTemperatureSensorC2Ej
                0x000152f4       0x1c ./src/Heating/Sensors/TmcDriverTemperatureSensor.o
                0x000152f4                TmcDriverTemperatureSensor::TmcDriverTemperatureSensor(unsigned int)
                0x000152f4                TmcDriverTemperatureSensor::TmcDriverTemperatureSensor(unsigned int)
 .text._ZN5FopDtC2Ev
                0x00015310       0x60 ./src/Heating/FOPDT.o
                0x00015310                FopDt::FopDt()
                0x00015310                FopDt::FopDt()
 .text._ZN5FopDt19SetRawPidParametersEfff
                0x00015370       0x20 ./src/Heating/FOPDT.o
                0x00015370                FopDt::SetRawPidParameters(float, float, float)
 .text._ZN5FopDt16CalcPidConstantsEv
                0x00015390       0xb8 ./src/Heating/FOPDT.o
                0x00015390                FopDt::CalcPidConstants()
 .text._ZN5FopDt13SetParametersEfffffffbb
                0x00015448       0xc0 ./src/Heating/FOPDT.o
                0x00015448                FopDt::SetParameters(float, float, float, float, float, float, float, bool, bool)
 .text._ZNK11LocalHeater7GetModeEv
                0x00015508        0x8 ./src/Heating/Heat.o
                0x00015508                LocalHeater::GetMode() const
 .text._ZN4Heat8TaskLoopEPv
                0x00015510      0x364 ./src/Heating/Heat.o
                0x00015510                Heat::TaskLoop(void*)
 .text._ZN4Heat4InitEv
                0x00015874       0x68 ./src/Heating/Heat.o
                0x00015874                Heat::Init()
 .text._ZN4Heat14ProcessM307OldERK30CanMessageUpdateHeaterModelOldRK9StringRef
                0x000158dc       0x64 ./src/Heating/Heat.o
                0x000158dc                Heat::ProcessM307Old(CanMessageUpdateHeaterModelOld const&, StringRef const&)
 .text._ZN4Heat14ProcessM307NewERK30CanMessageUpdateHeaterModelNewRK9StringRef
                0x00015940       0x64 ./src/Heating/Heat.o
                0x00015940                Heat::ProcessM307New(CanMessageUpdateHeaterModelNew const&, StringRef const&)
 .text._ZN4Heat11ProcessM308ERK17CanMessageGenericRK9StringRef
                0x000159a4      0x1bc ./src/Heating/Heat.o
                0x000159a4                Heat::ProcessM308(CanMessageGeneric const&, StringRef const&)
 .text._ZN4Heat17SetFaultDetectionERK43CanMessageSetHeaterFaultDetectionParametersRK9StringRef
                0x00015b60       0x6c ./src/Heating/Heat.o
                0x00015b60                Heat::SetFaultDetection(CanMessageSetHeaterFaultDetectionParameters const&, StringRef const&)
 .text._ZN4Heat17SetHeaterMonitorsERK27CanMessageSetHeaterMonitorsRK9StringRef
                0x00015bcc       0x64 ./src/Heating/Heat.o
                0x00015bcc                Heat::SetHeaterMonitors(CanMessageSetHeaterMonitors const&, StringRef const&)
 .text._ZN4Heat20GetSensorTemperatureEiR16TemperatureError
                0x00015c30       0x54 ./src/Heating/Heat.o
                0x00015c30                Heat::GetSensorTemperature(int, TemperatureError&)
 .text._ZN4Heat12SwitchOffAllEv
                0x00015c84       0x34 ./src/Heating/Heat.o
                0x00015c84                Heat::SwitchOffAll()
 .text._ZN4Heat14SetTemperatureERK30CanMessageSetHeaterTemperatureRK9StringRef
                0x00015cb8       0x64 ./src/Heating/Heat.o
                0x00015cb8                Heat::SetTemperature(CanMessageSetHeaterTemperature const&, StringRef const&)
 .text._ZN4Heat13TuningCommandERK29CanMessageHeaterTuningCommandRK9StringRef
                0x00015d1c       0x84 ./src/Heating/Heat.o
                0x00015d1c                Heat::TuningCommand(CanMessageHeaterTuningCommand const&, StringRef const&)
 .text._ZN4Heat11FeedForwardERK27CanMessageHeaterFeedForwardRK9StringRef
                0x00015da0       0x70 ./src/Heating/Heat.o
                0x00015da0                Heat::FeedForward(CanMessageHeaterFeedForward const&, StringRef const&)
 .text._ZN4Heat10FindSensorEi
                0x00015e10       0x3c ./src/Heating/Heat.o
                0x00015e10                Heat::FindSensor(int)
 .text._ZN4Heat19FindSensorAtOrAboveEj
                0x00015e4c       0x3c ./src/Heating/Heat.o
                0x00015e4c                Heat::FindSensorAtOrAbove(unsigned int)
 .text._ZN4Heat11DiagnosticsERK9StringRef
                0x00015e88       0x50 ./src/Heating/Heat.o
                0x00015e88                Heat::Diagnostics(StringRef const&)
 .text.startup._GLOBAL__sub_I__ZN4Heat15IsHeaterEnabledEj
                0x00015ed8       0x18 ./src/Heating/Heat.o
 .text._ZN4Heat15ConfigureHeaterERK17CanMessageGenericRK9StringRef
                0x00015ef0      0x16c ./src/Heating/Heat.o
                0x00015ef0                Heat::ConfigureHeater(CanMessageGeneric const&, StringRef const&)
 .text._ZN6HeaterC2Ej
                0x0001605c       0x4c ./src/Heating/Heater.o
                0x0001605c                Heater::Heater(unsigned int)
                0x0001605c                Heater::Heater(unsigned int)
 .text._ZN6HeaterD2Ev
                0x000160a8        0x4 ./src/Heating/Heater.o
                0x000160a8                Heater::~Heater()
                0x000160a8                Heater::~Heater()
 .text._ZN6Heater27SetFaultDetectionParametersEff
                0x000160ac        0xc ./src/Heating/Heater.o
                0x000160ac                Heater::SetFaultDetectionParameters(float, float)
 .text._ZN6Heater17SetHeaterMonitorsERK27CanMessageSetHeaterMonitorsRK9StringRef
                0x000160b8       0x68 ./src/Heating/Heater.o
                0x000160b8                Heater::SetHeaterMonitors(CanMessageSetHeaterMonitors const&, StringRef const&)
 .text._ZN6Heater19SetOrReportModelOldEjRK30CanMessageUpdateHeaterModelOldRK9StringRef
                0x00016120      0x128 ./src/Heating/Heater.o
                0x00016120                Heater::SetOrReportModelOld(unsigned int, CanMessageUpdateHeaterModelOld const&, StringRef const&)
 .text._ZN6Heater19SetOrReportModelNewEjRK30CanMessageUpdateHeaterModelNewRK9StringRef
                0x00016248      0x120 ./src/Heating/Heater.o
                0x00016248                Heater::SetOrReportModelNew(unsigned int, CanMessageUpdateHeaterModelNew const&, StringRef const&)
 .text._ZN6Heater14SetTemperatureERK30CanMessageSetHeaterTemperatureRK9StringRef
                0x00016368       0x84 ./src/Heating/Heater.o
                0x00016368                Heater::SetTemperature(CanMessageSetHeaterTemperature const&, StringRef const&)
 .text._ZN13HeaterMonitorC2Ev
                0x000163ec        0x8 ./src/Heating/HeaterMonitor.o
                0x000163ec                HeaterMonitor::HeaterMonitor()
                0x000163ec                HeaterMonitor::HeaterMonitor()
 .text._ZN13HeaterMonitor5CheckEv
                0x000163f4       0x7c ./src/Heating/HeaterMonitor.o
                0x000163f4                HeaterMonitor::Check()
 .text._ZNK11LocalHeater14GetTemperatureEv
                0x00016470        0x8 ./src/Heating/LocalHeater.o
                0x00016470                LocalHeater::GetTemperature() const
 .text._ZNK11LocalHeater14GetAccumulatorEv
                0x00016478        0x8 ./src/Heating/LocalHeater.o
                0x00016478                LocalHeater::GetAccumulator() const
 .text._ZN11LocalHeater11ResetHeaterEv
                0x00016480       0x30 ./src/Heating/LocalHeater.o
                0x00016480                LocalHeater::ResetHeater()
 .text._ZN11LocalHeater15SetPwmFrequencyEtRK9StringRef
                0x000164b0        0x8 ./src/Heating/LocalHeater.o
                0x000164b0                LocalHeater::SetPwmFrequency(unsigned short, StringRef const&)
 .text._ZN11LocalHeater11UpdateModelERK9StringRef
                0x000164b8        0x4 ./src/Heating/LocalHeater.o
                0x000164b8                LocalHeater::UpdateModel(StringRef const&)
 .text._ZNK11LocalHeater13GetAveragePWMEv
                0x000164bc       0x20 ./src/Heating/LocalHeater.o
                0x000164bc                LocalHeater::GetAveragePWM() const
 .text._ZNK11LocalHeater13ReportDetailsERK9StringRef
                0x000164dc       0x44 ./src/Heating/LocalHeater.o
                0x000164dc                LocalHeater::ReportDetails(StringRef const&) const
 .text._ZN11LocalHeater8SwitchOnEv
                0x00016520       0x74 ./src/Heating/LocalHeater.o
                0x00016520                LocalHeater::SwitchOn()
 .text._ZN11LocalHeater21FeedForwardAdjustmentEff
                0x00016594       0x5c ./src/Heating/LocalHeater.o
                0x00016594                LocalHeater::FeedForwardAdjustment(float, float)
 .text._ZN11LocalHeaterD2Ev
                0x000165f0       0x54 ./src/Heating/LocalHeater.o
                0x000165f0                LocalHeater::~LocalHeater()
                0x000165f0                LocalHeater::~LocalHeater()
 .text._ZN11LocalHeater22ConfigurePortAndSensorEPKctjRK9StringRef
                0x00016644       0x74 ./src/Heating/LocalHeater.o
                0x00016644                LocalHeater::ConfigurePortAndSensor(char const*, unsigned short, unsigned int, StringRef const&)
 .text._ZN11LocalHeater9SwitchOffEv
                0x000166b8       0x30 ./src/Heating/LocalHeater.o
                0x000166b8                LocalHeater::SwitchOff()
 .text._ZN11LocalHeaterD0Ev
                0x000166e8       0x5c ./src/Heating/LocalHeater.o
                0x000166e8                LocalHeater::~LocalHeater()
 .text._ZN11LocalHeater10ResetFaultEv
                0x00016744       0x58 ./src/Heating/LocalHeater.o
                0x00016744                LocalHeater::ResetFault()
 .text._ZN11LocalHeater7SuspendEb
                0x0001679c       0xac ./src/Heating/LocalHeater.o
                0x0001679c                LocalHeater::Suspend(bool)
 .text._ZN11LocalHeater13TuningCommandERK29CanMessageHeaterTuningCommandRK9StringRef
                0x00016848      0x114 ./src/Heating/LocalHeater.o
                0x00016848                LocalHeater::TuningCommand(CanMessageHeaterTuningCommand const&, StringRef const&)
 .text._ZN11LocalHeaterC2Ej
                0x0001695c       0x58 ./src/Heating/LocalHeater.o
                0x0001695c                LocalHeater::LocalHeater(unsigned int)
                0x0001695c                LocalHeater::LocalHeater(unsigned int)
 .text._ZN11LocalHeater12DoTuningStepEv
                0x000169b4      0x2a4 ./src/Heating/LocalHeater.o
                0x000169b4                LocalHeater::DoTuningStep()
 .text._ZN11LocalHeater4SpinEv
                0x00016c58      0x694 ./src/Heating/LocalHeater.o
                0x00016c58                LocalHeater::Spin()
 .text._ZN11LocalHeater18GetTuningCycleDataER28CanMessageHeaterTuningReport
                0x000172ec       0x78 ./src/Heating/LocalHeater.o
                0x000172ec                LocalHeater::GetTuningCycleData(CanMessageHeaterTuningReport&)
 .text._Z22TemperatureErrorString16TemperatureError
                0x00017364       0x18 ./src/Heating/TemperatureError.o
                0x00017364                TemperatureErrorString(TemperatureError)
 .text._ZN11AsyncSerialD2Ev
                0x0001737c        0x4 ./src/Hardware/SAME5x/Devices.o
                0x0001737c                AsyncSerial::~AsyncSerial()
                0x0001737c                AsyncSerial::~AsyncSerial()
 .text._Z14SerialPortInitP11AsyncSerial
                0x00017380        0x8 ./src/Hardware/SAME5x/Devices.o
                0x00017380                SerialPortInit(AsyncSerial*)
 .text._Z16SerialPortDeinitP11AsyncSerial
                0x00017388        0x8 ./src/Hardware/SAME5x/Devices.o
                0x00017388                SerialPortDeinit(AsyncSerial*)
 .text._ZN4TaskILj300EED2Ev
                0x00017390        0xc ./src/Hardware/SAME5x/Devices.o
                0x00017390                Task<300u>::~Task()
                0x00017390                Task<300u>::~Task()
 .text.SERCOM3_0_Handler
                0x0001739c        0xc ./src/Hardware/SAME5x/Devices.o
                0x0001739c                SERCOM3_0_Handler
 .text.SERCOM3_2_Handler
                0x000173a8        0xc ./src/Hardware/SAME5x/Devices.o
                0x000173a8                SERCOM3_2_Handler
 .text.SERCOM3_3_Handler
                0x000173b4        0xc ./src/Hardware/SAME5x/Devices.o
                0x000173b4                SERCOM3_3_Handler
 .text._Z10DeviceInitv
                0x000173c0       0x44 ./src/Hardware/SAME5x/Devices.o
                0x000173c0                DeviceInit()
 .text._ZN11AsyncSerialD0Ev
                0x00017404       0x10 ./src/Hardware/SAME5x/Devices.o
                0x00017404                AsyncSerial::~AsyncSerial()
 .text.startup._GLOBAL__sub_I__Z14SerialPortInitP11AsyncSerial
                0x00017414       0x5c ./src/Hardware/SAME5x/Devices.o
 .text._Z7AppInitv
                0x00017470        0x4 ./src/Hardware/SAME5x/Main.o
                0x00017470                AppInit()
 .text._Z19AppGetXoscFrequencyv
                0x00017474        0x4 ./src/Hardware/SAME5x/Main.o
                0x00017474                AppGetXoscFrequency()
 .text._Z16AppGetXoscNumberv
                0x00017478        0x4 ./src/Hardware/SAME5x/Main.o
                0x00017478                AppGetXoscNumber()
 .text._Z13SoftwareReset19SoftwareResetReasonPKm
                0x0001747c       0x4c ./src/Hardware/ExceptionHandlers.o
                0x0001747c                SoftwareReset(SoftwareResetReason, unsigned long const*)
 .text._Z18OutOfMemoryHandlerv
                0x000174c8        0xc ./src/Hardware/ExceptionHandlers.o
                0x000174c8                OutOfMemoryHandler()
 .text.hardFaultDispatcher
                0x000174d4        0xc ./src/Hardware/ExceptionHandlers.o
                0x000174d4                hardFaultDispatcher
 .text.HardFault_Handler
                0x000174e0       0x18 ./src/Hardware/ExceptionHandlers.o
                0x000174e0                HardFault_Handler
 .text.wdtFaultDispatcher
                0x000174f8        0xc ./src/Hardware/ExceptionHandlers.o
                0x000174f8                wdtFaultDispatcher
 .text.WDT_Handler
                0x00017504       0x18 ./src/Hardware/ExceptionHandlers.o
                0x00017504                WDT_Handler
 .text.otherFaultDispatcher
                0x0001751c        0xc ./src/Hardware/ExceptionHandlers.o
                0x0001751c                otherFaultDispatcher
 .text.OtherFault_Handler
                0x00017528       0x18 ./src/Hardware/ExceptionHandlers.o
                0x00017528                OtherFault_Handler
                0x00017528                DebugMon_Handler
 .text.NMI_Handler
                0x00017540        0xc ./src/Hardware/ExceptionHandlers.o
                0x00017540                NMI_Handler
 .text.UsageFault_Handler
                0x0001754c        0xc ./src/Hardware/ExceptionHandlers.o
                0x0001754c                UsageFault_Handler
 .text.stackOverflowDispatcher
                0x00017558        0xc ./src/Hardware/ExceptionHandlers.o
                0x00017558                stackOverflowDispatcher
 .text.vApplicationStackOverflowHook
                0x00017564        0xc ./src/Hardware/ExceptionHandlers.o
                0x00017564                vApplicationStackOverflowHook
 .text.assertCalledDispatcher
                0x00017570        0xc ./src/Hardware/ExceptionHandlers.o
                0x00017570                assertCalledDispatcher
 .text.vAssertCalled
                0x0001757c        0xc ./src/Hardware/ExceptionHandlers.o
                0x0001757c                vAssertCalled
 .text._ZN6IoPort4InitEv
                0x00017588       0x24 ./src/Hardware/IoPorts.o
                0x00017588                IoPort::Init()
 .text._ZN6IoPortC2Ev
                0x000175ac       0x10 ./src/Hardware/IoPorts.o
                0x000175ac                IoPort::IoPort()
                0x000175ac                IoPort::IoPort()
 .text._ZN6IoPort7SetModeE9PinAccess
                0x000175bc       0xc8 ./src/Hardware/IoPorts.o
                0x000175bc                IoPort::SetMode(PinAccess)
 .text._ZN6IoPort7ReleaseEv
                0x00017684       0x3c ./src/Hardware/IoPorts.o
                0x00017684                IoPort::Release()
 .text._ZNK6IoPort11ReadDigitalEv
                0x000176c0       0x20 ./src/Hardware/IoPorts.o
                0x000176c0                IoPort::ReadDigital() const
 .text._ZNK6IoPort10ReadAnalogEv
                0x000176e0       0x38 ./src/Hardware/IoPorts.o
                0x000176e0                IoPort::ReadAnalog() const
 .text._ZNK6IoPort15AttachInterruptEPDoFv17CallbackParameterE13InterruptModeS0_
                0x00017718       0x1c ./src/Hardware/IoPorts.o
                0x00017718                IoPort::AttachInterrupt(void (*)(CallbackParameter) noexcept, InterruptMode, CallbackParameter) const
 .text._ZNK6IoPort15DetachInterruptEv
                0x00017734       0x14 ./src/Hardware/IoPorts.o
                0x00017734                IoPort::DetachInterrupt() const
 .text._ZN6IoPort17SetAnalogCallbackEPDoFv17CallbackParametertES0_m
                0x00017748       0x24 ./src/Hardware/IoPorts.o
                0x00017748                IoPort::SetAnalogCallback(void (*)(CallbackParameter, unsigned short) noexcept, CallbackParameter, unsigned long)
 .text._ZNK6IoPort13AppendPinNameERK9StringRef
                0x0001776c       0xe8 ./src/Hardware/IoPorts.o
                0x0001776c                IoPort::AppendPinName(StringRef const&) const
 .text._ZNK6IoPort13AppendDetailsERK9StringRef
                0x00017854       0x64 ./src/Hardware/IoPorts.o
                0x00017854                IoPort::AppendDetails(StringRef const&) const
 .text._ZN6IoPort13LookupPinNameEPKcRhRbS3_
                0x000178b8       0xd4 ./src/Hardware/IoPorts.o
                0x000178b8                IoPort::LookupPinName(char const*, unsigned char&, bool&, bool&)
 .text._ZN6IoPort8AllocateEPKcRK9StringRef9PinUsedBy9PinAccess
                0x0001798c      0x1b8 ./src/Hardware/IoPorts.o
                0x0001798c                IoPort::Allocate(char const*, StringRef const&, PinUsedBy, PinAccess)
 .text._ZN6IoPort11AssignPortsEPKcRK9StringRef9PinUsedByjPKPS_PK9PinAccess
                0x00017b44      0x19c ./src/Hardware/IoPorts.o
                0x00017b44                IoPort::AssignPorts(char const*, StringRef const&, PinUsedBy, unsigned int, IoPort* const*, PinAccess const*)
 .text._ZN6IoPort12WriteDigitalEhb
                0x00017ce0        0xc ./src/Hardware/IoPorts.o
                0x00017ce0                IoPort::WriteDigital(unsigned char, bool)
 .text._ZN7PwmPortC2Ev
                0x00017cec       0x18 ./src/Hardware/IoPorts.o
                0x00017cec                PwmPort::PwmPort()
                0x00017cec                PwmPort::PwmPort()
 .text._ZNK7PwmPort13AppendDetailsERK9StringRef
                0x00017d04       0x78 ./src/Hardware/IoPorts.o
                0x00017d04                PwmPort::AppendDetails(StringRef const&) const
 .text._ZNK7PwmPort11WriteAnalogEf
                0x00017d7c       0x20 ./src/Hardware/IoPorts.o
                0x00017d7c                PwmPort::WriteAnalog(float) const
 .text._ZN17NonVolatileMemoryC2Ev
                0x00017d9c        0x8 ./src/Hardware/NonVolatileMemory.o
                0x00017d9c                NonVolatileMemory::NonVolatileMemory()
                0x00017d9c                NonVolatileMemory::NonVolatileMemory()
 .text._ZN17NonVolatileMemory13EnsureWrittenEv
                0x00017da4       0x38 ./src/Hardware/NonVolatileMemory.o
                0x00017da4                NonVolatileMemory::EnsureWritten()
 .text._ZN17NonVolatileMemory23GetLastWrittenResetDataERj
                0x00017ddc       0x80 ./src/Hardware/NonVolatileMemory.o
                0x00017ddc                NonVolatileMemory::GetLastWrittenResetData(unsigned int&)
 .text._ZN17NonVolatileMemory21AllocateResetDataSlotEv
                0x00017e5c       0x98 ./src/Hardware/NonVolatileMemory.o
                0x00017e5c                NonVolatileMemory::AllocateResetDataSlot()
 .text._ZN17NonVolatileMemory27GetThermistorLowCalibrationEj
                0x00017ef4       0x54 ./src/Hardware/NonVolatileMemory.o
                0x00017ef4                NonVolatileMemory::GetThermistorLowCalibration(unsigned int)
 .text._ZN17NonVolatileMemory28GetThermistorHighCalibrationEj
                0x00017f48       0x54 ./src/Hardware/NonVolatileMemory.o
                0x00017f48                NonVolatileMemory::GetThermistorHighCalibration(unsigned int)
 .text._ZN17NonVolatileMemory27SetThermistorLowCalibrationEja
                0x00017f9c       0x74 ./src/Hardware/NonVolatileMemory.o
                0x00017f9c                NonVolatileMemory::SetThermistorLowCalibration(unsigned int, signed char)
 .text._ZN17NonVolatileMemory28SetThermistorHighCalibrationEja
                0x00018010       0x78 ./src/Hardware/NonVolatileMemory.o
                0x00018010                NonVolatileMemory::SetThermistorHighCalibration(unsigned int, signed char)
 .text._ZN15SharedSpiClientC2ER15SharedSpiDevicem7SpiModeb
                0x00018088       0x14 ./src/Hardware/SharedSpiClient.o
                0x00018088                SharedSpiClient::SharedSpiClient(SharedSpiDevice&, unsigned long, SpiMode, bool)
                0x00018088                SharedSpiClient::SharedSpiClient(SharedSpiDevice&, unsigned long, SpiMode, bool)
 .text._ZN15SharedSpiClient10InitMasterEv
                0x0001809c       0x10 ./src/Hardware/SharedSpiClient.o
                0x0001809c                SharedSpiClient::InitMaster()
 .text._ZNK15SharedSpiClient6SelectEm
                0x000180ac       0x2c ./src/Hardware/SharedSpiClient.o
                0x000180ac                SharedSpiClient::Select(unsigned long) const
 .text._ZNK15SharedSpiClient8DeselectEv
                0x000180d8       0x24 ./src/Hardware/SharedSpiClient.o
                0x000180d8                SharedSpiClient::Deselect() const
 .text._ZNK15SharedSpiClient16TransceivePacketEPKhPhj
                0x000180fc        0x8 ./src/Hardware/SharedSpiClient.o
                0x000180fc                SharedSpiClient::TransceivePacket(unsigned char const*, unsigned char*, unsigned int) const
 .text._ZN15SharedSpiDeviceC2Ehm
                0x00018104       0xac ./src/Hardware/SharedSpiDevice.o
                0x00018104                SharedSpiDevice::SharedSpiDevice(unsigned char, unsigned long)
                0x00018104                SharedSpiDevice::SharedSpiDevice(unsigned char, unsigned long)
 .text._ZNK15SharedSpiDevice7DisableEv
                0x000181b0       0x14 ./src/Hardware/SharedSpiDevice.o
                0x000181b0                SharedSpiDevice::Disable() const
 .text._ZNK15SharedSpiDevice24SetClockFrequencyAndModeEm7SpiMode
                0x000181c4       0x78 ./src/Hardware/SharedSpiDevice.o
                0x000181c4                SharedSpiDevice::SetClockFrequencyAndMode(unsigned long, SpiMode) const
 .text._ZNK15SharedSpiDevice16TransceivePacketEPKhPhj
                0x0001823c       0x8c ./src/Hardware/SharedSpiDevice.o
                0x0001823c                SharedSpiDevice::TransceivePacket(unsigned char const*, unsigned char*, unsigned int) const
 .text._ZNK17SoftwareResetData8IsVacantEv
                0x000182c8       0x1c ./src/Hardware/SoftwareReset.o
                0x000182c8                SoftwareResetData::IsVacant() const
 .text._ZN17SoftwareResetData5ClearEv
                0x000182e4        0x8 ./src/Hardware/SoftwareReset.o
                0x000182e4                SoftwareResetData::Clear()
 .text._ZN17SoftwareResetData8PopulateEtPKm
                0x000182ec       0xcc ./src/Hardware/SoftwareReset.o
                0x000182ec                SoftwareResetData::Populate(unsigned short, unsigned long const*)
 .text._ZNK17SoftwareResetData10PrintPart2ERK9StringRef
                0x000183b8       0x38 ./src/Hardware/SoftwareReset.o
                0x000183b8                SoftwareResetData::PrintPart2(StringRef const&) const
 .text._ZN6StringILj256EE4catfEPKcz
                0x000183f0       0x28 ./src/Hardware/SoftwareReset.o
                0x000183f0                String<256u>::catf(char const*, ...)
 .text._ZNK17SoftwareResetData10PrintPart1EjRK9StringRef
                0x00018418      0x278 ./src/Hardware/SoftwareReset.o
                0x00018418                SoftwareResetData::PrintPart1(unsigned int, StringRef const&) const
 .text.__tcf_0  0x00018690       0x1c ./src/GPIO/GpioPorts.o
 .text._ZN9GpioPorts14HandleM950GpioERK17CanMessageGenericRK9StringRef
                0x000186ac      0x13c ./src/GPIO/GpioPorts.o
                0x000186ac                GpioPorts::HandleM950Gpio(CanMessageGeneric const&, StringRef const&)
 .text._ZN9GpioPorts15HandleGpioWriteERK19CanMessageWriteGpioRK9StringRef
                0x000187e8       0x34 ./src/GPIO/GpioPorts.o
                0x000187e8                GpioPorts::HandleGpioWrite(CanMessageWriteGpio const&, StringRef const&)
 .text.startup._GLOBAL__sub_I__ZN9GpioPorts14HandleM950GpioERK17CanMessageGenericRK9StringRef
                0x0001881c       0x30 ./src/GPIO/GpioPorts.o
 .text._ZN21Duet3DFilamentMonitor9InterruptEv
                0x0001884c       0x88 ./src/FilamentMonitors/Duet3DFilamentMonitor.o
                0x0001884c                Duet3DFilamentMonitor::Interrupt()
 .text._ZN21Duet3DFilamentMonitorC2Ejj
                0x000188d4       0x4c ./src/FilamentMonitors/Duet3DFilamentMonitor.o
                0x000188d4                Duet3DFilamentMonitor::Duet3DFilamentMonitor(unsigned int, unsigned int)
                0x000188d4                Duet3DFilamentMonitor::Duet3DFilamentMonitor(unsigned int, unsigned int)
 .text._ZN21Duet3DFilamentMonitor17InitReceiveBufferEv
                0x00018920       0x30 ./src/FilamentMonitors/Duet3DFilamentMonitor.o
                0x00018920                Duet3DFilamentMonitor::InitReceiveBuffer()
 .text._ZN21Duet3DFilamentMonitor17PollReceiveBufferERt
                0x00018950      0x328 ./src/FilamentMonitors/Duet3DFilamentMonitor.o
                0x00018950                Duet3DFilamentMonitor::PollReceiveBuffer(unsigned short&)
 .text._ZNK21Duet3DFilamentMonitor11IsReceivingEv
                0x00018c78       0x10 ./src/FilamentMonitors/Duet3DFilamentMonitor.o
                0x00018c78                Duet3DFilamentMonitor::IsReceiving() const
 .text._ZNK21Duet3DFilamentMonitor20IsWaitingForStartBitEv
                0x00018c88        0xc ./src/FilamentMonitors/Duet3DFilamentMonitor.o
                0x00018c88                Duet3DFilamentMonitor::IsWaitingForStartBit() const
 .text._ZN15FilamentMonitor7DisableEv
                0x00018c94        0x8 ./src/FilamentMonitors/FilamentMonitor.o
                0x00018c94                FilamentMonitor::Disable()
 .text._ZN15FilamentMonitor14InterruptEntryE17CallbackParameter
                0x00018c9c       0x80 ./src/FilamentMonitors/FilamentMonitor.o
                0x00018c9c                FilamentMonitor::InterruptEntry(CallbackParameter)
 .text._ZN15FilamentMonitorC2Ehj
                0x00018d1c       0x20 ./src/FilamentMonitors/FilamentMonitor.o
                0x00018d1c                FilamentMonitor::FilamentMonitor(unsigned char, unsigned int)
                0x00018d1c                FilamentMonitor::FilamentMonitor(unsigned char, unsigned int)
 .text._ZN15FilamentMonitorD2Ev
                0x00018d3c       0x18 ./src/FilamentMonitors/FilamentMonitor.o
                0x00018d3c                FilamentMonitor::~FilamentMonitor()
                0x00018d3c                FilamentMonitor::~FilamentMonitor()
 .text._ZN15FilamentMonitor15CommonConfigureERK23CanMessageGenericParserRK9StringRef13InterruptModeRb
                0x00018d54       0x78 ./src/FilamentMonitors/FilamentMonitor.o
                0x00018d54                FilamentMonitor::CommonConfigure(CanMessageGenericParser const&, StringRef const&, InterruptMode, bool&)
 .text._ZN15FilamentMonitor6CreateERK31CanMessageCreateFilamentMonitorRK9StringRef
                0x00018dcc       0xd4 ./src/FilamentMonitors/FilamentMonitor.o
                0x00018dcc                FilamentMonitor::Create(CanMessageCreateFilamentMonitor const&, StringRef const&)
 .text._ZN15FilamentMonitor6DeleteERK31CanMessageDeleteFilamentMonitorRK9StringRef
                0x00018ea0       0x64 ./src/FilamentMonitors/FilamentMonitor.o
                0x00018ea0                FilamentMonitor::Delete(CanMessageDeleteFilamentMonitor const&, StringRef const&)
 .text._ZN15FilamentMonitor9ConfigureERK17CanMessageGenericRK9StringRef
                0x00018f04       0x88 ./src/FilamentMonitors/FilamentMonitor.o
                0x00018f04                FilamentMonitor::Configure(CanMessageGeneric const&, StringRef const&)
 .text._ZN15FilamentMonitor4SpinEv
                0x00018f8c      0x1b8 ./src/FilamentMonitors/FilamentMonitor.o
                0x00018f8c                FilamentMonitor::Spin()
 .text._ZN15FilamentMonitor14GetDiagnosticsERK9StringRef
                0x00019144       0xe4 ./src/FilamentMonitors/FilamentMonitor.o
                0x00019144                FilamentMonitor::GetDiagnostics(StringRef const&)
 .text.startup._GLOBAL__sub_I__ZN15FilamentMonitor20filamentMonitorsLockE
                0x00019228       0x10 ./src/FilamentMonitors/FilamentMonitor.o
 .text._ZN20LaserFilamentMonitor11DiagnosticsERK9StringRef
                0x00019238       0xb0 ./src/FilamentMonitors/LaserFilamentMonitor.o
                0x00019238                LaserFilamentMonitor::Diagnostics(StringRef const&)
 .text._ZN20LaserFilamentMonitorD2Ev
                0x000192e8       0x14 ./src/FilamentMonitors/LaserFilamentMonitor.o
                0x000192e8                LaserFilamentMonitor::~LaserFilamentMonitor()
                0x000192e8                LaserFilamentMonitor::~LaserFilamentMonitor()
 .text._ZN20LaserFilamentMonitorD0Ev
                0x000192fc       0x20 ./src/FilamentMonitors/LaserFilamentMonitor.o
                0x000192fc                LaserFilamentMonitor::~LaserFilamentMonitor()
 .text._ZN20LaserFilamentMonitor9ConfigureERK23CanMessageGenericParserRK9StringRef
                0x0001931c      0x308 ./src/FilamentMonitors/LaserFilamentMonitor.o
                0x0001931c                LaserFilamentMonitor::Configure(CanMessageGenericParser const&, StringRef const&)
 .text._ZN20LaserFilamentMonitorC2Ejj
                0x00019624       0x98 ./src/FilamentMonitors/LaserFilamentMonitor.o
                0x00019624                LaserFilamentMonitor::LaserFilamentMonitor(unsigned int, unsigned int)
                0x00019624                LaserFilamentMonitor::LaserFilamentMonitor(unsigned int, unsigned int)
 .text._ZN20LaserFilamentMonitor18HandleIncomingDataEv
                0x000196bc      0x1e4 ./src/FilamentMonitors/LaserFilamentMonitor.o
                0x000196bc                LaserFilamentMonitor::HandleIncomingData()
 .text._ZN20LaserFilamentMonitor5ClearEv
                0x000198a0       0x68 ./src/FilamentMonitors/LaserFilamentMonitor.o
                0x000198a0                LaserFilamentMonitor::Clear()
 .text._ZN20LaserFilamentMonitor13CheckFilamentEffb
                0x00019908      0x134 ./src/FilamentMonitors/LaserFilamentMonitor.o
                0x00019908                LaserFilamentMonitor::CheckFilament(float, float, bool)
 .text._ZN20LaserFilamentMonitor5CheckEbbmf
                0x00019a3c      0x118 ./src/FilamentMonitors/LaserFilamentMonitor.o
                0x00019a3c                LaserFilamentMonitor::Check(bool, bool, unsigned long, float)
 .text._ZN21PulsedFilamentMonitor9ConfigureERK23CanMessageGenericParserRK9StringRef
                0x00019b54      0x21c ./src/FilamentMonitors/PulsedFilamentMonitor.o
                0x00019b54                PulsedFilamentMonitor::Configure(CanMessageGenericParser const&, StringRef const&)
 .text._ZN21PulsedFilamentMonitor9InterruptEv
                0x00019d70       0x38 ./src/FilamentMonitors/PulsedFilamentMonitor.o
                0x00019d70                PulsedFilamentMonitor::Interrupt()
 .text._ZN21PulsedFilamentMonitorD2Ev
                0x00019da8       0x14 ./src/FilamentMonitors/PulsedFilamentMonitor.o
                0x00019da8                PulsedFilamentMonitor::~PulsedFilamentMonitor()
                0x00019da8                PulsedFilamentMonitor::~PulsedFilamentMonitor()
 .text._ZN21PulsedFilamentMonitorD0Ev
                0x00019dbc       0x1c ./src/FilamentMonitors/PulsedFilamentMonitor.o
                0x00019dbc                PulsedFilamentMonitor::~PulsedFilamentMonitor()
 .text._ZN21PulsedFilamentMonitor5ClearEv
                0x00019dd8       0x44 ./src/FilamentMonitors/PulsedFilamentMonitor.o
                0x00019dd8                PulsedFilamentMonitor::Clear()
 .text._ZN21PulsedFilamentMonitor11DiagnosticsERK9StringRef
                0x00019e1c       0xa4 ./src/FilamentMonitors/PulsedFilamentMonitor.o
                0x00019e1c                PulsedFilamentMonitor::Diagnostics(StringRef const&)
 .text._ZN21PulsedFilamentMonitorC2Ejj
                0x00019ec0       0x54 ./src/FilamentMonitors/PulsedFilamentMonitor.o
                0x00019ec0                PulsedFilamentMonitor::PulsedFilamentMonitor(unsigned int, unsigned int)
                0x00019ec0                PulsedFilamentMonitor::PulsedFilamentMonitor(unsigned int, unsigned int)
 .text._ZN21PulsedFilamentMonitor13CheckFilamentEffb
                0x00019f14       0xd8 ./src/FilamentMonitors/PulsedFilamentMonitor.o
                0x00019f14                PulsedFilamentMonitor::CheckFilament(float, float, bool)
 .text._ZN21PulsedFilamentMonitor5CheckEbbmf
                0x00019fec      0x14c ./src/FilamentMonitors/PulsedFilamentMonitor.o
                0x00019fec                PulsedFilamentMonitor::Check(bool, bool, unsigned long, float)
 .text._ZN29RotatingMagnetFilamentMonitor11DiagnosticsERK9StringRef
                0x0001a138       0x80 ./src/FilamentMonitors/RotatingMagnetFilamentMonitor.o
                0x0001a138                RotatingMagnetFilamentMonitor::Diagnostics(StringRef const&)
 .text._ZN29RotatingMagnetFilamentMonitorD2Ev
                0x0001a1b8       0x14 ./src/FilamentMonitors/RotatingMagnetFilamentMonitor.o
                0x0001a1b8                RotatingMagnetFilamentMonitor::~RotatingMagnetFilamentMonitor()
                0x0001a1b8                RotatingMagnetFilamentMonitor::~RotatingMagnetFilamentMonitor()
 .text._ZN29RotatingMagnetFilamentMonitorD0Ev
                0x0001a1cc       0x20 ./src/FilamentMonitors/RotatingMagnetFilamentMonitor.o
                0x0001a1cc                RotatingMagnetFilamentMonitor::~RotatingMagnetFilamentMonitor()
 .text._ZN29RotatingMagnetFilamentMonitor9ConfigureERK23CanMessageGenericParserRK9StringRef
                0x0001a1ec      0x30c ./src/FilamentMonitors/RotatingMagnetFilamentMonitor.o
                0x0001a1ec                RotatingMagnetFilamentMonitor::Configure(CanMessageGenericParser const&, StringRef const&)
 .text._ZN29RotatingMagnetFilamentMonitorC2Ejj
                0x0001a4f8       0x98 ./src/FilamentMonitors/RotatingMagnetFilamentMonitor.o
                0x0001a4f8                RotatingMagnetFilamentMonitor::RotatingMagnetFilamentMonitor(unsigned int, unsigned int)
                0x0001a4f8                RotatingMagnetFilamentMonitor::RotatingMagnetFilamentMonitor(unsigned int, unsigned int)
 .text._ZN29RotatingMagnetFilamentMonitor18HandleIncomingDataEv
                0x0001a590      0x1ec ./src/FilamentMonitors/RotatingMagnetFilamentMonitor.o
                0x0001a590                RotatingMagnetFilamentMonitor::HandleIncomingData()
 .text._ZN29RotatingMagnetFilamentMonitor5ClearEv
                0x0001a77c       0x68 ./src/FilamentMonitors/RotatingMagnetFilamentMonitor.o
                0x0001a77c                RotatingMagnetFilamentMonitor::Clear()
 .text._ZN29RotatingMagnetFilamentMonitor13CheckFilamentEffb
                0x0001a7e4      0x13c ./src/FilamentMonitors/RotatingMagnetFilamentMonitor.o
                0x0001a7e4                RotatingMagnetFilamentMonitor::CheckFilament(float, float, bool)
 .text._ZN29RotatingMagnetFilamentMonitor5CheckEbbmf
                0x0001a920      0x118 ./src/FilamentMonitors/RotatingMagnetFilamentMonitor.o
                0x0001a920                RotatingMagnetFilamentMonitor::Check(bool, bool, unsigned long, float)
 .text._ZN21SimpleFilamentMonitor9InterruptEv
                0x0001aa38        0xc ./src/FilamentMonitors/SimpleFilamentMonitor.o
                0x0001aa38                SimpleFilamentMonitor::Interrupt()
 .text._ZN21SimpleFilamentMonitor5CheckEbbmf
                0x0001aa44       0x34 ./src/FilamentMonitors/SimpleFilamentMonitor.o
                0x0001aa44                SimpleFilamentMonitor::Check(bool, bool, unsigned long, float)
 .text._ZN21SimpleFilamentMonitor5ClearEv
                0x0001aa78       0x34 ./src/FilamentMonitors/SimpleFilamentMonitor.o
                0x0001aa78                SimpleFilamentMonitor::Clear()
 .text._ZN21SimpleFilamentMonitor11DiagnosticsERK9StringRef
                0x0001aaac       0x40 ./src/FilamentMonitors/SimpleFilamentMonitor.o
                0x0001aaac                SimpleFilamentMonitor::Diagnostics(StringRef const&)
 .text._ZN21SimpleFilamentMonitorD2Ev
                0x0001aaec       0x14 ./src/FilamentMonitors/SimpleFilamentMonitor.o
                0x0001aaec                SimpleFilamentMonitor::~SimpleFilamentMonitor()
                0x0001aaec                SimpleFilamentMonitor::~SimpleFilamentMonitor()
 .text._ZN21SimpleFilamentMonitorD0Ev
                0x0001ab00       0x1c ./src/FilamentMonitors/SimpleFilamentMonitor.o
                0x0001ab00                SimpleFilamentMonitor::~SimpleFilamentMonitor()
 .text._ZN21SimpleFilamentMonitor9ConfigureERK23CanMessageGenericParserRK9StringRef
                0x0001ab1c       0xf4 ./src/FilamentMonitors/SimpleFilamentMonitor.o
                0x0001ab1c                SimpleFilamentMonitor::Configure(CanMessageGenericParser const&, StringRef const&)
 .text._ZN21SimpleFilamentMonitorC2Ejj
                0x0001ac10       0x2c ./src/FilamentMonitors/SimpleFilamentMonitor.o
                0x0001ac10                SimpleFilamentMonitor::SimpleFilamentMonitor(unsigned int, unsigned int)
                0x0001ac10                SimpleFilamentMonitor::SimpleFilamentMonitor(unsigned int, unsigned int)
 *fill*         0x0001ac3c        0x4 
 .text._ZN3FanC2Ej
                0x0001ac40       0x4c ./src/Fans/Fan.o
                0x0001ac40                Fan::Fan(unsigned int)
                0x0001ac40                Fan::Fan(unsigned int)
 .text._ZN3Fan9ConfigureERK23CanMessageFanParametersRK9StringRef
                0x0001ac8c       0x48 ./src/Fans/Fan.o
                0x0001ac8c                Fan::Configure(CanMessageFanParameters const&, StringRef const&)
 .text._ZN3Fan6SetPwmEf
                0x0001acd4        0xc ./src/Fans/Fan.o
                0x0001acd4                Fan::SetPwm(float)
 .text._ZN8LocalFan15SetPwmFrequencyEt
                0x0001ace0        0x4 ./src/Fans/FansManager.o
                0x0001ace0                LocalFan::SetPwmFrequency(unsigned short)
 .text._ZN11FansManager9CheckFansEb
                0x0001ace4       0x3c ./src/Fans/FansManager.o
                0x0001ace4                FansManager::CheckFans(bool)
 .text._ZN11FansManager16ConfigureFanPortERK17CanMessageGenericRK9StringRef
                0x0001ad20      0x178 ./src/Fans/FansManager.o
                0x0001ad20                FansManager::ConfigureFanPort(CanMessageGeneric const&, StringRef const&)
 .text._ZN11FansManager12ConfigureFanERK23CanMessageFanParametersRK9StringRef
                0x0001ae98       0x58 ./src/Fans/FansManager.o
                0x0001ae98                FansManager::ConfigureFan(CanMessageFanParameters const&, StringRef const&)
 .text._ZN11FansManager11SetFanSpeedERK21CanMessageSetFanSpeedRK9StringRef
                0x0001aef0       0x5c ./src/Fans/FansManager.o
                0x0001aef0                FansManager::SetFanSpeed(CanMessageSetFanSpeed const&, StringRef const&)
 .text._ZN11FansManager18PopulateFansReportER20CanMessageFansReport
                0x0001af4c       0xa4 ./src/Fans/FansManager.o
                0x0001af4c                FansManager::PopulateFansReport(CanMessageFansReport&)
 .text.startup._GLOBAL__sub_I__ZN11FansManager9CheckFansEb
                0x0001aff0       0x10 ./src/Fans/FansManager.o
 .text._ZNK8LocalFan9IsEnabledEv
                0x0001b000        0xc ./src/Fans/LocalFan.o
                0x0001b000                LocalFan::IsEnabled() const
 .text._ZN8LocalFan22UpdateFanConfigurationERK9StringRef
                0x0001b00c       0x10 ./src/Fans/LocalFan.o
                0x0001b00c                LocalFan::UpdateFanConfiguration(StringRef const&)
 .text._ZN8LocalFan5CheckEb
                0x0001b01c       0x2c ./src/Fans/LocalFan.o
                0x0001b01c                LocalFan::Check(bool)
 .text._ZN8LocalFanD2Ev
                0x0001b048       0x40 ./src/Fans/LocalFan.o
                0x0001b048                LocalFan::~LocalFan()
                0x0001b048                LocalFan::~LocalFan()
 .text._ZNK8LocalFan17ReportPortDetailsERK9StringRef
                0x0001b088       0x44 ./src/Fans/LocalFan.o
                0x0001b088                LocalFan::ReportPortDetails(StringRef const&) const
 .text._ZN8LocalFan6GetRPMEv
                0x0001b0cc       0x4c ./src/Fans/LocalFan.o
                0x0001b0cc                LocalFan::GetRPM()
 .text._Z12FanInterrupt17CallbackParameter
                0x0001b118       0x38 ./src/Fans/LocalFan.o
                0x0001b118                FanInterrupt(CallbackParameter)
 .text._ZN8LocalFan7RefreshEb
                0x0001b150      0x25c ./src/Fans/LocalFan.o
                0x0001b150                LocalFan::Refresh(bool)
 .text._ZN8LocalFanD0Ev
                0x0001b3ac       0x48 ./src/Fans/LocalFan.o
                0x0001b3ac                LocalFan::~LocalFan()
 .text._ZN8LocalFanC2Ej
                0x0001b3f4       0x30 ./src/Fans/LocalFan.o
                0x0001b3f4                LocalFan::LocalFan(unsigned int)
                0x0001b3f4                LocalFan::LocalFan(unsigned int)
 *fill*         0x0001b424        0x4 
 .text._ZN8LocalFan11AssignPortsEPKcRK9StringRef
                0x0001b428       0x8c ./src/Fans/LocalFan.o
                0x0001b428                LocalFan::AssignPorts(char const*, StringRef const&)
 .text._ZN6StringILj500EE6printfEPKcz
                0x0001b4b4       0x28 ./src/CommandProcessing/CommandProcessor.o
                0x0001b4b4                String<500u>::printf(char const*, ...)
 .text._ZN16CommandProcessor4SpinEv
                0x0001b4dc     0x126c ./src/CommandProcessing/CommandProcessor.o
                0x0001b4dc                CommandProcessor::Spin()
 .text._ZN4TaskILj120EED2Ev
                0x0001c748        0xc ./src/CAN/CanInterface.o
                0x0001c748                Task<120u>::~Task()
                0x0001c748                Task<120u>::~Task()
 .text._ZN4TaskILj130EED2Ev
                0x0001c754        0xc ./src/CAN/CanInterface.o
                0x0001c754                Task<130u>::~Task()
                0x0001c754                Task<130u>::~Task()
 .text.CanClockLoop
                0x0001c760       0x50 ./src/CAN/CanInterface.o
                0x0001c760                CanClockLoop
 .text.CanAsyncSenderLoop
                0x0001c7b0       0xb0 ./src/CAN/CanInterface.o
                0x0001c7b0                CanAsyncSenderLoop
 .text._ZN12CanInterface4InitEhbb
                0x0001c860      0x178 ./src/CAN/CanInterface.o
                0x0001c860                CanInterface::Init(unsigned char, bool, bool)
 .text._ZN12CanInterface8ShutdownEv
                0x0001c9d8       0x34 ./src/CAN/CanInterface.o
                0x0001c9d8                CanInterface::Shutdown()
 .text._ZN12CanInterface13GetCanAddressEv
                0x0001ca0c        0xc ./src/CAN/CanInterface.o
                0x0001ca0c                CanInterface::GetCanAddress()
 .text._ZN12CanInterface23GetCurrentMasterAddressEv
                0x0001ca18        0xc ./src/CAN/CanInterface.o
                0x0001ca18                CanInterface::GetCurrentMasterAddress()
 .text._ZN12CanInterface4SendEP16CanMessageBuffer
                0x0001ca24       0x3c ./src/CAN/CanInterface.o
                0x0001ca24                CanInterface::Send(CanMessageBuffer*)
 .text._ZN12CanInterface11SendAndFreeEP16CanMessageBuffer
                0x0001ca60       0x44 ./src/CAN/CanInterface.o
                0x0001ca60                CanInterface::SendAndFree(CanMessageBuffer*)
 .text._ZN12CanInterface10GetCanMoveEm
                0x0001caa4        0xc ./src/CAN/CanInterface.o
                0x0001caa4                CanInterface::GetCanMove(unsigned long)
 .text._ZN12CanInterface13GetCanCommandEm
                0x0001cab0        0xc ./src/CAN/CanInterface.o
                0x0001cab0                CanInterface::GetCanCommand(unsigned long)
 .text._ZN12CanInterface22ProcessReceivedMessageEP16CanMessageBuffer
                0x0001cabc      0x1a0 ./src/CAN/CanInterface.o
                0x0001cabc                CanInterface::ProcessReceivedMessage(CanMessageBuffer*)
 .text.CanReceiverLoop
                0x0001cc5c       0x58 ./src/CAN/CanInterface.o
                0x0001cc5c                CanReceiverLoop
 .text._ZN12CanInterface11DiagnosticsERK9StringRef
                0x0001ccb4       0xf8 ./src/CAN/CanInterface.o
                0x0001ccb4                CanInterface::Diagnostics(StringRef const&)
 .text._ZN12CanInterface12SendAnnounceEP16CanMessageBuffer
                0x0001cdac       0xb8 ./src/CAN/CanInterface.o
                0x0001cdac                CanInterface::SendAnnounce(CanMessageBuffer*)
 .text._ZN12CanInterface22WakeAsyncSenderFromIsrEv
                0x0001ce64        0xc ./src/CAN/CanInterface.o
                0x0001ce64                CanInterface::WakeAsyncSenderFromIsr()
 .text._ZN12CanInterface24ChangeAddressAndDataRateERK35CanMessageSetAddressAndNormalTimingRK9StringRef
                0x0001ce70      0x13c ./src/CAN/CanInterface.o
                0x0001ce70                CanInterface::ChangeAddressAndDataRate(CanMessageSetAddressAndNormalTiming const&, StringRef const&)
 .text._ZN12CanInterface13GetCanMessageEP16CanMessageBuffer
                0x0001cfac       0x14 ./src/CAN/CanInterface.o
                0x0001cfac                CanInterface::GetCanMessage(CanMessageBuffer*)
 .text._ZN12CanInterface19GetTimeStampCounterEv
                0x0001cfc0       0x10 ./src/CAN/CanInterface.o
                0x0001cfc0                CanInterface::GetTimeStampCounter()
 .text._ZN12CanInterface18GetTimeStampPeriodEv
                0x0001cfd0       0x10 ./src/CAN/CanInterface.o
                0x0001cfd0                CanInterface::GetTimeStampPeriod()
 .text.startup._GLOBAL__sub_I_expectedSeq
                0x0001cfe0       0x6c ./src/CAN/CanInterface.o
 .text._ZN15CanMessageQueueC2Ev
                0x0001d04c        0x8 ./src/CAN/CanMessageQueue.o
                0x0001d04c                CanMessageQueue::CanMessageQueue()
                0x0001d04c                CanMessageQueue::CanMessageQueue()
 .text._ZN15CanMessageQueue10AddMessageEP16CanMessageBuffer
                0x0001d054       0x30 ./src/CAN/CanMessageQueue.o
                0x0001d054                CanMessageQueue::AddMessage(CanMessageBuffer*)
 .text._ZN15CanMessageQueue10GetMessageEm
                0x0001d084       0x58 ./src/CAN/CanMessageQueue.o
                0x0001d084                CanMessageQueue::GetMessage(unsigned long)
 .text._ZN18AdcAveragingFilterILj64EE22CallbackFeedIntoFilterE17CallbackParametert
                0x0001d0dc       0x44 ./src/Platform.o
                0x0001d0dc                AdcAveragingFilter<64u>::CallbackFeedIntoFilter(CallbackParameter, unsigned short)
 .text._ZN18AdcAveragingFilterILj8EE22CallbackFeedIntoFilterE17CallbackParametert
                0x0001d120       0x3c ./src/Platform.o
                0x0001d120                AdcAveragingFilter<8u>::CallbackFeedIntoFilter(CallbackParameter, unsigned short)
 .text._ZN18AdcAveragingFilterILj16EE22CallbackFeedIntoFilterE17CallbackParametert
                0x0001d15c       0x40 ./src/Platform.o
                0x0001d15c                AdcAveragingFilter<16u>::CallbackFeedIntoFilter(CallbackParameter, unsigned short)
 .text._ZN8PlatformL11ShutdownAllEv
                0x0001d19c       0x38 ./src/Platform.o
 .text._ZN8Platform8WriteLedEhb
                0x0001d1d4        0xc ./src/Platform.o
                0x0001d1d4                Platform::WriteLed(unsigned char, bool)
 .text._ZN8Platform4InitEv
                0x0001d1e0      0x61c ./src/Platform.o
                0x0001d1e0                Platform::Init()
 .text._ZN8Platform11InitMinimalEv
                0x0001d7fc      0x148 ./src/Platform.o
                0x0001d7fc                Platform::InitMinimal()
 .text._ZN8Platform4SpinEv
                0x0001d944      0x56c ./src/Platform.o
                0x0001d944                Platform::Spin()
 .text._ZN8Platform11SpinMinimalEv
                0x0001deb0       0x1c ./src/Platform.o
                0x0001deb0                Platform::SpinMinimal()
 .text._ZN8Platform23GetAveragingFilterIndexERK6IoPort
                0x0001decc       0x14 ./src/Platform.o
                0x0001decc                Platform::GetAveragingFilterIndex(IoPort const&)
 .text._ZN8Platform12GetAdcFilterEj
                0x0001dee0       0x10 ./src/Platform.o
                0x0001dee0                Platform::GetAdcFilter(unsigned int)
 .text._ZN8Platform13GetVssaFilterEj
                0x0001def0        0x8 ./src/Platform.o
                0x0001def0                Platform::GetVssaFilter(unsigned int)
 .text._ZN8Platform13GetVrefFilterEj
                0x0001def8        0x8 ./src/Platform.o
                0x0001def8                Platform::GetVrefFilter(unsigned int)
 .text._ZN8Platform18GetMcuTemperaturesERfS0_S0_
                0x0001df00       0x2c ./src/Platform.o
                0x0001df00                Platform::GetMcuTemperatures(float&, float&, float&)
 .text._ZN8Platform20KickHeatTaskWatchdogEv
                0x0001df2c        0xc ./src/Platform.o
                0x0001df2c                Platform::KickHeatTaskWatchdog()
 .text._ZN8Platform20GetHeatTaskIdleTicksEv
                0x0001df38        0xc ./src/Platform.o
                0x0001df38                Platform::GetHeatTaskIdleTicks()
 .text._ZN8Platform17HandleHeaterFaultEj
                0x0001df44        0x4 ./src/Platform.o
                0x0001df44                Platform::HandleHeaterFault(unsigned int)
 .text._ZN8Platform8LogErrorE9ErrorCode
                0x0001df48       0x10 ./src/Platform.o
                0x0001df48                Platform::LogError(ErrorCode)
 .text._ZN8Platform5DebugE6Module
                0x0001df58        0x4 ./src/Platform.o
                0x0001df58                Platform::Debug(Module)
 .text._ZN8Platform17DriveStepsPerUnitEj
                0x0001df5c       0x10 ./src/Platform.o
                0x0001df5c                Platform::DriveStepsPerUnit(unsigned int)
 .text._ZN8Platform20SetDriveStepsPerUnitEjf
                0x0001df6c       0x14 ./src/Platform.o
                0x0001df6c                Platform::SetDriveStepsPerUnit(unsigned int, float)
 .text._ZN8Platform24GetPressureAdvanceClocksEj
                0x0001df80       0x10 ./src/Platform.o
                0x0001df80                Platform::GetPressureAdvanceClocks(unsigned int)
 .text._ZN8Platform18SetPressureAdvanceEjf
                0x0001df90       0x1c ./src/Platform.o
                0x0001df90                Platform::SetPressureAdvance(unsigned int, float)
 .text._ZN8Platform17SetDirectionValueEjb
                0x0001dfac       0x10 ./src/Platform.o
                0x0001dfac                Platform::SetDirectionValue(unsigned int, bool)
 .text._ZN8Platform17GetDirectionValueEj
                0x0001dfbc       0x10 ./src/Platform.o
                0x0001dfbc                Platform::GetDirectionValue(unsigned int)
 .text._ZN8Platform12SetDirectionEjb
                0x0001dfcc       0x2c ./src/Platform.o
                0x0001dfcc                Platform::SetDirection(unsigned int, bool)
 .text._ZN8Platform14SetEnableValueEja
                0x0001dff8       0x10 ./src/Platform.o
                0x0001dff8                Platform::SetEnableValue(unsigned int, signed char)
 .text._ZN8Platform14GetEnableValueEj
                0x0001e008       0x10 ./src/Platform.o
                0x0001e008                Platform::GetEnableValue(unsigned int)
 .text._ZN8Platform11EnableDriveEj
                0x0001e018       0x3c ./src/Platform.o
                0x0001e018                Platform::EnableDrive(unsigned int)
 .text._ZN8Platform12DisableDriveEj
                0x0001e054        0x8 ./src/Platform.o
                0x0001e054                Platform::DisableDrive(unsigned int)
 .text._ZN8Platform13SetDriverIdleEjh
                0x0001e05c       0x54 ./src/Platform.o
                0x0001e05c                Platform::SetDriverIdle(unsigned int, unsigned char)
 .text._ZN8Platform15SetMotorCurrentEjf
                0x0001e0b0       0x30 ./src/Platform.o
                0x0001e0b0                Platform::SetMotorCurrent(unsigned int, float)
 .text._ZN8Platform14AppendUniqueIdERK9StringRef
                0x0001e0e0       0xb8 ./src/Platform.o
                0x0001e0e0                Platform::AppendUniqueId(StringRef const&)
 .text._ZN8Platform24GetTmcDriversTemperatureEv
                0x0001e198       0x3c ./src/Platform.o
                0x0001e198                Platform::GetTmcDriversTemperature()
 .text._ZN8Platform4TickEv
                0x0001e1d4       0x10 ./src/Platform.o
                0x0001e1d4                Platform::Tick()
 .text._ZN8Platform19StartFirmwareUpdateEv
                0x0001e1e4       0x1c ./src/Platform.o
                0x0001e1e4                Platform::StartFirmwareUpdate()
 .text._ZN8Platform21StartBootloaderUpdateEv
                0x0001e200       0x1c ./src/Platform.o
                0x0001e200                Platform::StartBootloaderUpdate()
 .text._ZN8Platform10StartResetEv
                0x0001e21c       0x1c ./src/Platform.o