Archive member included to satisfy reference by file (symbol)

C:\Eclipse\Firmware\CoreN2G\SAMC21_CAN_RTOS\libCoreN2G.a(hpl_nvmctrl.o)
                              ./src/CAN/CanInterface.o (_user_area_write)
C:\Eclipse\Firmware\CoreN2G\SAMC21_CAN_RTOS\libCoreN2G.a(hpl_divas.o)
                              ./src/Tasks.o (__aeabi_idiv)
C:\Eclipse\Firmware\CoreN2G\SAMC21_CAN_RTOS\libCoreN2G.a(AnalogIn.o)
                              ./src/Hardware/SAMC21/Devices.o (TaskLoop)
C:\Eclipse\Firmware\CoreN2G\SAMC21_CAN_RTOS\libCoreN2G.a(Startup.o)
                              (Reset_Handler)
C:\Eclipse\Firmware\CoreN2G\SAMC21_CAN_RTOS\libCoreN2G.a(Vectors.o)
                              ./src/Platform.o (SystemCoreClock)
C:\Eclipse\Firmware\CoreN2G\SAMC21_CAN_RTOS\libCoreN2G.a(AnalogOut.o)
                              ./src/Hardware/SAMC21/Devices.o (AnalogOut::Init())
C:\Eclipse\Firmware\CoreN2G\SAMC21_CAN_RTOS\libCoreN2G.a(AsyncSerial.o)
                              ./src/Hardware/SAMC21/Devices.o (AsyncSerial::AsyncSerial(unsigned char, unsigned char, unsigned int, unsigned int, void (*)(AsyncSerial*) noexcept, void (*)(AsyncSerial*) noexcept))
C:\Eclipse\Firmware\CoreN2G\SAMC21_CAN_RTOS\libCoreN2G.a(DmacManager.o)
                              C:\Eclipse\Firmware\CoreN2G\SAMC21_CAN_RTOS\libCoreN2G.a(AnalogIn.o) (DmacManager::SetBtctrl(unsigned char, unsigned short))
C:\Eclipse\Firmware\CoreN2G\SAMC21_CAN_RTOS\libCoreN2G.a(Flash.o)
                              ./src/Tasks.o (Flash::Init())
C:\Eclipse\Firmware\CoreN2G\SAMC21_CAN_RTOS\libCoreN2G.a(Interrupts.o)
                              ./src/Hardware/IoPorts.o (attachInterrupt(unsigned char, void (*)(CallbackParameter) noexcept, InterruptMode, CallbackParameter))
C:\Eclipse\Firmware\CoreN2G\SAMC21_CAN_RTOS\libCoreN2G.a(Serial.o)
                              C:\Eclipse\Firmware\CoreN2G\SAMC21_CAN_RTOS\libCoreN2G.a(AsyncSerial.o) (Serial::InitUart(unsigned char, unsigned long, unsigned char))
C:\Eclipse\Firmware\CoreN2G\SAMC21_CAN_RTOS\libCoreN2G.a(CanDevice.o)
                              ./src/CAN/CanInterface.o (CanDevice::Init(unsigned int, unsigned int, CanDevice::Config const&, unsigned long*, CanTiming const&, void (*)(unsigned char, CanId, unsigned short) noexcept))
C:\Eclipse\Firmware\CoreN2G\SAMC21_CAN_RTOS\libCoreN2G.a(CoreIO.o)
                              ./src/Platform.o (DelayCycles)
C:\Eclipse\Firmware\CoreN2G\SAMC21_CAN_RTOS\libCoreN2G.a(Stream.o)
                              C:\Eclipse\Firmware\CoreN2G\SAMC21_CAN_RTOS\libCoreN2G.a(AsyncSerial.o) (Stream::readBytes(char*, unsigned int))
C:\Eclipse\Firmware\CoreN2G\SAMC21_CAN_RTOS\libCoreN2G.a(hal_flash.o)
                              C:\Eclipse\Firmware\CoreN2G\SAMC21_CAN_RTOS\libCoreN2G.a(Flash.o) (flash_init)
C:\Eclipse\Firmware\CoreN2G\SAMC21_CAN_RTOS\libCoreN2G.a(Atomic.o)
                              C:\Eclipse\Firmware\CoreN2G\SAMC21_CAN_RTOS\libCoreN2G.a(CanDevice.o) (__atomic_fetch_or_4)
C:\Eclipse\Firmware\CoreN2G\SAMC21_CAN_RTOS\libCoreN2G.a(Print.o)
                              C:\Eclipse\Firmware\CoreN2G\SAMC21_CAN_RTOS\libCoreN2G.a(Stream.o) (Print::write(unsigned char const*, unsigned int))
C:\Eclipse\Firmware\CANlib\SAMC21_RTOS\libCANlib.a(CanMessageBuffer.o)
                              ./src/CAN/CanInterface.o (CanMessageBuffer::Init(unsigned int))
C:\Eclipse\Firmware\CANlib\SAMC21_RTOS\libCANlib.a(CanMessageGenericParser.o)
                              ./src/Heating/Sensors/SensorWithPort.o (CanMessageGenericParser::GetStringParam(char, StringRef const&) const)
C:\Eclipse\Firmware\CANlib\SAMC21_RTOS\libCANlib.a(CanSettings.o)
                              ./src/CAN/CanInterface.o (CanUserAreaData::SetCanAddress(unsigned char))
C:\Eclipse\Firmware\RRFLibraries\SAMC21_RTOS\libRRFLibraries.a(RTOSIface.o)
                              ./src/CAN/CanInterface.o (Mutex::Create(char const*))
C:\Eclipse\Firmware\RRFLibraries\SAMC21_RTOS\libRRFLibraries.a(Isqrt.o)
                              ./src/Movement/DriveMovement.o (isqrt64(unsigned long long))
C:\Eclipse\Firmware\RRFLibraries\SAMC21_RTOS\libRRFLibraries.a(SafeVsnprintf.o)
                              C:\Eclipse\Firmware\CoreN2G\SAMC21_CAN_RTOS\libCoreN2G.a(Print.o) (vuprintf(function_ref<bool (char)>, char const*, std::__va_list))
C:\Eclipse\Firmware\RRFLibraries\SAMC21_RTOS\libRRFLibraries.a(StringFunctions.o)
                              ./src/Heating/Heat.o (StringEqualsIgnoreCase(char const*, char const*))
C:\Eclipse\Firmware\RRFLibraries\SAMC21_RTOS\libRRFLibraries.a(StringRef.o)
                              ./src/Hardware/IoPorts.o (StringRef::strlen() const)
C:\Eclipse\Firmware\RRFLibraries\SAMC21_RTOS\libRRFLibraries.a(Strnlen.o)
                              ./src/CommandProcessing/CommandProcessor.o (Strnlen(char const*, unsigned int))
C:\Eclipse\Firmware\FreeRTOS\SAMC21\libFreeRTOS.a(port.o)
                              ./src/InputMonitors/InputMonitor.o (vPortEnterCritical)
[...]
Memory Configuration

Name             Origin             Length             Attributes
rom              0x00004000         0x0003c000         xr
ram              0x20000000         0x00008000         xrw
*default*        0x00000000         0xffffffff

Linker script and memory map

LOAD c:/program files (x86)/gnu arm embedded toolchain/10 2020-q4-major/bin/../lib/gcc/arm-none-eabi/10.2.1/thumb/v6-m/nofp/crti.o
LOAD c:/program files (x86)/gnu arm embedded toolchain/10 2020-q4-major/bin/../lib/gcc/arm-none-eabi/10.2.1/thumb/v6-m/nofp/crtbegin.o
LOAD c:/program files (x86)/gnu arm embedded toolchain/10 2020-q4-major/bin/../lib/gcc/arm-none-eabi/10.2.1/../../../../arm-none-eabi/lib/thumb/v6-m/nofp/crt0.o
LOAD ./src/Movement/StepperDrivers/DriverMode.o
LOAD ./src/Movement/StepperDrivers/TMC22xx.o
LOAD ./src/Movement/StepperDrivers/TMC51xx.o
LOAD ./src/Movement/Kinematics/CartesianKinematics.o
LOAD ./src/Movement/Kinematics/Kinematics.o
LOAD ./src/Movement/Kinematics/LinearDeltaKinematics.o
LOAD ./src/Movement/Kinematics/ZLeadscrewKinematics.o
LOAD ./src/Movement/DDA.o
LOAD ./src/Movement/DriveMovement.o
LOAD ./src/Movement/Move.o
LOAD ./src/Movement/StepTimer.o
LOAD ./src/InputMonitors/InputMonitor.o
LOAD ./src/Heating/Sensors/CpuTemperatureSensor.o
LOAD ./src/Heating/Sensors/CurrentLoopTemperatureSensor.o
LOAD ./src/Heating/Sensors/DhtSensor.o
LOAD ./src/Heating/Sensors/LinearAnalogSensor.o
LOAD ./src/Heating/Sensors/RtdSensor31865.o
LOAD ./src/Heating/Sensors/SensorWithPort.o
LOAD ./src/Heating/Sensors/SpiTemperatureSensor.o
LOAD ./src/Heating/Sensors/TemperatureSensor.o
LOAD ./src/Heating/Sensors/Thermistor.o
LOAD ./src/Heating/Sensors/ThermocoupleSensor31855.o
LOAD ./src/Heating/Sensors/ThermocoupleSensor31856.o
LOAD ./src/Heating/Sensors/TmcDriverTemperatureSensor.o
LOAD ./src/Heating/FOPDT.o
LOAD ./src/Heating/Heat.o
LOAD ./src/Heating/Heater.o
LOAD ./src/Heating/HeaterMonitor.o
LOAD ./src/Heating/LocalHeater.o
LOAD ./src/Heating/TemperatureError.o
LOAD ./src/Hardware/SAME5x/Devices.o
LOAD ./src/Hardware/SAME5x/EEPROM.o
LOAD ./src/Hardware/SAME5x/Main.o
LOAD ./src/Hardware/SAME5x/PositionDecoder.o
LOAD ./src/Hardware/SAMC21/Devices.o
LOAD ./src/Hardware/SAMC21/EEPROM.o
LOAD ./src/Hardware/SAMC21/Main.o
LOAD ./src/Hardware/ATEIO/ExtendedAnalog.o
LOAD ./src/Hardware/ExceptionHandlers.o
LOAD ./src/Hardware/IoPorts.o
LOAD ./src/Hardware/LIS3DH.o
LOAD ./src/Hardware/NonVolatileMemory.o
LOAD ./src/Hardware/SharedI2CClient.o
LOAD ./src/Hardware/SharedI2CMaster.o
LOAD ./src/Hardware/SharedSpiClient.o
LOAD ./src/Hardware/SharedSpiDevice.o
LOAD ./src/Hardware/SoftwareReset.o
LOAD ./src/GPIO/GpioPorts.o
LOAD ./src/FilamentMonitors/Duet3DFilamentMonitor.o
LOAD ./src/FilamentMonitors/FilamentMonitor.o
LOAD ./src/FilamentMonitors/LaserFilamentMonitor.o
LOAD ./src/FilamentMonitors/PulsedFilamentMonitor.o
LOAD ./src/FilamentMonitors/RotatingMagnetFilamentMonitor.o
LOAD ./src/FilamentMonitors/SimpleFilamentMonitor.o
LOAD ./src/Fans/Fan.o
LOAD ./src/Fans/FansManager.o
LOAD ./src/Fans/LocalFan.o
LOAD ./src/CommandProcessing/AccelerometerHandler.o
LOAD ./src/CommandProcessing/CommandProcessor.o
LOAD ./src/ClosedLoop/AS5047D.o
LOAD ./src/ClosedLoop/AttinyProgrammer.o
LOAD ./src/ClosedLoop/ClosedLoop.o
LOAD ./src/ClosedLoop/QuadratureEncoder.o
LOAD ./src/ClosedLoop/SpiEncoder.o
LOAD ./src/ClosedLoop/TLI5012B.o
LOAD ./src/CAN/CanInterface.o
LOAD ./src/CAN/CanMessageQueue.o
LOAD ./src/Platform.o
LOAD ./src/RepRapFirmware.o
LOAD ./src/Tasks.o
LOAD C:\Eclipse\Firmware\CoreN2G\SAMC21_CAN_RTOS\libCoreN2G.a
LOAD C:\Eclipse\Firmware\CANlib\SAMC21_RTOS\libCANlib.a
LOAD C:\Eclipse\Firmware\RRFLibraries\SAMC21_RTOS\libRRFLibraries.a
LOAD C:\Eclipse\Firmware\FreeRTOS\SAMC21\libFreeRTOS.a
LOAD c:/program files (x86)/gnu arm embedded toolchain/10 2020-q4-major/bin/../lib/gcc/arm-none-eabi/10.2.1/../../../../arm-none-eabi/lib/thumb/v6-m/nofp\libstdc++_nano.a
LOAD c:/program files (x86)/gnu arm embedded toolchain/10 2020-q4-major/bin/../lib/gcc/arm-none-eabi/10.2.1/../../../../arm-none-eabi/lib/thumb/v6-m/nofp\libm.a
START GROUP
LOAD c:/program files (x86)/gnu arm embedded toolchain/10 2020-q4-major/bin/../lib/gcc/arm-none-eabi/10.2.1/thumb/v6-m/nofp\libgcc.a
LOAD c:/program files (x86)/gnu arm embedded toolchain/10 2020-q4-major/bin/../lib/gcc/arm-none-eabi/10.2.1/../../../../arm-none-eabi/lib/thumb/v6-m/nofp\libc_nano.a
END GROUP
START GROUP
LOAD c:/program files (x86)/gnu arm embedded toolchain/10 2020-q4-major/bin/../lib/gcc/arm-none-eabi/10.2.1/thumb/v6-m/nofp\libgcc.a
LOAD c:/program files (x86)/gnu arm embedded toolchain/10 2020-q4-major/bin/../lib/gcc/arm-none-eabi/10.2.1/../../../../arm-none-eabi/lib/thumb/v6-m/nofp\libc_nano.a
END GROUP
LOAD c:/program files (x86)/gnu arm embedded toolchain/10 2020-q4-major/bin/../lib/gcc/arm-none-eabi/10.2.1/thumb/v6-m/nofp/crtend.o
LOAD c:/program files (x86)/gnu arm embedded toolchain/10 2020-q4-major/bin/../lib/gcc/arm-none-eabi/10.2.1/thumb/v6-m/nofp/crtn.o

.text           0x00004000    0x1b884
                0x00004000                . = ALIGN (0x4)
                0x00004000                _sfixed = .
 *(.vectors .vectors.*)
 .vectors       0x00004000       0xbc C:\Eclipse\Firmware\CoreN2G\SAMC21_CAN_RTOS\libCoreN2G.a(Vectors.o)
                0x00004000                exception_table
 *(.text .text.* .gnu.linkonce.t.*)
 .text          0x000040bc       0x48 c:/program files (x86)/gnu arm embedded toolchain/10 2020-q4-major/bin/../lib/gcc/arm-none-eabi/10.2.1/thumb/v6-m/nofp/crtbegin.o
 .text._ZNK10Kinematics13GetMotionTypeEj
                0x00004104        0x4 ./src/Movement/Kinematics/CartesianKinematics.o
                0x00004104                Kinematics::GetMotionType(unsigned int) const
 .text._ZNK10Kinematics17GetTiltCorrectionEj
                0x00004108        0x4 ./src/Movement/Kinematics/CartesianKinematics.o
                0x00004108                Kinematics::GetTiltCorrection(unsigned int) const
 .text._ZNK10Kinematics24IsContinuousRotationAxisEj
                0x0000410c        0x4 ./src/Movement/Kinematics/CartesianKinematics.o
                0x0000410c                Kinematics::IsContinuousRotationAxis(unsigned int) const
 .text._ZNK19CartesianKinematics7GetNameEb
                0x00004110       0x14 ./src/Movement/Kinematics/CartesianKinematics.o
                0x00004110                CartesianKinematics::GetName(bool) const
 .text._ZNK19CartesianKinematics21MotorStepsToCartesianEPKlPKfjjPf
                0x00004124       0x34 ./src/Movement/Kinematics/CartesianKinematics.o
                0x00004124                CartesianKinematics::MotorStepsToCartesian(long const*, float const*, unsigned int, unsigned int, float*) const
 .text._ZN19CartesianKinematicsD2Ev
                0x00004158        0x4 ./src/Movement/Kinematics/CartesianKinematics.o
                0x00004158                CartesianKinematics::~CartesianKinematics()
                0x00004158                CartesianKinematics::~CartesianKinematics()
 .text._ZNK19CartesianKinematics21CartesianToMotorStepsEPKfS1_jjPlb
                0x0000415c       0x28 ./src/Movement/Kinematics/CartesianKinematics.o
                0x0000415c                CartesianKinematics::CartesianToMotorSteps(float const*, float const*, unsigned int, unsigned int, long*, bool) const
 .text._ZN19CartesianKinematicsD0Ev
                0x00004184       0x10 ./src/Movement/Kinematics/CartesianKinematics.o
                0x00004184                CartesianKinematics::~CartesianKinematics()
 .text._ZN19CartesianKinematicsC2Ev
                0x00004194       0x18 ./src/Movement/Kinematics/CartesianKinematics.o
                0x00004194                CartesianKinematics::CartesianKinematics()
                0x00004194                CartesianKinematics::CartesianKinematics()
 .text._ZN10KinematicsC2E14KinematicsTypeffb
                0x000041ac       0x2c ./src/Movement/Kinematics/Kinematics.o
                0x000041ac                Kinematics::Kinematics(KinematicsType, float, float, bool)
                0x000041ac                Kinematics::Kinematics(KinematicsType, float, float, bool)
 .text._ZN10Kinematics6CreateE14KinematicsType
                0x000041d8       0x2c ./src/Movement/Kinematics/Kinematics.o
                0x000041d8                Kinematics::Create(KinematicsType)
 .text._ZNK21LinearDeltaKinematics7GetNameEb
                0x00004204       0x14 ./src/Movement/Kinematics/LinearDeltaKinematics.o
                0x00004204                LinearDeltaKinematics::GetName(bool) const
 .text._ZNK21LinearDeltaKinematics13GetMotionTypeEj
                0x00004218        0xc ./src/Movement/Kinematics/LinearDeltaKinematics.o
                0x00004218                LinearDeltaKinematics::GetMotionType(unsigned int) const
 .text._ZN21LinearDeltaKinematicsD2Ev
                0x00004224        0x4 ./src/Movement/Kinematics/LinearDeltaKinematics.o
                0x00004224                LinearDeltaKinematics::~LinearDeltaKinematics()
                0x00004224                LinearDeltaKinematics::~LinearDeltaKinematics()
 .text._ZN21LinearDeltaKinematicsD0Ev
                0x00004228       0x10 ./src/Movement/Kinematics/LinearDeltaKinematics.o
                0x00004228                LinearDeltaKinematics::~LinearDeltaKinematics()
 .text._ZNK21LinearDeltaKinematics21CartesianToMotorStepsEPKfS1_jjPlb
                0x00004238      0x13c ./src/Movement/Kinematics/LinearDeltaKinematics.o
                0x00004238                LinearDeltaKinematics::CartesianToMotorSteps(float const*, float const*, unsigned int, unsigned int, long*, bool) const
 .text._ZN21LinearDeltaKinematics6RecalcEv
                0x00004374      0x23c ./src/Movement/Kinematics/LinearDeltaKinematics.o
                0x00004374                LinearDeltaKinematics::Recalc()
 .text._ZN21LinearDeltaKinematicsC2Ev
                0x000045b0       0x88 ./src/Movement/Kinematics/LinearDeltaKinematics.o
                0x000045b0                LinearDeltaKinematics::LinearDeltaKinematics()
                0x000045b0                LinearDeltaKinematics::LinearDeltaKinematics()
 .text._ZNK21LinearDeltaKinematics16ForwardTransformEfffPf
                0x00004638      0x2bc ./src/Movement/Kinematics/LinearDeltaKinematics.o
                0x00004638                LinearDeltaKinematics::ForwardTransform(float, float, float, float*) const
 .text._ZNK21LinearDeltaKinematics21MotorStepsToCartesianEPKlPKfjjPf
                0x000048f4       0x7c ./src/Movement/Kinematics/LinearDeltaKinematics.o
                0x000048f4                LinearDeltaKinematics::MotorStepsToCartesian(long const*, float const*, unsigned int, unsigned int, float*) const
 .text._ZN20ZLeadscrewKinematicsC2E14KinematicsType
                0x00004970       0x38 ./src/Movement/Kinematics/ZLeadscrewKinematics.o
                0x00004970                ZLeadscrewKinematics::ZLeadscrewKinematics(KinematicsType)
                0x00004970                ZLeadscrewKinematics::ZLeadscrewKinematics(KinematicsType)
 .text._ZN3DDAC2EPS_
                0x000049a8       0x10 ./src/Movement/DDA.o
                0x000049a8                DDA::DDA(DDA*)
                0x000049a8                DDA::DDA(DDA*)
 .text._ZNK3DDA10DebugPrintEv
                0x000049b8       0x70 ./src/Movement/DDA.o
                0x000049b8                DDA::DebugPrint() const
 .text._ZNK3DDA13DebugPrintAllEv
                0x00004a28       0x78 ./src/Movement/DDA.o
                0x00004a28                DDA::DebugPrintAll() const
 .text._ZN3DDA4InitEv
                0x00004aa0        0xc ./src/Movement/DDA.o
                0x00004aa0                DDA::Init()
 .text._ZN3DDA4InitERK24CanMessageMovementLinear
                0x00004aac      0x460 ./src/Movement/DDA.o
                0x00004aac                DDA::Init(CanMessageMovementLinear const&)
 .text._ZN3DDA5StartEm
                0x00004f0c       0x70 ./src/Movement/DDA.o
                0x00004f0c                DDA::Start(unsigned long)
 .text._ZN3DDA11StepDriversEm
                0x00004f7c      0x16c ./src/Movement/DDA.o
                0x00004f7c                DDA::StepDrivers(unsigned long)
 .text._ZN3DDA11StopDriversEt
                0x000050e8       0x20 ./src/Movement/DDA.o
                0x000050e8                DDA::StopDrivers(unsigned short)
 .text._ZNK3DDA12HasStepErrorEv
                0x00005108       0x10 ./src/Movement/DDA.o
                0x00005108                DDA::HasStepError() const
 .text._ZN3DDA4FreeEv
                0x00005118        0x8 ./src/Movement/DDA.o
                0x00005118                DDA::Free()
 .text._ZNK3DDA13GetStepsTakenEj
                0x00005120       0x40 ./src/Movement/DDA.o
                0x00005120                DDA::GetStepsTaken(unsigned int) const
 .text._ZN3DDA21GetAndClearStepErrorsEv
                0x00005160       0x10 ./src/Movement/DDA.o
                0x00005160                DDA::GetAndClearStepErrors()
 .text._ZN3DDA26GetAndClearMaxTicksOverdueEv
                0x00005170       0x10 ./src/Movement/DDA.o
                0x00005170                DDA::GetAndClearMaxTicksOverdue()
 .text._ZN3DDA30GetAndClearMaxOverdueIncrementEv
                0x00005180       0x10 ./src/Movement/DDA.o
                0x00005180                DDA::GetAndClearMaxOverdueIncrement()
 .text._ZN13DriveMovement20PrepareCartesianAxisERK3DDARK10PrepParams
                0x00005190      0x124 ./src/Movement/DriveMovement.o
                0x00005190                DriveMovement::PrepareCartesianAxis(DDA const&, PrepParams const&)
 .text._ZN13DriveMovement15PrepareExtruderERK3DDARK10PrepParamsf
                0x000052b4      0x23c ./src/Movement/DriveMovement.o
                0x000052b4                DriveMovement::PrepareExtruder(DDA const&, PrepParams const&, float)
 .text._ZNK13DriveMovement10DebugPrintEc
                0x000054f0       0xc4 ./src/Movement/DriveMovement.o
                0x000054f0                DriveMovement::DebugPrint(char) const
 .text._ZN13DriveMovement29CalcNextStepTimeCartesianFullERK3DDA
                0x000055b4      0x19c ./src/Movement/DriveMovement.o
                0x000055b4                DriveMovement::CalcNextStepTimeCartesianFull(DDA const&)
 .text._ZNK3DDA25ScheduleNextStepInterruptER9StepTimer
                0x00005750       0x34 ./src/Movement/Move.o
                0x00005750                DDA::ScheduleNextStepInterrupt(StepTimer&) const
 .text._ZN4MoveC2Ev
                0x00005784       0x7c ./src/Movement/Move.o
                0x00005784                Move::Move()
                0x00005784                Move::Move()
 .text._ZN4Move4InitEv
                0x00005800       0x60 ./src/Movement/Move.o
                0x00005800                Move::Init()
 .text._ZN4Move11DiagnosticsERK9StringRef
                0x00005860       0x8c ./src/Movement/Move.o
                0x00005860                Move::Diagnostics(StringRef const&)
 .text._ZN4Move20CurrentMoveCompletedEv
                0x000058ec       0x30 ./src/Movement/Move.o
                0x000058ec                Move::CurrentMoveCompleted()
 .text._ZNK4Move11GetPositionEj
                0x0000591c       0x10 ./src/Movement/Move.o
                0x0000591c                Move::GetPosition(unsigned int) const
 .text._ZN4Move11StopDriversEt
                0x0000592c       0x2c ./src/Movement/Move.o
                0x0000592c                Move::StopDrivers(unsigned short)
 .text._ZN4Move23GetAccumulatedExtrusionEjRb
                0x00005958       0x3c ./src/Movement/Move.o
                0x00005958                Move::GetAccumulatedExtrusion(unsigned int, bool&)
 .text._ZN4Move9InterruptEv
                0x00005994      0x15c ./src/Movement/Move.o
                0x00005994                Move::Interrupt()
 .text._ZN4Move13TimerCallbackE17CallbackParameter
                0x00005af0        0x8 ./src/Movement/Move.o
                0x00005af0                Move::TimerCallback(CallbackParameter)
 .text._ZN4Move8TaskLoopEv
                0x00005af8      0x178 ./src/Movement/Move.o
                0x00005af8                Move::TaskLoop()
 .text.MoveLoop
                0x00005c70        0x8 ./src/Movement/Move.o
                0x00005c70                MoveLoop
 .text._ZN9StepTimer4InitEv
                0x00005c78       0xb0 ./src/Movement/StepTimer.o
                0x00005c78                StepTimer::Init()
 .text._ZN9StepTimer8IsSyncedEv
                0x00005d28       0x44 ./src/Movement/StepTimer.o
                0x00005d28                StepTimer::IsSynced()
 .text._ZN9StepTimer22ProcessTimeSyncMessageERK18CanMessageTimeSyncjt
                0x00005d6c      0x158 ./src/Movement/StepTimer.o
                0x00005d6c                StepTimer::ProcessTimeSyncMessage(CanMessageTimeSync const&, unsigned int, unsigned short)
 .text._ZN9StepTimer22ScheduleTimerInterruptEm
                0x00005ec4       0x44 ./src/Movement/StepTimer.o
                0x00005ec4                StepTimer::ScheduleTimerInterrupt(unsigned long)
 .text.TC2_Handler
                0x00005f08       0x84 ./src/Movement/StepTimer.o
                0x00005f08                TC2_Handler
 .text._ZN9StepTimerC2Ev
                0x00005f8c        0xc ./src/Movement/StepTimer.o
                0x00005f8c                StepTimer::StepTimer()
                0x00005f8c                StepTimer::StepTimer()
 .text._ZN9StepTimer11SetCallbackEPFv17CallbackParameterES0_
                0x00005f98        0x8 ./src/Movement/StepTimer.o
                0x00005f98                StepTimer::SetCallback(void (*)(CallbackParameter), CallbackParameter)
 .text._ZN9StepTimer23ScheduleCallbackFromIsrEm
                0x00005fa0       0xac ./src/Movement/StepTimer.o
                0x00005fa0                StepTimer::ScheduleCallbackFromIsr(unsigned long)
 .text._ZN9StepTimer11DiagnosticsERK9StringRef
                0x0000604c       0xd0 ./src/Movement/StepTimer.o
                0x0000604c                StepTimer::Diagnostics(StringRef const&)
 .text.StepTimerGetTimerTicks
                0x0000611c       0x18 ./src/Movement/StepTimer.o
                0x0000611c                StepTimerGetTimerTicks
 .text._ZN12InputMonitor25CommonAnalogPortInterruptE17CallbackParametert
                0x00006134       0x28 ./src/InputMonitors/InputMonitor.o
                0x00006134                InputMonitor::CommonAnalogPortInterrupt(CallbackParameter, unsigned short)
 .text._ZN12InputMonitor26CommonDigitalPortInterruptE17CallbackParameter
                0x0000615c       0x24 ./src/InputMonitors/InputMonitor.o
                0x0000615c                InputMonitor::CommonDigitalPortInterrupt(CallbackParameter)
 .text._ZN12InputMonitor4InitEv
                0x00006180        0x4 ./src/InputMonitors/InputMonitor.o
                0x00006180                InputMonitor::Init()
 .text._ZN12InputMonitor6CreateERK28CanMessageCreateInputMonitorjRK9StringRefRh
                0x00006184      0x1b8 ./src/InputMonitors/InputMonitor.o
                0x00006184                InputMonitor::Create(CanMessageCreateInputMonitor const&, unsigned int, StringRef const&, unsigned char&)
 .text._ZN12InputMonitor6ChangeERK28CanMessageChangeInputMonitorRK9StringRefRh
                0x0000633c      0x1b8 ./src/InputMonitors/InputMonitor.o
                0x0000633c                InputMonitor::Change(CanMessageChangeInputMonitor const&, StringRef const&, unsigned char&)
 .text._ZN12InputMonitor15AddStateChangesEP22CanMessageInputChanged
                0x000064f4       0xd4 ./src/InputMonitors/InputMonitor.o
                0x000064f4                InputMonitor::AddStateChanges(CanMessageInputChanged*)
 .text._ZN12InputMonitor10ReadInputsEP16CanMessageBuffer
                0x000065c8      0x110 ./src/InputMonitors/InputMonitor.o
                0x000065c8                InputMonitor::ReadInputs(CanMessageBuffer*)
 .text.startup._GLOBAL__sub_I__ZN12InputMonitor12monitorsListE
                0x000066d8       0x10 ./src/InputMonitors/InputMonitor.o
 .text._ZN20CpuTemperatureSensor4PollEv
                0x000066e8       0x20 ./src/Heating/Sensors/CpuTemperatureSensor.o
                0x000066e8                CpuTemperatureSensor::Poll()
 .text._ZN20CpuTemperatureSensorD2Ev
                0x00006708       0x18 ./src/Heating/Sensors/CpuTemperatureSensor.o
                0x00006708                CpuTemperatureSensor::~CpuTemperatureSensor()
                0x00006708                CpuTemperatureSensor::~CpuTemperatureSensor()
 .text._ZN20CpuTemperatureSensorD0Ev
                0x00006720       0x20 ./src/Heating/Sensors/CpuTemperatureSensor.o
                0x00006720                CpuTemperatureSensor::~CpuTemperatureSensor()
 .text._ZN20CpuTemperatureSensorC2Ej
                0x00006740       0x1c ./src/Heating/Sensors/CpuTemperatureSensor.o
                0x00006740                CpuTemperatureSensor::CpuTemperatureSensor(unsigned int)
                0x00006740                CpuTemperatureSensor::CpuTemperatureSensor(unsigned int)
 .text._ZN18LinearAnalogSensor9ConfigureERK23CanMessageGenericParserRK9StringRef
                0x0000675c      0x110 ./src/Heating/Sensors/LinearAnalogSensor.o
                0x0000675c                LinearAnalogSensor::Configure(CanMessageGenericParser const&, StringRef const&)
 .text._ZN18LinearAnalogSensor4PollEv
                0x0000686c       0x5c ./src/Heating/Sensors/LinearAnalogSensor.o
                0x0000686c                LinearAnalogSensor::Poll()
 .text._ZN18LinearAnalogSensorD2Ev
                0x000068c8       0x18 ./src/Heating/Sensors/LinearAnalogSensor.o
                0x000068c8                LinearAnalogSensor::~LinearAnalogSensor()
                0x000068c8                LinearAnalogSensor::~LinearAnalogSensor()
 .text._ZN18LinearAnalogSensorD0Ev
                0x000068e0       0x20 ./src/Heating/Sensors/LinearAnalogSensor.o
                0x000068e0                LinearAnalogSensor::~LinearAnalogSensor()
 .text._ZN18LinearAnalogSensorC2Ej
                0x00006900       0x3c ./src/Heating/Sensors/LinearAnalogSensor.o
                0x00006900                LinearAnalogSensor::LinearAnalogSensor(unsigned int)
                0x00006900                LinearAnalogSensor::LinearAnalogSensor(unsigned int)
 .text._ZN14SensorWithPortC2EjPKc
                0x0000693c       0x20 ./src/Heating/Sensors/SensorWithPort.o
                0x0000693c                SensorWithPort::SensorWithPort(unsigned int, char const*)
                0x0000693c                SensorWithPort::SensorWithPort(unsigned int, char const*)
 .text._ZN14SensorWithPortD2Ev
                0x0000695c       0x28 ./src/Heating/Sensors/SensorWithPort.o
                0x0000695c                SensorWithPort::~SensorWithPort()
                0x0000695c                SensorWithPort::~SensorWithPort()
 .text._ZN14SensorWithPort13ConfigurePortERK23CanMessageGenericParserRK9StringRef9PinAccessRb
                0x00006984       0x5c ./src/Heating/Sensors/SensorWithPort.o
                0x00006984                SensorWithPort::ConfigurePort(CanMessageGenericParser const&, StringRef const&, PinAccess, bool&)
 .text._ZNK14SensorWithPort16CopyBasicDetailsERK9StringRef
                0x000069e0       0x48 ./src/Heating/Sensors/SensorWithPort.o
                0x000069e0                SensorWithPort::CopyBasicDetails(StringRef const&) const
 .text._ZN17TemperatureSensor23UpdateRemoteTemperatureEhRK20CanTemperatureReport
                0x00006a28        0x4 ./src/Heating/Sensors/TemperatureSensor.o
                0x00006a28                TemperatureSensor::UpdateRemoteTemperature(unsigned char, CanTemperatureReport const&)
 .text._ZNK17TemperatureSensor15GetBoardAddressEv
                0x00006a2c        0x8 ./src/Heating/Sensors/TemperatureSensor.o
                0x00006a2c                TemperatureSensor::GetBoardAddress() const
 .text._ZN17TemperatureSensor9ConfigureERK23CanMessageGenericParserRK9StringRef
                0x00006a34       0x44 ./src/Heating/Sensors/TemperatureSensor.o
                0x00006a34                TemperatureSensor::Configure(CanMessageGenericParser const&, StringRef const&)
 .text._ZN17TemperatureSensorC2EjPKc
                0x00006a78       0x1c ./src/Heating/Sensors/TemperatureSensor.o
                0x00006a78                TemperatureSensor::TemperatureSensor(unsigned int, char const*)
                0x00006a78                TemperatureSensor::TemperatureSensor(unsigned int, char const*)
 .text._ZN17TemperatureSensorD2Ev
                0x00006a94        0x4 ./src/Heating/Sensors/TemperatureSensor.o
                0x00006a94                TemperatureSensor::~TemperatureSensor()
                0x00006a94                TemperatureSensor::~TemperatureSensor()
 .text._ZN17TemperatureSensor20GetLatestTemperatureERf
                0x00006a98       0x3c ./src/Heating/Sensors/TemperatureSensor.o
                0x00006a98                TemperatureSensor::GetLatestTemperature(float&)
 .text._ZN17TemperatureSensor9SetResultEf16TemperatureError
                0x00006ad4       0x18 ./src/Heating/Sensors/TemperatureSensor.o
                0x00006ad4                TemperatureSensor::SetResult(float, TemperatureError)
 .text._ZN17TemperatureSensor9SetResultE16TemperatureError
                0x00006aec       0x18 ./src/Heating/Sensors/TemperatureSensor.o
                0x00006aec                TemperatureSensor::SetResult(TemperatureError)
 .text._ZN17TemperatureSensor6CreateEjPKcRK9StringRef
                0x00006b04       0xa0 ./src/Heating/Sensors/TemperatureSensor.o
                0x00006b04                TemperatureSensor::Create(unsigned int, char const*, StringRef const&)
 .text._ZN17TemperatureSensor19GetPT100TemperatureERft
                0x00006ba4       0x98 ./src/Heating/Sensors/TemperatureSensor.o
                0x00006ba4                TemperatureSensor::GetPT100Temperature(float&, unsigned short)
 .text._ZN10ThermistorD2Ev
                0x00006c3c       0x18 ./src/Heating/Sensors/Thermistor.o
                0x00006c3c                Thermistor::~Thermistor()
                0x00006c3c                Thermistor::~Thermistor()
 .text._ZN10ThermistorD0Ev
                0x00006c54       0x20 ./src/Heating/Sensors/Thermistor.o
                0x00006c54                Thermistor::~Thermistor()
 .text._ZN10Thermistor4PollEv
                0x00006c74      0x184 ./src/Heating/Sensors/Thermistor.o
                0x00006c74                Thermistor::Poll()
 .text._ZN10Thermistor9ConfigureERK23CanMessageGenericParserRK9StringRef
                0x00006df8      0x250 ./src/Heating/Sensors/Thermistor.o
                0x00006df8                Thermistor::Configure(CanMessageGenericParser const&, StringRef const&)
 .text._ZN10ThermistorC2Ejb
                0x00007048       0x70 ./src/Heating/Sensors/Thermistor.o
                0x00007048                Thermistor::Thermistor(unsigned int, bool)
                0x00007048                Thermistor::Thermistor(unsigned int, bool)
 .text._ZN5FopDtC2Ev
                0x000070b8       0x50 ./src/Heating/FOPDT.o
                0x000070b8                FopDt::FopDt()
                0x000070b8                FopDt::FopDt()
 .text._ZN5FopDt19SetRawPidParametersEfff
                0x00007108       0x14 ./src/Heating/FOPDT.o
                0x00007108                FopDt::SetRawPidParameters(float, float, float)
 .text._ZN5FopDt16CalcPidConstantsEv
                0x0000711c       0xa4 ./src/Heating/FOPDT.o
                0x0000711c                FopDt::CalcPidConstants()
 .text._ZN5FopDt13SetParametersEfffffffbb
                0x000071c0       0xf4 ./src/Heating/FOPDT.o
                0x000071c0                FopDt::SetParameters(float, float, float, float, float, float, float, bool, bool)
 .text._ZNK11LocalHeater7GetModeEv
                0x000072b4        0x8 ./src/Heating/Heat.o
                0x000072b4                LocalHeater::GetMode() const
 .text._ZN4Heat8TaskLoopEPv
                0x000072bc      0x33c ./src/Heating/Heat.o
                0x000072bc                Heat::TaskLoop(void*)
 .text._ZN4Heat4InitEv
                0x000075f8       0x68 ./src/Heating/Heat.o
                0x000075f8                Heat::Init()
 .text._ZN4Heat14ProcessM307OldERK30CanMessageUpdateHeaterModelOldRK9StringRef
                0x00007660       0x68 ./src/Heating/Heat.o
                0x00007660                Heat::ProcessM307Old(CanMessageUpdateHeaterModelOld const&, StringRef const&)
 .text._ZN4Heat14ProcessM307NewERK30CanMessageUpdateHeaterModelNewRK9StringRef
                0x000076c8       0x68 ./src/Heating/Heat.o
                0x000076c8                Heat::ProcessM307New(CanMessageUpdateHeaterModelNew const&, StringRef const&)
 .text._ZN4Heat11ProcessM308ERK17CanMessageGenericRK9StringRef
                0x00007730      0x1e0 ./src/Heating/Heat.o
                0x00007730                Heat::ProcessM308(CanMessageGeneric const&, StringRef const&)
 .text._ZN4Heat17SetFaultDetectionERK43CanMessageSetHeaterFaultDetectionParametersRK9StringRef
                0x00007910       0x84 ./src/Heating/Heat.o
                0x00007910                Heat::SetFaultDetection(CanMessageSetHeaterFaultDetectionParameters const&, StringRef const&)
 .text._ZN4Heat17SetHeaterMonitorsERK27CanMessageSetHeaterMonitorsRK9StringRef
                0x00007994       0x60 ./src/Heating/Heat.o
                0x00007994                Heat::SetHeaterMonitors(CanMessageSetHeaterMonitors const&, StringRef const&)
 .text._ZN4Heat20GetSensorTemperatureEiR16TemperatureError
                0x000079f4       0x50 ./src/Heating/Heat.o
                0x000079f4                Heat::GetSensorTemperature(int, TemperatureError&)
 .text._ZN4Heat12SwitchOffAllEv
                0x00007a44       0x34 ./src/Heating/Heat.o
                0x00007a44                Heat::SwitchOffAll()
 .text._ZN4Heat14SetTemperatureERK30CanMessageSetHeaterTemperatureRK9StringRef
                0x00007a78       0x60 ./src/Heating/Heat.o
                0x00007a78                Heat::SetTemperature(CanMessageSetHeaterTemperature const&, StringRef const&)
 .text._ZN4Heat13TuningCommandERK29CanMessageHeaterTuningCommandRK9StringRef
                0x00007ad8       0x84 ./src/Heating/Heat.o
                0x00007ad8                Heat::TuningCommand(CanMessageHeaterTuningCommand const&, StringRef const&)
 .text._ZN4Heat11FeedForwardERK27CanMessageHeaterFeedForwardRK9StringRef
                0x00007b5c       0x7c ./src/Heating/Heat.o
                0x00007b5c                Heat::FeedForward(CanMessageHeaterFeedForward const&, StringRef const&)
 .text._ZN4Heat10FindSensorEi
                0x00007bd8       0x3c ./src/Heating/Heat.o
                0x00007bd8                Heat::FindSensor(int)
 .text._ZN4Heat19FindSensorAtOrAboveEj
                0x00007c14       0x3c ./src/Heating/Heat.o
                0x00007c14                Heat::FindSensorAtOrAbove(unsigned int)
 .text._ZN4Heat11DiagnosticsERK9StringRef
                0x00007c50       0x48 ./src/Heating/Heat.o
                0x00007c50                Heat::Diagnostics(StringRef const&)
 .text.startup._GLOBAL__sub_I__ZN4Heat15IsHeaterEnabledEj
                0x00007c98       0x18 ./src/Heating/Heat.o
 .text._ZN4Heat15ConfigureHeaterERK17CanMessageGenericRK9StringRef
                0x00007cb0      0x158 ./src/Heating/Heat.o
                0x00007cb0                Heat::ConfigureHeater(CanMessageGeneric const&, StringRef const&)
 .text._ZN6HeaterC2Ej
                0x00007e08       0x4c ./src/Heating/Heater.o
                0x00007e08                Heater::Heater(unsigned int)
                0x00007e08                Heater::Heater(unsigned int)
 .text._ZN6HeaterD2Ev
                0x00007e54        0x4 ./src/Heating/Heater.o
                0x00007e54                Heater::~Heater()
                0x00007e54                Heater::~Heater()
 .text._ZN6Heater27SetFaultDetectionParametersEff
                0x00007e58        0x8 ./src/Heating/Heater.o
                0x00007e58                Heater::SetFaultDetectionParameters(float, float)
 .text._ZN6Heater17SetHeaterMonitorsERK27CanMessageSetHeaterMonitorsRK9StringRef
                0x00007e60       0x88 ./src/Heating/Heater.o
                0x00007e60                Heater::SetHeaterMonitors(CanMessageSetHeaterMonitors const&, StringRef const&)
 .text._ZN6Heater19SetOrReportModelOldEjRK30CanMessageUpdateHeaterModelOldRK9StringRef
                0x00007ee8      0x1d8 ./src/Heating/Heater.o
                0x00007ee8                Heater::SetOrReportModelOld(unsigned int, CanMessageUpdateHeaterModelOld const&, StringRef const&)
 .text._ZN6Heater19SetOrReportModelNewEjRK30CanMessageUpdateHeaterModelNewRK9StringRef
                0x000080c0      0x200 ./src/Heating/Heater.o
                0x000080c0                Heater::SetOrReportModelNew(unsigned int, CanMessageUpdateHeaterModelNew const&, StringRef const&)
 .text._ZN6Heater14SetTemperatureERK30CanMessageSetHeaterTemperatureRK9StringRef
                0x000082c0       0xcc ./src/Heating/Heater.o
                0x000082c0                Heater::SetTemperature(CanMessageSetHeaterTemperature const&, StringRef const&)
 .text._ZN13HeaterMonitorC2Ev
                0x0000838c        0x8 ./src/Heating/HeaterMonitor.o
                0x0000838c                HeaterMonitor::HeaterMonitor()
                0x0000838c                HeaterMonitor::HeaterMonitor()
 .text._ZN13HeaterMonitor5CheckEv
                0x00008394       0x78 ./src/Heating/HeaterMonitor.o
                0x00008394                HeaterMonitor::Check()
 .text._ZNK11LocalHeater14GetTemperatureEv
                0x0000840c        0x4 ./src/Heating/LocalHeater.o
                0x0000840c                LocalHeater::GetTemperature() const
 .text._ZNK11LocalHeater14GetAccumulatorEv
                0x00008410        0x8 ./src/Heating/LocalHeater.o
                0x00008410                LocalHeater::GetAccumulator() const
 .text._ZN11LocalHeater11ResetHeaterEv
                0x00008418       0x28 ./src/Heating/LocalHeater.o
                0x00008418                LocalHeater::ResetHeater()
 .text._ZN11LocalHeater15SetPwmFrequencyEtRK9StringRef
                0x00008440        0x8 ./src/Heating/LocalHeater.o
                0x00008440                LocalHeater::SetPwmFrequency(unsigned short, StringRef const&)
 .text._ZN11LocalHeater11UpdateModelERK9StringRef
                0x00008448        0x4 ./src/Heating/LocalHeater.o
                0x00008448                LocalHeater::UpdateModel(StringRef const&)
 .text._ZNK11LocalHeater13GetAveragePWMEv
                0x0000844c       0x1c ./src/Heating/LocalHeater.o
                0x0000844c                LocalHeater::GetAveragePWM() const
 .text._ZNK11LocalHeater13ReportDetailsERK9StringRef
                0x00008468       0x44 ./src/Heating/LocalHeater.o
                0x00008468                LocalHeater::ReportDetails(StringRef const&) const
 .text._ZN11LocalHeater8SwitchOnEv
                0x000084ac       0x84 ./src/Heating/LocalHeater.o
                0x000084ac                LocalHeater::SwitchOn()
 .text._ZN11LocalHeater21FeedForwardAdjustmentEff
                0x00008530       0x58 ./src/Heating/LocalHeater.o
                0x00008530                LocalHeater::FeedForwardAdjustment(float, float)
 .text._ZN11LocalHeaterD2Ev
                0x00008588       0x4c ./src/Heating/LocalHeater.o
                0x00008588                LocalHeater::~LocalHeater()
                0x00008588                LocalHeater::~LocalHeater()
 .text._ZN11LocalHeater22ConfigurePortAndSensorEPKctjRK9StringRef
                0x000085d4       0x74 ./src/Heating/LocalHeater.o
                0x000085d4                LocalHeater::ConfigurePortAndSensor(char const*, unsigned short, unsigned int, StringRef const&)
 .text._ZN11LocalHeater9SwitchOffEv
                0x00008648       0x28 ./src/Heating/LocalHeater.o
                0x00008648                LocalHeater::SwitchOff()
 .text._ZN11LocalHeaterD0Ev
                0x00008670       0x54 ./src/Heating/LocalHeater.o
                0x00008670                LocalHeater::~LocalHeater()
 .text._ZN11LocalHeater10ResetFaultEv
                0x000086c4       0x48 ./src/Heating/LocalHeater.o
                0x000086c4                LocalHeater::ResetFault()
 .text._ZN11LocalHeater7SuspendEb
                0x0000870c       0xb4 ./src/Heating/LocalHeater.o
                0x0000870c                LocalHeater::Suspend(bool)
 .text._ZN11LocalHeater13TuningCommandERK29CanMessageHeaterTuningCommandRK9StringRef
                0x000087c0      0x148 ./src/Heating/LocalHeater.o
                0x000087c0                LocalHeater::TuningCommand(CanMessageHeaterTuningCommand const&, StringRef const&)
 .text._ZN11LocalHeaterC2Ej
                0x00008908       0x54 ./src/Heating/LocalHeater.o
                0x00008908                LocalHeater::LocalHeater(unsigned int)
                0x00008908                LocalHeater::LocalHeater(unsigned int)
 .text._ZN11LocalHeater12DoTuningStepEv
                0x0000895c      0x2a4 ./src/Heating/LocalHeater.o
                0x0000895c                LocalHeater::DoTuningStep()
 .text._ZN11LocalHeater4SpinEv
                0x00008c00      0x6a4 ./src/Heating/LocalHeater.o
                0x00008c00                LocalHeater::Spin()
 .text._ZN11LocalHeater18GetTuningCycleDataER28CanMessageHeaterTuningReport
                0x000092a4       0xc0 ./src/Heating/LocalHeater.o
                0x000092a4                LocalHeater::GetTuningCycleData(CanMessageHeaterTuningReport&)
 .text._Z22TemperatureErrorString16TemperatureError
                0x00009364       0x18 ./src/Heating/TemperatureError.o
                0x00009364                TemperatureErrorString(TemperatureError)
 .text._ZN11AsyncSerialD2Ev
                0x0000937c        0x4 ./src/Hardware/SAMC21/Devices.o
                0x0000937c                AsyncSerial::~AsyncSerial()
                0x0000937c                AsyncSerial::~AsyncSerial()
 .text._Z14SerialPortInitP11AsyncSerial
                0x00009380        0xc ./src/Hardware/SAMC21/Devices.o
                0x00009380                SerialPortInit(AsyncSerial*)
 .text._Z16SerialPortDeinitP11AsyncSerial
                0x0000938c        0xc ./src/Hardware/SAMC21/Devices.o
                0x0000938c                SerialPortDeinit(AsyncSerial*)
 .text._ZN4TaskILj200EED2Ev
                0x00009398        0xc ./src/Hardware/SAMC21/Devices.o
                0x00009398                Task<200u>::~Task()
                0x00009398                Task<200u>::~Task()
 .text.SERCOM4_Handler
                0x000093a4       0x10 ./src/Hardware/SAMC21/Devices.o
                0x000093a4                SERCOM4_Handler
 .text._Z10DeviceInitv
                0x000093b4       0x40 ./src/Hardware/SAMC21/Devices.o
                0x000093b4                DeviceInit()
 .text._ZN11AsyncSerialD0Ev
                0x000093f4       0x10 ./src/Hardware/SAMC21/Devices.o
                0x000093f4                AsyncSerial::~AsyncSerial()
 .text.startup._GLOBAL__sub_I__Z14SerialPortInitP11AsyncSerial
                0x00009404       0x5c ./src/Hardware/SAMC21/Devices.o
 .text._Z7AppInitv
                0x00009460        0x4 ./src/Hardware/SAMC21/Main.o
                0x00009460                AppInit()
 .text._Z19AppGetXoscFrequencyv
                0x00009464        0x4 ./src/Hardware/SAMC21/Main.o
                0x00009464                AppGetXoscFrequency()
 .text._Z13SoftwareReset19SoftwareResetReasonPKm
                0x00009468       0x4c ./src/Hardware/ExceptionHandlers.o
                0x00009468                SoftwareReset(SoftwareResetReason, unsigned long const*)
 .text._Z18OutOfMemoryHandlerv
                0x000094b4        0xc ./src/Hardware/ExceptionHandlers.o
                0x000094b4                OutOfMemoryHandler()
 .text.hardFaultDispatcher
                0x000094c0        0xc ./src/Hardware/ExceptionHandlers.o
                0x000094c0                hardFaultDispatcher
 .text.HardFault_Handler
                0x000094cc       0x18 ./src/Hardware/ExceptionHandlers.o
                0x000094cc                HardFault_Handler
 .text.wdtFaultDispatcher
                0x000094e4        0xc ./src/Hardware/ExceptionHandlers.o
                0x000094e4                wdtFaultDispatcher
 .text.WDT_Handler
                0x000094f0       0x18 ./src/Hardware/ExceptionHandlers.o
                0x000094f0                WDT_Handler
 .text.stackOverflowDispatcher
                0x00009508        0xc ./src/Hardware/ExceptionHandlers.o
                0x00009508                stackOverflowDispatcher
 .text.vApplicationStackOverflowHook
                0x00009514        0xc ./src/Hardware/ExceptionHandlers.o
                0x00009514                vApplicationStackOverflowHook
 .text.assertCalledDispatcher
                0x00009520        0xc ./src/Hardware/ExceptionHandlers.o
                0x00009520                assertCalledDispatcher
 .text.vAssertCalled
                0x0000952c        0xc ./src/Hardware/ExceptionHandlers.o
                0x0000952c                vAssertCalled
 .text._ZN6IoPort4InitEv
                0x00009538       0x20 ./src/Hardware/IoPorts.o
                0x00009538                IoPort::Init()
 .text._ZN6IoPortC2Ev
                0x00009558       0x10 ./src/Hardware/IoPorts.o
                0x00009558                IoPort::IoPort()
                0x00009558                IoPort::IoPort()
 .text._ZN6IoPort7SetModeE9PinAccess
                0x00009568       0xb8 ./src/Hardware/IoPorts.o
                0x00009568                IoPort::SetMode(PinAccess)
 .text._ZN6IoPort7ReleaseEv
                0x00009620       0x40 ./src/Hardware/IoPorts.o
                0x00009620                IoPort::Release()
 .text._ZNK6IoPort11ReadDigitalEv
                0x00009660       0x24 ./src/Hardware/IoPorts.o
                0x00009660                IoPort::ReadDigital() const
 .text._ZNK6IoPort10ReadAnalogEv
                0x00009684       0x38 ./src/Hardware/IoPorts.o
                0x00009684                IoPort::ReadAnalog() const
 .text._ZNK6IoPort15AttachInterruptEPDoFv17CallbackParameterE13InterruptModeS0_
                0x000096bc       0x20 ./src/Hardware/IoPorts.o
                0x000096bc                IoPort::AttachInterrupt(void (*)(CallbackParameter) noexcept, InterruptMode, CallbackParameter) const
 .text._ZNK6IoPort15DetachInterruptEv
                0x000096dc       0x18 ./src/Hardware/IoPorts.o
                0x000096dc                IoPort::DetachInterrupt() const
 .text._ZN6IoPort17SetAnalogCallbackEPDoFv17CallbackParametertES0_m
                0x000096f4       0x24 ./src/Hardware/IoPorts.o
                0x000096f4                IoPort::SetAnalogCallback(void (*)(CallbackParameter, unsigned short) noexcept, CallbackParameter, unsigned long)
 .text._ZNK6IoPort13AppendPinNameERK9StringRef
                0x00009718       0xf8 ./src/Hardware/IoPorts.o
                0x00009718                IoPort::AppendPinName(StringRef const&) const
 .text._ZNK6IoPort13AppendDetailsERK9StringRef
                0x00009810       0x60 ./src/Hardware/IoPorts.o
                0x00009810                IoPort::AppendDetails(StringRef const&) const
 .text._ZN6IoPort13LookupPinNameEPKcRhRbS3_
                0x00009870       0xe0 ./src/Hardware/IoPorts.o
                0x00009870                IoPort::LookupPinName(char const*, unsigned char&, bool&, bool&)
 .text._ZN6IoPort8AllocateEPKcRK9StringRef9PinUsedBy9PinAccess
                0x00009950      0x1cc ./src/Hardware/IoPorts.o
                0x00009950                IoPort::Allocate(char const*, StringRef const&, PinUsedBy, PinAccess)
 .text._ZN6IoPort11AssignPortsEPKcRK9StringRef9PinUsedByjPKPS_PK9PinAccess
                0x00009b1c      0x17c ./src/Hardware/IoPorts.o
                0x00009b1c                IoPort::AssignPorts(char const*, StringRef const&, PinUsedBy, unsigned int, IoPort* const*, PinAccess const*)
 .text._ZN6IoPort20SetHighDriveStrengthEh
                0x00009c98       0x20 ./src/Hardware/IoPorts.o
                0x00009c98                IoPort::SetHighDriveStrength(unsigned char)
 .text._ZN7PwmPortC2Ev
                0x00009cb8       0x14 ./src/Hardware/IoPorts.o
                0x00009cb8                PwmPort::PwmPort()
                0x00009cb8                PwmPort::PwmPort()
 .text._ZNK7PwmPort13AppendDetailsERK9StringRef
                0x00009ccc       0x78 ./src/Hardware/IoPorts.o
                0x00009ccc                PwmPort::AppendDetails(StringRef const&) const
 .text._ZNK7PwmPort11WriteAnalogEf
                0x00009d44       0x28 ./src/Hardware/IoPorts.o
                0x00009d44                PwmPort::WriteAnalog(float) const
 .text._ZN17NonVolatileMemoryC2Ev
                0x00009d6c        0xc ./src/Hardware/NonVolatileMemory.o
                0x00009d6c                NonVolatileMemory::NonVolatileMemory()
                0x00009d6c                NonVolatileMemory::NonVolatileMemory()
 .text._ZN17NonVolatileMemory13EnsureWrittenEv
                0x00009d78       0x38 ./src/Hardware/NonVolatileMemory.o
                0x00009d78                NonVolatileMemory::EnsureWritten()
 .text._ZN17NonVolatileMemory23GetLastWrittenResetDataERj
                0x00009db0       0x80 ./src/Hardware/NonVolatileMemory.o
                0x00009db0                NonVolatileMemory::GetLastWrittenResetData(unsigned int&)
 .text._ZN17NonVolatileMemory21AllocateResetDataSlotEv
                0x00009e30       0xa0 ./src/Hardware/NonVolatileMemory.o
                0x00009e30                NonVolatileMemory::AllocateResetDataSlot()
 .text._ZNK17SoftwareResetData8IsVacantEv
                0x00009ed0       0x1c ./src/Hardware/SoftwareReset.o
                0x00009ed0                SoftwareResetData::IsVacant() const
 .text._ZN17SoftwareResetData5ClearEv
                0x00009eec        0xc ./src/Hardware/SoftwareReset.o
                0x00009eec                SoftwareResetData::Clear()
 .text._ZN17SoftwareResetData8PopulateEtPKm
                0x00009ef8       0xe4 ./src/Hardware/SoftwareReset.o
                0x00009ef8                SoftwareResetData::Populate(unsigned short, unsigned long const*)
 .text._ZNK17SoftwareResetData10PrintPart2ERK9StringRef
                0x00009fdc       0x38 ./src/Hardware/SoftwareReset.o
                0x00009fdc                SoftwareResetData::PrintPart2(StringRef const&) const
 .text._ZN6StringILj256EE4catfEPKcz
                0x0000a014       0x24 ./src/Hardware/SoftwareReset.o
                0x0000a014                String<256u>::catf(char const*, ...)
 .text._ZNK17SoftwareResetData10PrintPart1EjRK9StringRef
                0x0000a038      0x13c ./src/Hardware/SoftwareReset.o
                0x0000a038                SoftwareResetData::PrintPart1(unsigned int, StringRef const&) const
 .text.__tcf_0  0x0000a174       0x1c ./src/GPIO/GpioPorts.o
 .text._ZN9GpioPorts14HandleM950GpioERK17CanMessageGenericRK9StringRef
                0x0000a190      0x150 ./src/GPIO/GpioPorts.o
                0x0000a190                GpioPorts::HandleM950Gpio(CanMessageGeneric const&, StringRef const&)
 .text._ZN9GpioPorts15HandleGpioWriteERK19CanMessageWriteGpioRK9StringRef
                0x0000a2e0       0x40 ./src/GPIO/GpioPorts.o
                0x0000a2e0                GpioPorts::HandleGpioWrite(CanMessageWriteGpio const&, StringRef const&)
 .text.startup._GLOBAL__sub_I__ZN9GpioPorts14HandleM950GpioERK17CanMessageGenericRK9StringRef
                0x0000a320       0x2c ./src/GPIO/GpioPorts.o
 .text._ZN21Duet3DFilamentMonitor9InterruptEv
                0x0000a34c       0x94 ./src/FilamentMonitors/Duet3DFilamentMonitor.o
                0x0000a34c                Duet3DFilamentMonitor::Interrupt()
 .text._ZN21Duet3DFilamentMonitorC2Ejj
                0x0000a3e0       0x4c ./src/FilamentMonitors/Duet3DFilamentMonitor.o
                0x0000a3e0                Duet3DFilamentMonitor::Duet3DFilamentMonitor(unsigned int, unsigned int)
                0x0000a3e0                Duet3DFilamentMonitor::Duet3DFilamentMonitor(unsigned int, unsigned int)
 .text._ZN21Duet3DFilamentMonitor17InitReceiveBufferEv
                0x0000a42c       0x30 ./src/FilamentMonitors/Duet3DFilamentMonitor.o
                0x0000a42c                Duet3DFilamentMonitor::InitReceiveBuffer()
 .text._ZN21Duet3DFilamentMonitor17PollReceiveBufferERt
                0x0000a45c      0x3a8 ./src/FilamentMonitors/Duet3DFilamentMonitor.o
                0x0000a45c                Duet3DFilamentMonitor::PollReceiveBuffer(unsigned short&)
 .text._ZNK21Duet3DFilamentMonitor11IsReceivingEv
                0x0000a804       0x18 ./src/FilamentMonitors/Duet3DFilamentMonitor.o
                0x0000a804                Duet3DFilamentMonitor::IsReceiving() const
 .text._ZNK21Duet3DFilamentMonitor20IsWaitingForStartBitEv
                0x0000a81c       0x10 ./src/FilamentMonitors/Duet3DFilamentMonitor.o
                0x0000a81c                Duet3DFilamentMonitor::IsWaitingForStartBit() const
 .text._ZN15FilamentMonitor7DisableEv
                0x0000a82c        0xc ./src/FilamentMonitors/FilamentMonitor.o
                0x0000a82c                FilamentMonitor::Disable()
 .text._ZN15FilamentMonitor14InterruptEntryE17CallbackParameter
                0x0000a838       0x74 ./src/FilamentMonitors/FilamentMonitor.o
                0x0000a838                FilamentMonitor::InterruptEntry(CallbackParameter)
 .text._ZN15FilamentMonitorC2Ehj
                0x0000a8ac       0x24 ./src/FilamentMonitors/FilamentMonitor.o
                0x0000a8ac                FilamentMonitor::FilamentMonitor(unsigned char, unsigned int)
                0x0000a8ac                FilamentMonitor::FilamentMonitor(unsigned char, unsigned int)
 .text._ZN15FilamentMonitorD2Ev
                0x0000a8d0       0x18 ./src/FilamentMonitors/FilamentMonitor.o
                0x0000a8d0                FilamentMonitor::~FilamentMonitor()
                0x0000a8d0                FilamentMonitor::~FilamentMonitor()
 .text._ZN15FilamentMonitor15CommonConfigureERK23CanMessageGenericParserRK9StringRef13InterruptModeRb
                0x0000a8e8       0x84 ./src/FilamentMonitors/FilamentMonitor.o
                0x0000a8e8                FilamentMonitor::CommonConfigure(CanMessageGenericParser const&, StringRef const&, InterruptMode, bool&)
 .text._ZN15FilamentMonitor6CreateERK31CanMessageCreateFilamentMonitorRK9StringRef
                0x0000a96c       0xd0 ./src/FilamentMonitors/FilamentMonitor.o
                0x0000a96c                FilamentMonitor::Create(CanMessageCreateFilamentMonitor const&, StringRef const&)
 .text._ZN15FilamentMonitor6DeleteERK31CanMessageDeleteFilamentMonitorRK9StringRef
                0x0000aa3c       0x60 ./src/FilamentMonitors/FilamentMonitor.o
                0x0000aa3c                FilamentMonitor::Delete(CanMessageDeleteFilamentMonitor const&, StringRef const&)
 .text._ZN15FilamentMonitor9ConfigureERK17CanMessageGenericRK9StringRef
                0x0000aa9c       0x88 ./src/FilamentMonitors/FilamentMonitor.o
                0x0000aa9c                FilamentMonitor::Configure(CanMessageGeneric const&, StringRef const&)
 .text._ZN15FilamentMonitor4SpinEv
                0x0000ab24      0x1ac ./src/FilamentMonitors/FilamentMonitor.o
                0x0000ab24                FilamentMonitor::Spin()
 .text._ZN15FilamentMonitor14GetDiagnosticsERK9StringRef
                0x0000acd0       0xdc ./src/FilamentMonitors/FilamentMonitor.o
                0x0000acd0                FilamentMonitor::GetDiagnostics(StringRef const&)
 .text.startup._GLOBAL__sub_I__ZN15FilamentMonitor20filamentMonitorsLockE
                0x0000adac       0x10 ./src/FilamentMonitors/FilamentMonitor.o
 .text._ZN20LaserFilamentMonitor11DiagnosticsERK9StringRef
                0x0000adbc       0xc4 ./src/FilamentMonitors/LaserFilamentMonitor.o
                0x0000adbc                LaserFilamentMonitor::Diagnostics(StringRef const&)
 .text._ZN20LaserFilamentMonitorD2Ev
                0x0000ae80       0x14 ./src/FilamentMonitors/LaserFilamentMonitor.o
                0x0000ae80                LaserFilamentMonitor::~LaserFilamentMonitor()
                0x0000ae80                LaserFilamentMonitor::~LaserFilamentMonitor()
 .text._ZN20LaserFilamentMonitorD0Ev
                0x0000ae94       0x20 ./src/FilamentMonitors/LaserFilamentMonitor.o
                0x0000ae94                LaserFilamentMonitor::~LaserFilamentMonitor()
 .text._ZN20LaserFilamentMonitor9ConfigureERK23CanMessageGenericParserRK9StringRef
                0x0000aeb4      0x344 ./src/FilamentMonitors/LaserFilamentMonitor.o
                0x0000aeb4                LaserFilamentMonitor::Configure(CanMessageGenericParser const&, StringRef const&)
 .text._ZN20LaserFilamentMonitorC2Ejj
                0x0000b1f8       0xa8 ./src/FilamentMonitors/LaserFilamentMonitor.o
                0x0000b1f8                LaserFilamentMonitor::LaserFilamentMonitor(unsigned int, unsigned int)
                0x0000b1f8                LaserFilamentMonitor::LaserFilamentMonitor(unsigned int, unsigned int)
 .text._ZN20LaserFilamentMonitor18HandleIncomingDataEv
                0x0000b2a0      0x274 ./src/FilamentMonitors/LaserFilamentMonitor.o
                0x0000b2a0                LaserFilamentMonitor::HandleIncomingData()
 .text._ZN20LaserFilamentMonitor5ClearEv
                0x0000b514       0x7c ./src/FilamentMonitors/LaserFilamentMonitor.o
                0x0000b514                LaserFilamentMonitor::Clear()
 .text._ZN20LaserFilamentMonitor13CheckFilamentEffb
                0x0000b590      0x19c ./src/FilamentMonitors/LaserFilamentMonitor.o
                0x0000b590                LaserFilamentMonitor::CheckFilament(float, float, bool)
 .text._ZN20LaserFilamentMonitor5CheckEbbmf
                0x0000b72c      0x168 ./src/FilamentMonitors/LaserFilamentMonitor.o
                0x0000b72c                LaserFilamentMonitor::Check(bool, bool, unsigned long, float)
 .text._ZN21PulsedFilamentMonitor9ConfigureERK23CanMessageGenericParserRK9StringRef
                0x0000b894      0x214 ./src/FilamentMonitors/PulsedFilamentMonitor.o
                0x0000b894                PulsedFilamentMonitor::Configure(CanMessageGenericParser const&, StringRef const&)
 .text._ZN21PulsedFilamentMonitor9InterruptEv
                0x0000baa8       0x30 ./src/FilamentMonitors/PulsedFilamentMonitor.o
                0x0000baa8                PulsedFilamentMonitor::Interrupt()
 .text._ZN21PulsedFilamentMonitorD2Ev
                0x0000bad8       0x18 ./src/FilamentMonitors/PulsedFilamentMonitor.o
                0x0000bad8                PulsedFilamentMonitor::~PulsedFilamentMonitor()
                0x0000bad8                PulsedFilamentMonitor::~PulsedFilamentMonitor()
 .text._ZN21PulsedFilamentMonitorD0Ev
                0x0000baf0       0x20 ./src/FilamentMonitors/PulsedFilamentMonitor.o
                0x0000baf0                PulsedFilamentMonitor::~PulsedFilamentMonitor()
 .text._ZN21PulsedFilamentMonitor5ClearEv
                0x0000bb10       0x44 ./src/FilamentMonitors/PulsedFilamentMonitor.o
                0x0000bb10                PulsedFilamentMonitor::Clear()
 .text._ZN21PulsedFilamentMonitor11DiagnosticsERK9StringRef
                0x0000bb54       0x98 ./src/FilamentMonitors/PulsedFilamentMonitor.o
                0x0000bb54                PulsedFilamentMonitor::Diagnostics(StringRef const&)
 .text._ZN21PulsedFilamentMonitorC2Ejj
                0x0000bbec       0x58 ./src/FilamentMonitors/PulsedFilamentMonitor.o
                0x0000bbec                PulsedFilamentMonitor::PulsedFilamentMonitor(unsigned int, unsigned int)
                0x0000bbec                PulsedFilamentMonitor::PulsedFilamentMonitor(unsigned int, unsigned int)
 .text._ZN21PulsedFilamentMonitor13CheckFilamentEffb
                0x0000bc44       0xf8 ./src/FilamentMonitors/PulsedFilamentMonitor.o
                0x0000bc44                PulsedFilamentMonitor::CheckFilament(float, float, bool)
 .text._ZN21PulsedFilamentMonitor5CheckEbbmf
                0x0000bd3c      0x154 ./src/FilamentMonitors/PulsedFilamentMonitor.o
                0x0000bd3c                PulsedFilamentMonitor::Check(bool, bool, unsigned long, float)
 .text._ZN29RotatingMagnetFilamentMonitor11DiagnosticsERK9StringRef
                0x0000be90       0x88 ./src/FilamentMonitors/RotatingMagnetFilamentMonitor.o
                0x0000be90                RotatingMagnetFilamentMonitor::Diagnostics(StringRef const&)
 .text._ZN29RotatingMagnetFilamentMonitorD2Ev
                0x0000bf18       0x14 ./src/FilamentMonitors/RotatingMagnetFilamentMonitor.o
                0x0000bf18                RotatingMagnetFilamentMonitor::~RotatingMagnetFilamentMonitor()
                0x0000bf18                RotatingMagnetFilamentMonitor::~RotatingMagnetFilamentMonitor()
 .text._ZN29RotatingMagnetFilamentMonitorD0Ev
                0x0000bf2c       0x20 ./src/FilamentMonitors/RotatingMagnetFilamentMonitor.o
                0x0000bf2c                RotatingMagnetFilamentMonitor::~RotatingMagnetFilamentMonitor()
 .text._ZN29RotatingMagnetFilamentMonitor9ConfigureERK23CanMessageGenericParserRK9StringRef
                0x0000bf4c      0x33c ./src/FilamentMonitors/RotatingMagnetFilamentMonitor.o
                0x0000bf4c                RotatingMagnetFilamentMonitor::Configure(CanMessageGenericParser const&, StringRef const&)
 .text._ZN29RotatingMagnetFilamentMonitorC2Ejj
                0x0000c288       0xa8 ./src/FilamentMonitors/RotatingMagnetFilamentMonitor.o
                0x0000c288                RotatingMagnetFilamentMonitor::RotatingMagnetFilamentMonitor(unsigned int, unsigned int)
                0x0000c288                RotatingMagnetFilamentMonitor::RotatingMagnetFilamentMonitor(unsigned int, unsigned int)
 .text._ZN29RotatingMagnetFilamentMonitor18HandleIncomingDataEv
                0x0000c330      0x26c ./src/FilamentMonitors/RotatingMagnetFilamentMonitor.o
                0x0000c330                RotatingMagnetFilamentMonitor::HandleIncomingData()
 .text._ZN29RotatingMagnetFilamentMonitor5ClearEv
                0x0000c59c       0x74 ./src/FilamentMonitors/RotatingMagnetFilamentMonitor.o
                0x0000c59c                RotatingMagnetFilamentMonitor::Clear()
 .text._ZN29RotatingMagnetFilamentMonitor13CheckFilamentEffb
                0x0000c610      0x1ac ./src/FilamentMonitors/RotatingMagnetFilamentMonitor.o
                0x0000c610                RotatingMagnetFilamentMonitor::CheckFilament(float, float, bool)
 .text._ZN29RotatingMagnetFilamentMonitor5CheckEbbmf
                0x0000c7bc      0x168 ./src/FilamentMonitors/RotatingMagnetFilamentMonitor.o
                0x0000c7bc                RotatingMagnetFilamentMonitor::Check(bool, bool, unsigned long, float)
 .text._ZN21SimpleFilamentMonitor9InterruptEv
                0x0000c924        0xc ./src/FilamentMonitors/SimpleFilamentMonitor.o
                0x0000c924                SimpleFilamentMonitor::Interrupt()
 .text._ZN21SimpleFilamentMonitor5CheckEbbmf
                0x0000c930       0x38 ./src/FilamentMonitors/SimpleFilamentMonitor.o
                0x0000c930                SimpleFilamentMonitor::Check(bool, bool, unsigned long, float)
 .text._ZN21SimpleFilamentMonitor5ClearEv
                0x0000c968       0x38 ./src/FilamentMonitors/SimpleFilamentMonitor.o
                0x0000c968                SimpleFilamentMonitor::Clear()
 .text._ZN21SimpleFilamentMonitor11DiagnosticsERK9StringRef
                0x0000c9a0       0x3c ./src/FilamentMonitors/SimpleFilamentMonitor.o
                0x0000c9a0                SimpleFilamentMonitor::Diagnostics(StringRef const&)
 .text._ZN21SimpleFilamentMonitorD2Ev
                0x0000c9dc       0x18 ./src/FilamentMonitors/SimpleFilamentMonitor.o
                0x0000c9dc                SimpleFilamentMonitor::~SimpleFilamentMonitor()
                0x0000c9dc                SimpleFilamentMonitor::~SimpleFilamentMonitor()
 .text._ZN21SimpleFilamentMonitorD0Ev
                0x0000c9f4       0x20 ./src/FilamentMonitors/SimpleFilamentMonitor.o
                0x0000c9f4                SimpleFilamentMonitor::~SimpleFilamentMonitor()
 .text._ZN21SimpleFilamentMonitor9ConfigureERK23CanMessageGenericParserRK9StringRef
                0x0000ca14       0xec ./src/FilamentMonitors/SimpleFilamentMonitor.o
                0x0000ca14                SimpleFilamentMonitor::Configure(CanMessageGenericParser const&, StringRef const&)
 .text._ZN21SimpleFilamentMonitorC2Ejj
                0x0000cb00       0x28 ./src/FilamentMonitors/SimpleFilamentMonitor.o
                0x0000cb00                SimpleFilamentMonitor::SimpleFilamentMonitor(unsigned int, unsigned int)
                0x0000cb00                SimpleFilamentMonitor::SimpleFilamentMonitor(unsigned int, unsigned int)
 .text._ZN3FanC2Ej
                0x0000cb28       0x3c ./src/Fans/Fan.o
                0x0000cb28                Fan::Fan(unsigned int)
                0x0000cb28                Fan::Fan(unsigned int)
 .text._ZN3Fan9ConfigureERK23CanMessageFanParametersRK9StringRef
                0x0000cb64       0xc0 ./src/Fans/Fan.o
                0x0000cb64                Fan::Configure(CanMessageFanParameters const&, StringRef const&)
 .text._ZN3Fan6SetPwmEf
                0x0000cc24       0x10 ./src/Fans/Fan.o
                0x0000cc24                Fan::SetPwm(float)
 .text._ZN8LocalFan15SetPwmFrequencyEt
                0x0000cc34        0x4 ./src/Fans/FansManager.o
                0x0000cc34                LocalFan::SetPwmFrequency(unsigned short)
 .text._ZN11FansManager9CheckFansEb
                0x0000cc38       0x4c ./src/Fans/FansManager.o
                0x0000cc38                FansManager::CheckFans(bool)
 .text._ZN11FansManager16ConfigureFanPortERK17CanMessageGenericRK9StringRef
                0x0000cc84      0x188 ./src/Fans/FansManager.o
                0x0000cc84                FansManager::ConfigureFanPort(CanMessageGeneric const&, StringRef const&)
 .text._ZN11FansManager12ConfigureFanERK23CanMessageFanParametersRK9StringRef
                0x0000ce0c       0x60 ./src/Fans/FansManager.o
                0x0000ce0c                FansManager::ConfigureFan(CanMessageFanParameters const&, StringRef const&)
 .text._ZN11FansManager11SetFanSpeedERK21CanMessageSetFanSpeedRK9StringRef
                0x0000ce6c       0x70 ./src/Fans/FansManager.o
                0x0000ce6c                FansManager::SetFanSpeed(CanMessageSetFanSpeed const&, StringRef const&)
 .text._ZN11FansManager18PopulateFansReportER20CanMessageFansReport
                0x0000cedc      0x108 ./src/Fans/FansManager.o
                0x0000cedc                FansManager::PopulateFansReport(CanMessageFansReport&)
 .text.startup._GLOBAL__sub_I__ZN11FansManager9CheckFansEb
                0x0000cfe4       0x10 ./src/Fans/FansManager.o
 .text._ZNK8LocalFan9IsEnabledEv
                0x0000cff4       0x10 ./src/Fans/LocalFan.o
                0x0000cff4                LocalFan::IsEnabled() const
 .text._ZN8LocalFan22UpdateFanConfigurationERK9StringRef
                0x0000d004       0x10 ./src/Fans/LocalFan.o
                0x0000d004                LocalFan::UpdateFanConfiguration(StringRef const&)
 .text._ZN8LocalFan5CheckEb
                0x0000d014       0x24 ./src/Fans/LocalFan.o
                0x0000d014                LocalFan::Check(bool)
 .text._ZN8LocalFanD2Ev
                0x0000d038       0x3c ./src/Fans/LocalFan.o
                0x0000d038                LocalFan::~LocalFan()
                0x0000d038                LocalFan::~LocalFan()
 .text._ZNK8LocalFan17ReportPortDetailsERK9StringRef
                0x0000d074       0x40 ./src/Fans/LocalFan.o
                0x0000d074                LocalFan::ReportPortDetails(StringRef const&) const
 .text._ZN8LocalFan6GetRPMEv
                0x0000d0b4       0x4c ./src/Fans/LocalFan.o
                0x0000d0b4                LocalFan::GetRPM()
 .text._Z12FanInterrupt17CallbackParameter
                0x0000d100       0x30 ./src/Fans/LocalFan.o
                0x0000d100                FanInterrupt(CallbackParameter)
 .text._ZN8LocalFan7RefreshEb
                0x0000d130      0x2b0 ./src/Fans/LocalFan.o
                0x0000d130                LocalFan::Refresh(bool)
 .text._ZN8LocalFanD0Ev
                0x0000d3e0       0x44 ./src/Fans/LocalFan.o
                0x0000d3e0                LocalFan::~LocalFan()
 .text._ZN8LocalFanC2Ej
                0x0000d424       0x34 ./src/Fans/LocalFan.o
                0x0000d424                LocalFan::LocalFan(unsigned int)
                0x0000d424                LocalFan::LocalFan(unsigned int)
 .text._ZN8LocalFan11AssignPortsEPKcRK9StringRef
                0x0000d458       0x84 ./src/Fans/LocalFan.o
                0x0000d458                LocalFan::AssignPorts(char const*, StringRef const&)
 .text._ZN6StringILj500EE6printfEPKcz
                0x0000d4dc       0x24 ./src/CommandProcessing/CommandProcessor.o
                0x0000d4dc                String<500u>::printf(char const*, ...)
 .text._ZN16CommandProcessor4SpinEv
                0x0000d500      0xb98 ./src/CommandProcessing/CommandProcessor.o
                0x0000d500                CommandProcessor::Spin()
 .text._ZN4TaskILj100EED2Ev
                0x0000e098        0xc ./src/CAN/CanInterface.o
                0x0000e098                Task<100u>::~Task()
                0x0000e098                Task<100u>::~Task()
 .text._ZN4TaskILj120EED2Ev
                0x0000e0a4        0xc ./src/CAN/CanInterface.o
                0x0000e0a4                Task<120u>::~Task()
                0x0000e0a4                Task<120u>::~Task()
 .text._ZN4TaskILj130EED2Ev
                0x0000e0b0        0xc ./src/CAN/CanInterface.o
                0x0000e0b0                Task<130u>::~Task()
                0x0000e0b0                Task<130u>::~Task()
 .text.CanClockLoop
                0x0000e0bc       0x50 ./src/CAN/CanInterface.o
                0x0000e0bc                CanClockLoop
 .text.CanAsyncSenderLoop
                0x0000e10c       0xb4 ./src/CAN/CanInterface.o
                0x0000e10c                CanAsyncSenderLoop
 .text._ZN12CanInterface4InitEhbb
                0x0000e1c0      0x194 ./src/CAN/CanInterface.o
                0x0000e1c0                CanInterface::Init(unsigned char, bool, bool)
 .text._ZN12CanInterface8ShutdownEv
                0x0000e354       0x34 ./src/CAN/CanInterface.o
                0x0000e354                CanInterface::Shutdown()
 .text._ZN12CanInterface13GetCanAddressEv
                0x0000e388        0xc ./src/CAN/CanInterface.o
                0x0000e388                CanInterface::GetCanAddress()
 .text._ZN12CanInterface23GetCurrentMasterAddressEv
                0x0000e394        0xc ./src/CAN/CanInterface.o
                0x0000e394                CanInterface::GetCurrentMasterAddress()
 .text._ZN12CanInterface4SendEP16CanMessageBuffer
                0x0000e3a0       0x38 ./src/CAN/CanInterface.o
                0x0000e3a0                CanInterface::Send(CanMessageBuffer*)
 .text._ZN12CanInterface11SendAndFreeEP16CanMessageBuffer
                0x0000e3d8       0x40 ./src/CAN/CanInterface.o
                0x0000e3d8                CanInterface::SendAndFree(CanMessageBuffer*)
 .text._ZN12CanInterface10GetCanMoveEm
                0x0000e418       0x10 ./src/CAN/CanInterface.o
                0x0000e418                CanInterface::GetCanMove(unsigned long)
 .text._ZN12CanInterface13GetCanCommandEm
                0x0000e428       0x10 ./src/CAN/CanInterface.o
                0x0000e428                CanInterface::GetCanCommand(unsigned long)
 .text._ZN12CanInterface22ProcessReceivedMessageEP16CanMessageBuffer
                0x0000e438      0x1b4 ./src/CAN/CanInterface.o
                0x0000e438                CanInterface::ProcessReceivedMessage(CanMessageBuffer*)
 .text.CanReceiverLoop
                0x0000e5ec       0x58 ./src/CAN/CanInterface.o
                0x0000e5ec                CanReceiverLoop
 .text._ZN12CanInterface11DiagnosticsERK9StringRef
                0x0000e644      0x10c ./src/CAN/CanInterface.o
                0x0000e644                CanInterface::Diagnostics(StringRef const&)
 .text._ZN12CanInterface12SendAnnounceEP16CanMessageBuffer
                0x0000e750       0xc4 ./src/CAN/CanInterface.o
                0x0000e750                CanInterface::SendAnnounce(CanMessageBuffer*)
 .text._ZN12CanInterface22WakeAsyncSenderFromIsrEv
                0x0000e814       0x10 ./src/CAN/CanInterface.o
                0x0000e814                CanInterface::WakeAsyncSenderFromIsr()
 .text._ZN12CanInterface24ChangeAddressAndDataRateERK35CanMessageSetAddressAndNormalTimingRK9StringRef
                0x0000e824      0x110 ./src/CAN/CanInterface.o
                0x0000e824                CanInterface::ChangeAddressAndDataRate(CanMessageSetAddressAndNormalTiming const&, StringRef const&)
 .text._ZN12CanInterface13GetCanMessageEP16CanMessageBuffer
                0x0000e934       0x18 ./src/CAN/CanInterface.o
                0x0000e934                CanInterface::GetCanMessage(CanMessageBuffer*)
 .text._ZN12CanInterface19GetTimeStampCounterEv
                0x0000e94c       0x10 ./src/CAN/CanInterface.o
                0x0000e94c                CanInterface::GetTimeStampCounter()
 .text._ZN12CanInterface18GetTimeStampPeriodEv
                0x0000e95c       0x10 ./src/CAN/CanInterface.o
                0x0000e95c                CanInterface::GetTimeStampPeriod()
 .text.startup._GLOBAL__sub_I_expectedSeq
                0x0000e96c       0x6c ./src/CAN/CanInterface.o
 .text._ZN15CanMessageQueueC2Ev
                0x0000e9d8        0x8 ./src/CAN/CanMessageQueue.o
                0x0000e9d8                CanMessageQueue::CanMessageQueue()
                0x0000e9d8                CanMessageQueue::CanMessageQueue()
 .text._ZN15CanMessageQueue10AddMessageEP16CanMessageBuffer
                0x0000e9e0       0x34 ./src/CAN/CanMessageQueue.o
                0x0000e9e0                CanMessageQueue::AddMessage(CanMessageBuffer*)
 .text._ZN15CanMessageQueue10GetMessageEm
                0x0000ea14       0x5c ./src/CAN/CanMessageQueue.o
                0x0000ea14                CanMessageQueue::GetMessage(unsigned long)
 .text._ZN18AdcAveragingFilterILj64EE22CallbackFeedIntoFilterE17CallbackParametert
                0x0000ea70       0x38 ./src/Platform.o
                0x0000ea70                AdcAveragingFilter<64u>::CallbackFeedIntoFilter(CallbackParameter, unsigned short)
 .text._ZN18AdcAveragingFilterILj8EE22CallbackFeedIntoFilterE17CallbackParametert
                0x0000eaa8       0x34 ./src/Platform.o
                0x0000eaa8                AdcAveragingFilter<8u>::CallbackFeedIntoFilter(CallbackParameter, unsigned short)
 .text._ZN18AdcAveragingFilterILj16EE22CallbackFeedIntoFilterE17CallbackParametert
                0x0000eadc       0x34 ./src/Platform.o
                0x0000eadc                AdcAveragingFilter<16u>::CallbackFeedIntoFilter(CallbackParameter, unsigned short)
 .text._ZN8Platform8WriteLedEhb
                0x0000eb10       0x18 ./src/Platform.o
                0x0000eb10                Platform::WriteLed(unsigned char, bool)
 .text._ZN8Platform4InitEv
                0x0000eb28      0x3c0 ./src/Platform.o
                0x0000eb28                Platform::Init()
 .text._ZN8Platform11InitMinimalEv
                0x0000eee8       0xf0 ./src/Platform.o
                0x0000eee8                Platform::InitMinimal()
 .text._ZN8Platform11SpinMinimalEv
                0x0000efd8       0x34 ./src/Platform.o
                0x0000efd8                Platform::SpinMinimal()
 .text._ZN8Platform23GetAveragingFilterIndexERK6IoPort
                0x0000f00c        0xc ./src/Platform.o
                0x0000f00c                Platform::GetAveragingFilterIndex(IoPort const&)
 .text._ZN8Platform12GetAdcFilterEj
                0x0000f018       0x10 ./src/Platform.o
                0x0000f018                Platform::GetAdcFilter(unsigned int)
 .text._ZN8Platform18GetMcuTemperaturesERfS0_S0_
                0x0000f028       0x20 ./src/Platform.o
                0x0000f028                Platform::GetMcuTemperatures(float&, float&, float&)
 .text._ZN8Platform20KickHeatTaskWatchdogEv
                0x0000f048        0xc ./src/Platform.o
                0x0000f048                Platform::KickHeatTaskWatchdog()
 .text._ZN8Platform20GetHeatTaskIdleTicksEv
                0x0000f054        0xc ./src/Platform.o
                0x0000f054                Platform::GetHeatTaskIdleTicks()
 .text._ZN8Platform17HandleHeaterFaultEj
                0x0000f060        0x4 ./src/Platform.o
                0x0000f060                Platform::HandleHeaterFault(unsigned int)
 .text._ZN8Platform8LogErrorE9ErrorCode
                0x0000f064       0x10 ./src/Platform.o
                0x0000f064                Platform::LogError(ErrorCode)
 .text._ZN8Platform5DebugE6Module
                0x0000f074        0x4 ./src/Platform.o
                0x0000f074                Platform::Debug(Module)
 .text._ZN8Platform17DriveStepsPerUnitEj
                0x0000f078        0xc ./src/Platform.o
                0x0000f078                Platform::DriveStepsPerUnit(unsigned int)
 .text._ZN8Platform20SetDriveStepsPerUnitEjf
                0x0000f084       0x10 ./src/Platform.o
                0x0000f084                Platform::SetDriveStepsPerUnit(unsigned int, float)
 .text._ZN8Platform33GetSlowDriverStepHighMicrosecondsEv
                0x0000f094       0x1c ./src/Platform.o
                0x0000f094                Platform::GetSlowDriverStepHighMicroseconds()
 .text._ZN8Platform32GetSlowDriverStepLowMicrosecondsEv
                0x0000f0b0       0x34 ./src/Platform.o
                0x0000f0b0                Platform::GetSlowDriverStepLowMicroseconds()
 .text._ZN8Platform33GetSlowDriverDirSetupMicrosecondsEv
                0x0000f0e4       0x1c ./src/Platform.o
                0x0000f0e4                Platform::GetSlowDriverDirSetupMicroseconds()
 .text._ZN8Platform32GetSlowDriverDirHoldMicrosecondsEv
                0x0000f100       0x34 ./src/Platform.o
                0x0000f100                Platform::GetSlowDriverDirHoldMicroseconds()
 .text._ZN8Platform19SetDriverStepTimingEjPKf
                0x0000f134      0x120 ./src/Platform.o
                0x0000f134                Platform::SetDriverStepTiming(unsigned int, float const*)
 .text._ZN8Platform24GetPressureAdvanceClocksEj
                0x0000f254        0xc ./src/Platform.o
                0x0000f254                Platform::GetPressureAdvanceClocks(unsigned int)
 .text._ZN8Platform18SetPressureAdvanceEjf
                0x0000f260       0x1c ./src/Platform.o
                0x0000f260                Platform::SetPressureAdvance(unsigned int, float)
 .text._ZN8Platform17SetDirectionValueEjb
                0x0000f27c       0x10 ./src/Platform.o
                0x0000f27c                Platform::SetDirectionValue(unsigned int, bool)
 .text._ZN8Platform17GetDirectionValueEj
                0x0000f28c       0x14 ./src/Platform.o
                0x0000f28c                Platform::GetDirectionValue(unsigned int)
 .text._ZN8Platform12SetDirectionEb
                0x0000f2a0       0x8c ./src/Platform.o
                0x0000f2a0                Platform::SetDirection(bool)
 .text._ZN8Platform14SetEnableValueEja
                0x0000f32c       0x60 ./src/Platform.o
                0x0000f32c                Platform::SetEnableValue(unsigned int, signed char)
 .text._ZN8Platform14GetEnableValueEj
                0x0000f38c       0x14 ./src/Platform.o
                0x0000f38c                Platform::GetEnableValue(unsigned int)
 .text._ZN8Platform11EnableDriveEj
                0x0000f3a0       0x2c ./src/Platform.o
                0x0000f3a0                Platform::EnableDrive(unsigned int)
 .text._ZN8Platform12DisableDriveEj
                0x0000f3cc       0x2c ./src/Platform.o
                0x0000f3cc                Platform::DisableDrive(unsigned int)
 .text._ZN8PlatformL11ShutdownAllEv
                0x0000f3f8       0x24 ./src/Platform.o
 .text._ZN8Platform4SpinEv
                0x0000f41c      0x2f4 ./src/Platform.o
                0x0000f41c                Platform::Spin()
 .text._ZN8Platform13SetDriverIdleEjh
                0x0000f710       0x34 ./src/Platform.o
                0x0000f710                Platform::SetDriverIdle(unsigned int, unsigned char)
 .text._ZN8Platform14AppendUniqueIdERK9StringRef
                0x0000f744       0xbc ./src/Platform.o
                0x0000f744                Platform::AppendUniqueId(StringRef const&)
 .text._ZN8Platform4TickEv
                0x0000f800       0x10 ./src/Platform.o
                0x0000f800                Platform::Tick()
 .text._ZN8Platform19StartFirmwareUpdateEv
                0x0000f810       0x1c ./src/Platform.o
                0x0000f810                Platform::StartFirmwareUpdate()
 .text._ZN8Platform21StartBootloaderUpdateEv
                0x0000f82c       0x1c ./src/Platform.o
                0x0000f82c                Platform::StartBootloaderUpdate()
 .text._ZN8Platform10StartResetEv
                0x0000f848       0x1c ./src/Platform.o
                0x0000f848                Platform::StartReset()
 .text._ZN8Platform13EmergencyStopEv
                0x0000f864       0x1c ./src/Platform.o
                0x0000f864                Platform::EmergencyStop()
 .text._ZN8Platform22OnProcessingCanMessageEv
                0x0000f880       0x18 ./src/Platform.o
                0x0000f880                Platform::OnProcessingCanMessage()
 .text._ZN8Platform16DoDiagnosticTestERK24CanMessageDiagnosticTestRK9StringRef
                0x0000f898      0x3b0 ./src/Platform.o
                0x0000f898                Platform::DoDiagnosticTest(CanMessageDiagnosticTest const&, StringRef const&)
 .text._ZN8Platform11GetDateTimeEv
                0x0000fc48        0xc ./src/Platform.o
                0x0000fc48                Platform::GetDateTime()
 .text._ZN8Platform11SetDateTimeEm
                0x0000fc54        0xc ./src/Platform.o
                0x0000fc54                Platform::SetDateTime(unsigned long)
 .text._ZN8Platform18WasDeliberateErrorEv
                0x0000fc60        0xc ./src/Platform.o
                0x0000fc60                Platform::WasDeliberateError()
 .text._ZN8Platform16GetMinVinVoltageEv
                0x0000fc6c       0x1c ./src/Platform.o
                0x0000fc6c                Platform::GetMinVinVoltage()
 .text._ZN8Platform20GetCurrentVinVoltageEv
                0x0000fc88       0x1c ./src/Platform.o
                0x0000fc88                Platform::GetCurrentVinVoltage()
 .text._ZN8Platform16GetMaxVinVoltageEv
                0x0000fca4       0x1c ./src/Platform.o
                0x0000fca4                Platform::GetMaxVinVoltage()
 .text.startup._GLOBAL__sub_I__ZN8Platform8uniqueIdE
                0x0000fcc0       0x88 ./src/Platform.o
 .text.debugPrintf
                0x0000fd48        0x8 ./src/RepRapFirmware.o
                0x0000fd48                debugPrintf
 .text._Z20AppGetPinDescriptionh
                0x0000fd50       0x1c ./src/RepRapFirmware.o
                0x0000fd50                AppGetPinDescription(unsigned char)
 .text.MainTask
                0x0000fd6c       0x38 ./src/Tasks.o
                0x0000fd6c                MainTask
 .text._ZN4TaskILj50EED2Ev
                0x0000fda4        0xc ./src/Tasks.o
                0x0000fda4                Task<50u>::~Task()
                0x0000fda4                Task<50u>::~Task()
 .text._ZN4TaskILj850EED2Ev
                0x0000fdb0        0xc ./src/Tasks.o
                0x0000fdb0                Task<850u>::~Task()
                0x0000fdb0                Task<850u>::~Task()
 .text.UpdateBootloaderTask
                0x0000fdbc      0x444 ./src/Tasks.o
                0x0000fdbc                UpdateBootloaderTask
 .text._sbrk    0x00010200       0x24 ./src/Tasks.o
                0x00010200                _sbrk
 .text._exit    0x00010224        0x4 ./src/Tasks.o
                0x00010224                _exit
 .text._kill    0x00010228        0x4 ./src/Tasks.o
                0x00010228                _kill
 .text._getpid  0x0001022c        0x8 ./src/Tasks.o
                0x0001022c                _getpid
 .text.vApplicationGetIdleTaskMemory
                0x00010234       0x14 ./src/Tasks.o
                0x00010234                vApplicationGetIdleTaskMemory
 .text.__malloc_lock
                0x00010248       0x1c ./src/Tasks.o
                0x00010248                __malloc_lock
 .text.__malloc_unlock
                0x00010264       0x18 ./src/Tasks.o
                0x00010264                __malloc_unlock
 .text._ZN5Tasks12GetNVMBufferEPKm
                0x0001027c       0x20 ./src/Tasks.o
                0x0001027c                Tasks::GetNVMBuffer(unsigned long const*)
 .text._Z7AppMainv
                0x0001029c      0x164 ./src/Tasks.o
                0x0001029c                AppMain()
 .text._ZN5Tasks15GetNeverUsedRamEv
                0x00010400       0x14 ./src/Tasks.o
                0x00010400                Tasks::GetNeverUsedRam()
 .text.TaskResetRunTimeCounter
                0x00010414       0x24 ./src/Tasks.o
                0x00010414                TaskResetRunTimeCounter
 .text._ZN5Tasks11DiagnosticsERK9StringRef
                0x00010438      0x240 ./src/Tasks.o
                0x00010438                Tasks::Diagnostics(StringRef const&)
 .text._ZN5Tasks14AllocPermanentEjSt11align_val_t
                0x00010678       0x54 ./src/Tasks.o
                0x00010678                Tasks::AllocPermanent(unsigned int, std::align_val_t)
 .text.vApplicationTickHook
                0x000106cc       0x1c ./src/Tasks.o
                0x000106cc                vApplicationTickHook
 .text._ZN5Tasks8DoDivideEmm
                0x000106e8        0x8 ./src/Tasks.o
                0x000106e8                Tasks::DoDivide(unsigned long, unsigned long)
 .text._ZN5Tasks12DoMemoryReadEPKm
                0x000106f0        0x4 ./src/Tasks.o
                0x000106f0                Tasks::DoMemoryRead(unsigned long const*)
 .text._Z18MessageBufferAllocjSt11align_val_t
                0x000106f4       0x54 ./src/Tasks.o
                0x000106f4                MessageBufferAlloc(unsigned int, std::align_val_t)
 .text.startup._GLOBAL__sub_I_errno
                0x00010748       0x44 ./src/Tasks.o
 .text._user_row_write_exec
                0x0001078c       0xd4 C:\Eclipse\Firmware\CoreN2G\SAMC21_CAN_RTOS\libCoreN2G.a(hpl_nvmctrl.o)
 .text._flash_init
                0x00010860       0x34 C:\Eclipse\Firmware\CoreN2G\SAMC21_CAN_RTOS\libCoreN2G.a(hpl_nvmctrl.o)
                0x00010860                _flash_init
 .text._flash_get_page_size
                0x00010894        0x4 C:\Eclipse\Firmware\CoreN2G\SAMC21_CAN_RTOS\libCoreN2G.a(hpl_nvmctrl.o)
                0x00010894                _flash_get_page_size
 .text._flash_get_total_pages
                0x00010898        0x8 C:\Eclipse\Firmware\CoreN2G\SAMC21_CAN_RTOS\libCoreN2G.a(hpl_nvmctrl.o)
                0x00010898                _flash_get_total_pages
 .text._flash_write
                0x000108a0      0x260 C:\Eclipse\Firmware\CoreN2G\SAMC21_CAN_RTOS\libCoreN2G.a(hpl_nvmctrl.o)
                0x000108a0                _flash_write
 .text._flash_append
                0x00010b00      0x134 C:\Eclipse\Firmware\CoreN2G\SAMC21_CAN_RTOS\libCoreN2G.a(hpl_nvmctrl.o)
                0x00010b00                _flash_append
 .text._flash_erase
                0x00010c34       0xb8 C:\Eclipse\Firmware\CoreN2G\SAMC21_CAN_RTOS\libCoreN2G.a(hpl_nvmctrl.o)
                0x00010c34                _flash_erase
 .text._flash_lock
                0x00010cec       0x3c C:\Eclipse\Firmware\CoreN2G\SAMC21_CAN_RTOS\libCoreN2G.a(hpl_nvmctrl.o)
                0x00010cec                _flash_lock
 .text._flash_unlock
                0x00010d28       0x3c C:\Eclipse\Firmware\CoreN2G\SAMC21_CAN_RTOS\libCoreN2G.a(hpl_nvmctrl.o)
                0x00010d28                _flash_unlock
 .text._flash_is_locked
                0x00010d64       0x18 C:\Eclipse\Firmware\CoreN2G\SAMC21_CAN_RTOS\libCoreN2G.a(hpl_nvmctrl.o)
                0x00010d64                _flash_is_locked
 .text.NVMCTRL_Handler
                0x00010d7c       0x34 C:\Eclipse\Firmware\CoreN2G\SAMC21_CAN_RTOS\libCoreN2G.a(hpl_nvmctrl.o)
                0x00010d7c                NVMCTRL_Handler
 .text._user_area_write
                0x00010db0       0x44 C:\Eclipse\Firmware\CoreN2G\SAMC21_CAN_RTOS\libCoreN2G.a(hpl_nvmctrl.o)
                0x00010db0                _user_area_write
 .text.hpl_RwwErase
                0x00010df4       0x40 C:\Eclipse\Firmware\CoreN2G\SAMC21_CAN_RTOS\libCoreN2G.a(hpl_nvmctrl.o)
                0x00010df4                hpl_RwwErase
 .text.hpl_RwwWrite
                0x00010e34       0xb8 C:\Eclipse\Firmware\CoreN2G\SAMC21_CAN_RTOS\libCoreN2G.a(hpl_nvmctrl.o)
                0x00010e34                hpl_RwwWrite
 .text._div_init
                0x00010eec       0x10 C:\Eclipse\Firmware\CoreN2G\SAMC21_CAN_RTOS\libCoreN2G.a(hpl_divas.o)
                0x00010eec                _div_init
 .text.__aeabi_idiv
                0x00010efc       0x30 C:\Eclipse\Firmware\CoreN2G\SAMC21_CAN_RTOS\libCoreN2G.a(hpl_divas.o)
                0x00010efc                __aeabi_idiv
 .text.__aeabi_uidiv
                0x00010f2c       0x30 C:\Eclipse\Firmware\CoreN2G\SAMC21_CAN_RTOS\libCoreN2G.a(hpl_divas.o)
                0x00010f2c                __aeabi_uidiv
 .text.__aeabi_idivmod
                0x00010f5c       0x38 C:\Eclipse\Firmware\CoreN2G\SAMC21_CAN_RTOS\libCoreN2G.a(hpl_divas.o)
                0x00010f5c                __aeabi_idivmod
 .text.__aeabi_uidivmod
                0x00010f94       0x38 C:\Eclipse\Firmware\CoreN2G\SAMC21_CAN_RTOS\libCoreN2G.a(hpl_divas.o)
                0x00010f94                __aeabi_uidivmod
 .text._ZN8AdcClass16ExecuteCallbacksEv
                0x00010fcc       0x90 C:\Eclipse\Firmware\CoreN2G\SAMC21_CAN_RTOS\libCoreN2G.a(AnalogIn.o)
                0x00010fcc                AdcClass::ExecuteCallbacks()
 .text._ZN10SdAdcClass16ExecuteCallbacksEv
                0x0001105c       0x9c C:\Eclipse\Firmware\CoreN2G\SAMC21_CAN_RTOS\libCoreN2G.a(AnalogIn.o)
                0x0001105c                SdAdcClass::ExecuteCallbacks()
 .text._ZN7AdcBase19DmaCompleteCallbackE17CallbackParameter17DmaCallbackReason
                0x000110f8       0x30 C:\Eclipse\Firmware\CoreN2G\SAMC21_CAN_RTOS\libCoreN2G.a(AnalogIn.o)
                0x000110f8                AdcBase::DmaCompleteCallback(CallbackParameter, DmaCallbackReason)
 .text._ZN8AdcClass6ReInitEv
                0x00011128      0x148 C:\Eclipse\Firmware\CoreN2G\SAMC21_CAN_RTOS\libCoreN2G.a(AnalogIn.o)
                0x00011128                AdcClass::ReInit()
 .text._ZN8AdcClass21InternalEnableChannelEjPDoFv17CallbackParametertES0_m
                0x00011270       0x80 C:\Eclipse\Firmware\CoreN2G\SAMC21_CAN_RTOS\libCoreN2G.a(AnalogIn.o)
                0x00011270                AdcClass::InternalEnableChannel(unsigned int, void (*)(CallbackParameter, unsigned short) noexcept, CallbackParameter, unsigned long)
 .text._ZN8AdcClass15StartConversionEv
                0x000112f0       0x90 C:\Eclipse\Firmware\CoreN2G\SAMC21_CAN_RTOS\libCoreN2G.a(AnalogIn.o)
                0x000112f0                AdcClass::StartConversion()
 .text._ZN10SdAdcClass6ReInitEv
                0x00011380       0xfc C:\Eclipse\Firmware\CoreN2G\SAMC21_CAN_RTOS\libCoreN2G.a(AnalogIn.o)
                0x00011380                SdAdcClass::ReInit()
 .text._ZN10SdAdcClass15StartConversionEv
                0x0001147c       0x90 C:\Eclipse\Firmware\CoreN2G\SAMC21_CAN_RTOS\libCoreN2G.a(AnalogIn.o)
                0x0001147c                SdAdcClass::StartConversion()
 .text._ZN10SdAdcClass21InternalEnableChannelEjPDoFv17CallbackParametertES0_m
                0x0001150c       0x80 C:\Eclipse\Firmware\CoreN2G\SAMC21_CAN_RTOS\libCoreN2G.a(AnalogIn.o)
                0x0001150c                SdAdcClass::InternalEnableChannel(unsigned int, void (*)(CallbackParameter, unsigned short) noexcept, CallbackParameter, unsigned long)
 .text.TaskLoop
                0x0001158c       0xec C:\Eclipse\Firmware\CoreN2G\SAMC21_CAN_RTOS\libCoreN2G.a(AnalogIn.o)
                0x0001158c                TaskLoop
 .text._ZN8AnalogIn4InitEhh
                0x00011678      0x168 C:\Eclipse\Firmware\CoreN2G\SAMC21_CAN_RTOS\libCoreN2G.a(AnalogIn.o)
                0x00011678                AnalogIn::Init(unsigned char, unsigned char)
 .text._ZN8AnalogIn13EnableChannelE8AdcInputPDoFv17CallbackParametertES1_mb
                0x000117e0       0x3c C:\Eclipse\Firmware\CoreN2G\SAMC21_CAN_RTOS\libCoreN2G.a(AnalogIn.o)
                0x000117e0                AnalogIn::EnableChannel(AdcInput, void (*)(CallbackParameter, unsigned short) noexcept, CallbackParameter, unsigned long, bool)
 .text._ZN8AnalogIn11SetCallbackE8AdcInputPDoFv17CallbackParametertES1_mb
                0x0001181c       0x48 C:\Eclipse\Firmware\CoreN2G\SAMC21_CAN_RTOS\libCoreN2G.a(AnalogIn.o)
                0x0001181c                AnalogIn::SetCallback(AdcInput, void (*)(CallbackParameter, unsigned short) noexcept, CallbackParameter, unsigned long, bool)
 .text._ZN8AnalogIn16IsChannelEnabledE8AdcInputb
                0x00011864       0x24 C:\Eclipse\Firmware\CoreN2G\SAMC21_CAN_RTOS\libCoreN2G.a(AnalogIn.o)
                0x00011864                AnalogIn::IsChannelEnabled(AdcInput, bool)
 .text._ZN8AnalogIn14DisableChannelE8AdcInputb
                0x00011888        0x4 C:\Eclipse\Firmware\CoreN2G\SAMC21_CAN_RTOS\libCoreN2G.a(AnalogIn.o)
                0x00011888                AnalogIn::DisableChannel(AdcInput, bool)
 .text._ZN8AnalogIn11ReadChannelE8AdcInput
                0x0001188c       0x24 C:\Eclipse\Firmware\CoreN2G\SAMC21_CAN_RTOS\libCoreN2G.a(AnalogIn.o)
                0x0001188c                AnalogIn::ReadChannel(AdcInput)
 .text._ZN8AnalogIn23EnableTemperatureSensorEPDoFv17CallbackParametertES0_m
                0x000118b0       0x9c C:\Eclipse\Firmware\CoreN2G\SAMC21_CAN_RTOS\libCoreN2G.a(AnalogIn.o)
                0x000118b0                AnalogIn::EnableTemperatureSensor(void (*)(CallbackParameter, unsigned short) noexcept, CallbackParameter, unsigned long)
 .text._ZN8AnalogIn12GetDebugInfoERmS0_S0_S0_
                0x0001194c       0x2c C:\Eclipse\Firmware\CoreN2G\SAMC21_CAN_RTOS\libCoreN2G.a(AnalogIn.o)
                0x0001194c                AnalogIn::GetDebugInfo(unsigned long&, unsigned long&, unsigned long&, unsigned long&)
 .text.startup._GLOBAL__sub_I__ZN7AdcBaseC2Ehh13DmaTrigSource
                0x00011978        0xc C:\Eclipse\Firmware\CoreN2G\SAMC21_CAN_RTOS\libCoreN2G.a(AnalogIn.o)
 .text.Reset_Handler
                0x00011984      0x2c4 C:\Eclipse\Firmware\CoreN2G\SAMC21_CAN_RTOS\libCoreN2G.a(Startup.o)
                0x00011984                Reset_Handler
 .text.Dummy_Handler
                0x00011c48        0x4 C:\Eclipse\Firmware\CoreN2G\SAMC21_CAN_RTOS\libCoreN2G.a(Vectors.o)
                0x00011c48                SVCall_Handler
                0x00011c48                AC_Handler
                0x00011c48                SERCOM1_Handler
                0x00011c48                NonMaskableInt_Handler
                0x00011c48                TCC1_Handler
                0x00011c48                SERCOM2_Handler
                0x00011c48                TCC0_Handler
                0x00011c48                RTC_Handler
                0x00011c48                ADC1_Handler
                0x00011c48                TC4_Handler
                0x00011c48                TC1_Handler
                0x00011c48                TC3_Handler
                0x00011c48                SDADC_Handler
                0x00011c48                Dummy_Handler
                0x00011c48                SERCOM5_Handler
                0x00011c48                ADC0_Handler
                0x00011c48                TSENS_Handler
                0x00011c48                TCC2_Handler
                0x00011c48                EVSYS_Handler
                0x00011c48                SERCOM3_Handler
                0x00011c48                SYSTEM_Handler
                0x00011c48                SERCOM0_Handler
                0x00011c48                DAC_Handler
                0x00011c48                PTC_Handler
                0x00011c48                FREQM_Handler
                0x00011c48                TC0_Handler
 .text._ZN9AnalogOut4InitEv
                0x00011c4c        0x4 C:\Eclipse\Firmware\CoreN2G\SAMC21_CAN_RTOS\libCoreN2G.a(AnalogOut.o)
                0x00011c4c                AnalogOut::Init()
 .text._ZN9AnalogOut5WriteEhft
                0x00011c50      0x50c C:\Eclipse\Firmware\CoreN2G\SAMC21_CAN_RTOS\libCoreN2G.a(AnalogOut.o)
                0x00011c50                AnalogOut::Write(unsigned char, float, unsigned short)
 .text._ZN11AsyncSerial4readEv
                0x0001215c       0x20 C:\Eclipse\Firmware\CoreN2G\SAMC21_CAN_RTOS\libCoreN2G.a(AsyncSerial.o)
                0x0001215c                AsyncSerial::read()
 .text._ZN11AsyncSerial9availableEv
                0x0001217c        0xc C:\Eclipse\Firmware\CoreN2G\SAMC21_CAN_RTOS\libCoreN2G.a(AsyncSerial.o)
                0x0001217c                AsyncSerial::available()
 .text._ZN11AsyncSerial8canWriteEv
                0x00012188       0x10 C:\Eclipse\Firmware\CoreN2G\SAMC21_CAN_RTOS\libCoreN2G.a(AsyncSerial.o)
                0x00012188                AsyncSerial::canWrite()
 .text._ZN11AsyncSerial5writeEPKhj
                0x00012198       0xbc C:\Eclipse\Firmware\CoreN2G\SAMC21_CAN_RTOS\libCoreN2G.a(AsyncSerial.o)
                0x00012198                AsyncSerial::write(unsigned char const*, unsigned int)
 .text._ZN11AsyncSerial5flushEv
                0x00012254       0x24 C:\Eclipse\Firmware\CoreN2G\SAMC21_CAN_RTOS\libCoreN2G.a(AsyncSerial.o)
                0x00012254                AsyncSerial::flush()
 .text._ZN11AsyncSerial5writeEh